Component: ARM Compiler 5.06 update 7 (build 960) Tool: armlink [4d3601]

==============================================================================

Section Cross References

    system_stm32f4xx.o(i.SystemCoreClockUpdate) refers to system_stm32f4xx.o(.data) for SystemCoreClock
    system_stm32f4xx.o(i.SystemInit) refers to system_stm32f4xx.o(i.SetSysClock) for SetSysClock
    main.o(i.BSP_INIT) refers to misc.o(i.NVIC_PriorityGroupConfig) for NVIC_PriorityGroupConfig
    main.o(i.BSP_INIT) refers to delay.o(i.delay_init) for delay_init
    main.o(i.BSP_INIT) refers to tk_fsm.o(i.RobotStateInit) for RobotStateInit
    main.o(i.BSP_INIT) refers to usart.o(i.usart1_init) for usart1_init
    main.o(i.BSP_INIT) refers to bsp_air.o(i.bsp_Air_Init) for bsp_Air_Init
    main.o(i.BSP_INIT) refers to bsp_ads1115.o(i.bsp_ADS1115_Init) for bsp_ADS1115_Init
    main.o(i.BSP_INIT) refers to md_s_curve.o(i.bsp_ALL_GPIO_Init) for bsp_ALL_GPIO_Init
    main.o(i.BSP_INIT) refers to md_s_curve.o(i.bsp_XY_TIM3_Config) for bsp_XY_TIM3_Config
    main.o(i.BSP_INIT) refers to md_s_curve.o(i.z_init) for z_init
    main.o(i.BSP_INIT) refers to md_s_curve.o(i.r_init) for r_init
    main.o(i.BSP_INIT) refers to bsp_oled.o(i.bsp_I2C_OLED_Init) for bsp_I2C_OLED_Init
    main.o(i.BSP_INIT) refers to bsp_oled.o(i.bsp_OLED_Init) for bsp_OLED_Init
    main.o(i.main) refers to main.o(i.BSP_INIT) for BSP_INIT
    main.o(i.main) refers to tasks.o(i.xTaskCreate) for xTaskCreate
    main.o(i.main) refers to tasks.o(i.vTaskStartScheduler) for vTaskStartScheduler
    main.o(i.main) refers to main.o(.data) for startTaskHandle
    main.o(i.main) refers to main.o(i.startTask) for startTask
    main.o(i.startTask) refers to port.o(i.vPortEnterCritical) for vPortEnterCritical
    main.o(i.startTask) refers to tasks.o(i.xTaskCreate) for xTaskCreate
    main.o(i.startTask) refers to tasks.o(i.vTaskDelete) for vTaskDelete
    main.o(i.startTask) refers to port.o(i.vPortExitCritical) for vPortExitCritical
    main.o(i.startTask) refers to tk_fsm.o(i.FSM) for FSM
    main.o(i.startTask) refers to main.o(.data) for Information_Handle
    main.o(i.startTask) refers to tk_information.o(i.Information) for Information
    startup_stm32f40_41xxx.o(STACK) refers (Special) to heapauxi.o(.text) for __use_two_region_memory
    startup_stm32f40_41xxx.o(HEAP) refers (Special) to heapauxi.o(.text) for __use_two_region_memory
    startup_stm32f40_41xxx.o(RESET) refers (Special) to heapauxi.o(.text) for __use_two_region_memory
    startup_stm32f40_41xxx.o(RESET) refers to startup_stm32f40_41xxx.o(STACK) for __initial_sp
    startup_stm32f40_41xxx.o(RESET) refers to startup_stm32f40_41xxx.o(.text) for Reset_Handler
    startup_stm32f40_41xxx.o(RESET) refers to stm32f4xx_it.o(i.NMI_Handler) for NMI_Handler
    startup_stm32f40_41xxx.o(RESET) refers to stm32f4xx_it.o(i.HardFault_Handler) for HardFault_Handler
    startup_stm32f40_41xxx.o(RESET) refers to stm32f4xx_it.o(i.MemManage_Handler) for MemManage_Handler
    startup_stm32f40_41xxx.o(RESET) refers to stm32f4xx_it.o(i.BusFault_Handler) for BusFault_Handler
    startup_stm32f40_41xxx.o(RESET) refers to stm32f4xx_it.o(i.UsageFault_Handler) for UsageFault_Handler
    startup_stm32f40_41xxx.o(RESET) refers to port.o(.emb_text) for SVC_Handler
    startup_stm32f40_41xxx.o(RESET) refers to stm32f4xx_it.o(i.DebugMon_Handler) for DebugMon_Handler
    startup_stm32f40_41xxx.o(RESET) refers to delay.o(i.SysTick_Handler) for SysTick_Handler
    startup_stm32f40_41xxx.o(RESET) refers to bsp_air.o(i.TIM1_CC_IRQHandler) for TIM1_CC_IRQHandler
    startup_stm32f40_41xxx.o(RESET) refers to md_s_curve.o(i.TIM2_IRQHandler) for TIM2_IRQHandler
    startup_stm32f40_41xxx.o(RESET) refers to md_s_curve.o(i.TIM3_IRQHandler) for TIM3_IRQHandler
    startup_stm32f40_41xxx.o(RESET) refers to bsp_air.o(i.TIM4_IRQHandler) for TIM4_IRQHandler
    startup_stm32f40_41xxx.o(RESET) refers to usart.o(i.USART1_IRQHandler) for USART1_IRQHandler
    startup_stm32f40_41xxx.o(RESET) refers to md_s_curve.o(i.TIM5_IRQHandler) for TIM5_IRQHandler
    startup_stm32f40_41xxx.o(RESET) refers to usart.o(i.USART6_IRQHandler) for USART6_IRQHandler
    startup_stm32f40_41xxx.o(.text) refers (Special) to heapauxi.o(.text) for __use_two_region_memory
    startup_stm32f40_41xxx.o(.text) refers to system_stm32f4xx.o(i.SystemInit) for SystemInit
    startup_stm32f40_41xxx.o(.text) refers to __main.o(!!!main) for __main
    startup_stm32f40_41xxx.o(.text) refers to startup_stm32f40_41xxx.o(HEAP) for Heap_Mem
    startup_stm32f40_41xxx.o(.text) refers to startup_stm32f40_41xxx.o(STACK) for Stack_Mem
    delay.o(i.SysTick_Handler) refers to tasks.o(i.xTaskGetSchedulerState) for xTaskGetSchedulerState
    delay.o(i.SysTick_Handler) refers to port.o(i.xPortSysTickHandler) for xPortSysTickHandler
    delay.o(i.SysTick_Handler) refers to delay.o(.data) for sysTickCnt
    delay.o(i.delay_init) refers to misc.o(i.SysTick_CLKSourceConfig) for SysTick_CLKSourceConfig
[...]
    __rt_lib_init                            0x08000253   Thumb Code     0  libinit.o(.ARM.Collect$$libinit$$00000000)
    __rt_lib_init_fp_1                       0x08000255   Thumb Code     0  libinit2.o(.ARM.Collect$$libinit$$00000001)
    __rt_lib_init_heap_1                     0x08000259   Thumb Code     0  libinit2.o(.ARM.Collect$$libinit$$0000000A)
    __rt_lib_init_lc_common                  0x08000259   Thumb Code     0  libinit2.o(.ARM.Collect$$libinit$$0000000F)
    __rt_lib_init_preinit_1                  0x08000259   Thumb Code     0  libinit2.o(.ARM.Collect$$libinit$$00000004)
    __rt_lib_init_rand_1                     0x08000259   Thumb Code     0  libinit2.o(.ARM.Collect$$libinit$$0000000E)
    __rt_lib_init_user_alloc_1               0x08000259   Thumb Code     0  libinit2.o(.ARM.Collect$$libinit$$0000000C)
    __rt_lib_init_lc_collate_1               0x0800025f   Thumb Code     0  libinit2.o(.ARM.Collect$$libinit$$00000011)
    __rt_lib_init_lc_ctype_1                 0x0800025f   Thumb Code     0  libinit2.o(.ARM.Collect$$libinit$$00000013)
    __rt_lib_init_lc_monetary_1              0x0800025f   Thumb Code     0  libinit2.o(.ARM.Collect$$libinit$$00000015)
    __rt_lib_init_lc_numeric_2               0x0800025f   Thumb Code     0  libinit2.o(.ARM.Collect$$libinit$$00000016)
    __rt_lib_init_alloca_1                   0x08000269   Thumb Code     0  libinit2.o(.ARM.Collect$$libinit$$0000002E)
    __rt_lib_init_argv_1                     0x08000269   Thumb Code     0  libinit2.o(.ARM.Collect$$libinit$$0000002C)
    __rt_lib_init_atexit_1                   0x08000269   Thumb Code     0  libinit2.o(.ARM.Collect$$libinit$$0000001B)
    __rt_lib_init_clock_1                    0x08000269   Thumb Code     0  libinit2.o(.ARM.Collect$$libinit$$00000021)
    __rt_lib_init_cpp_1                      0x08000269   Thumb Code     0  libinit2.o(.ARM.Collect$$libinit$$00000032)
    __rt_lib_init_exceptions_1               0x08000269   Thumb Code     0  libinit2.o(.ARM.Collect$$libinit$$00000030)
    __rt_lib_init_fp_trap_1                  0x08000269   Thumb Code     0  libinit2.o(.ARM.Collect$$libinit$$0000001F)
    __rt_lib_init_getenv_1                   0x08000269   Thumb Code     0  libinit2.o(.ARM.Collect$$libinit$$00000023)
    __rt_lib_init_lc_numeric_1               0x08000269   Thumb Code     0  libinit2.o(.ARM.Collect$$libinit$$00000017)
    __rt_lib_init_lc_time_1                  0x08000269   Thumb Code     0  libinit2.o(.ARM.Collect$$libinit$$00000019)
    __rt_lib_init_return                     0x08000269   Thumb Code     0  libinit2.o(.ARM.Collect$$libinit$$00000033)
    __rt_lib_init_signal_1                   0x08000269   Thumb Code     0  libinit2.o(.ARM.Collect$$libinit$$0000001D)
    __rt_lib_init_stdio_1                    0x08000269   Thumb Code     0  libinit2.o(.ARM.Collect$$libinit$$00000025)
    __rt_lib_shutdown                        0x0800026b   Thumb Code     0  libshutdown.o(.ARM.Collect$$libshutdown$$00000000)
    __rt_lib_shutdown_cpp_1                  0x0800026d   Thumb Code     0  libshutdown2.o(.ARM.Collect$$libshutdown$$00000004)
    __rt_lib_shutdown_fini_1                 0x0800026d   Thumb Code     0  libshutdown2.o(.ARM.Collect$$libshutdown$$00000002)
    __rt_lib_shutdown_fp_trap_1              0x0800026d   Thumb Code     0  libshutdown2.o(.ARM.Collect$$libshutdown$$00000009)
    __rt_lib_shutdown_heap_1                 0x0800026d   Thumb Code     0  libshutdown2.o(.ARM.Collect$$libshutdown$$00000011)
    __rt_lib_shutdown_return                 0x0800026d   Thumb Code     0  libshutdown2.o(.ARM.Collect$$libshutdown$$00000012)
    __rt_lib_shutdown_signal_1               0x0800026d   Thumb Code     0  libshutdown2.o(.ARM.Collect$$libshutdown$$0000000C)
    __rt_lib_shutdown_stdio_1                0x0800026d   Thumb Code     0  libshutdown2.o(.ARM.Collect$$libshutdown$$00000006)
    __rt_lib_shutdown_user_alloc_1           0x0800026d   Thumb Code     0  libshutdown2.o(.ARM.Collect$$libshutdown$$0000000E)
    __rt_entry                               0x0800026f   Thumb Code     0  __rtentry.o(.ARM.Collect$$rtentry$$00000000)
    __rt_entry_presh_1                       0x0800026f   Thumb Code     0  __rtentry2.o(.ARM.Collect$$rtentry$$00000002)
    __rt_entry_sh                            0x0800026f   Thumb Code     0  __rtentry4.o(.ARM.Collect$$rtentry$$00000004)
    __rt_entry_li                            0x08000275   Thumb Code     0  __rtentry2.o(.ARM.Collect$$rtentry$$0000000A)
    __rt_entry_postsh_1                      0x08000275   Thumb Code     0  __rtentry2.o(.ARM.Collect$$rtentry$$00000009)
    __rt_entry_main                          0x08000279   Thumb Code     0  __rtentry2.o(.ARM.Collect$$rtentry$$0000000D)
    __rt_entry_postli_1                      0x08000279   Thumb Code     0  __rtentry2.o(.ARM.Collect$$rtentry$$0000000C)
    __rt_exit                                0x08000281   Thumb Code     0  rtexit.o(.ARM.Collect$$rtexit$$00000000)
    __rt_exit_ls                             0x08000283   Thumb Code     0  rtexit2.o(.ARM.Collect$$rtexit$$00000003)
    __rt_exit_prels_1                        0x08000283   Thumb Code     0  rtexit2.o(.ARM.Collect$$rtexit$$00000002)
    __rt_exit_exit                           0x08000287   Thumb Code     0  rtexit2.o(.ARM.Collect$$rtexit$$00000004)
    SVC_Handler                              0x0800028d   Thumb Code    28  port.o(.emb_text)
    __asm___6_port_c_39a90d8d__prvStartFirstTask 0x080002ad   Thumb Code    28  port.o(.emb_text)
    __asm___6_port_c_39a90d8d__prvEnableVFP  0x080002cd   Thumb Code    16  port.o(.emb_text)
    PendSV_Handler                           0x080002e1   Thumb Code    88  port.o(.emb_text)
    vPortGetIPSR                             0x0800033d   Thumb Code     6  port.o(.emb_text)
    Reset_Handler                            0x08000345   Thumb Code     8  startup_stm32f40_41xxx.o(.text)
    ADC_IRQHandler                           0x0800035f   Thumb Code     0  startup_stm32f40_41xxx.o(.text)
    CAN1_RX0_IRQHandler                      0x0800035f   Thumb Code     0  startup_stm32f40_41xxx.o(.text)
    CAN1_RX1_IRQHandler                      0x0800035f   Thumb Code     0  startup_stm32f40_41xxx.o(.text)
    CAN1_SCE_IRQHandler                      0x0800035f   Thumb Code     0  startup_stm32f40_41xxx.o(.text)
    CAN1_TX_IRQHandler                       0x0800035f   Thumb Code     0  startup_stm32f40_41xxx.o(.text)
    CAN2_RX0_IRQHandler                      0x0800035f   Thumb Code     0  startup_stm32f40_41xxx.o(.text)
    CAN2_RX1_IRQHandler                      0x0800035f   Thumb Code     0  startup_stm32f40_41xxx.o(.text)
    CAN2_SCE_IRQHandler                      0x0800035f   Thumb Code     0  startup_stm32f40_41xxx.o(.text)
    CAN2_TX_IRQHandler                       0x0800035f   Thumb Code     0  startup_stm32f40_41xxx.o(.text)
    CRYP_IRQHandler                          0x0800035f   Thumb Code     0  startup_stm32f40_41xxx.o(.text)
    DCMI_IRQHandler                          0x0800035f   Thumb Code     0  startup_stm32f40_41xxx.o(.text)
    DMA1_Stream0_IRQHandler                  0x0800035f   Thumb Code     0  startup_stm32f40_41xxx.o(.text)
    DMA1_Stream1_IRQHandler                  0x0800035f   Thumb Code     0  startup_stm32f40_41xxx.o(.text)
    DMA1_Stream2_IRQHandler                  0x0800035f   Thumb Code     0  startup_stm32f40_41xxx.o(.text)
    DMA1_Stream3_IRQHandler                  0x0800035f   Thumb Code     0  startup_stm32f40_41xxx.o(.text)
    DMA1_Stream4_IRQHandler                  0x0800035f   Thumb Code     0  startup_stm32f40_41xxx.o(.text)
    DMA1_Stream5_IRQHandler                  0x0800035f   Thumb Code     0  startup_stm32f40_41xxx.o(.text)
    DMA1_Stream6_IRQHandler                  0x0800035f   Thumb Code     0  startup_stm32f40_41xxx.o(.text)
    DMA1_Stream7_IRQHandler                  0x0800035f   Thumb Code     0  startup_stm32f40_41xxx.o(.text)
    DMA2_Stream0_IRQHandler                  0x0800035f   Thumb Code     0  startup_stm32f40_41xxx.o(.text)
    DMA2_Stream1_IRQHandler                  0x0800035f   Thumb Code     0  startup_stm32f40_41xxx.o(.text)
    DMA2_Stream2_IRQHandler                  0x0800035f   Thumb Code     0  startup_stm32f40_41xxx.o(.text)
    DMA2_Stream3_IRQHandler                  0x0800035f   Thumb Code     0  startup_stm32f40_41xxx.o(.text)
    DMA2_Stream4_IRQHandler                  0x0800035f   Thumb Code     0  startup_stm32f40_41xxx.o(.text)
    DMA2_Stream5_IRQHandler                  0x0800035f   Thumb Code     0  startup_stm32f40_41xxx.o(.text)
    DMA2_Stream6_IRQHandler                  0x0800035f   Thumb Code     0  startup_stm32f40_41xxx.o(.text)
    DMA2_Stream7_IRQHandler                  0x0800035f   Thumb Code     0  startup_stm32f40_41xxx.o(.text)
    ETH_IRQHandler                           0x0800035f   Thumb Code     0  startup_stm32f40_41xxx.o(.text)
    ETH_WKUP_IRQHandler                      0x0800035f   Thumb Code     0  startup_stm32f40_41xxx.o(.text)
    EXTI0_IRQHandler                         0x0800035f   Thumb Code     0  startup_stm32f40_41xxx.o(.text)
    EXTI15_10_IRQHandler                     0x0800035f   Thumb Code     0  startup_stm32f40_41xxx.o(.text)
    EXTI1_IRQHandler                         0x0800035f   Thumb Code     0  startup_stm32f40_41xxx.o(.text)
    EXTI2_IRQHandler                         0x0800035f   Thumb Code     0  startup_stm32f40_41xxx.o(.text)
    EXTI3_IRQHandler                         0x0800035f   Thumb Code     0  startup_stm32f40_41xxx.o(.text)
    EXTI4_IRQHandler                         0x0800035f   Thumb Code     0  startup_stm32f40_41xxx.o(.text)
    EXTI9_5_IRQHandler                       0x0800035f   Thumb Code     0  startup_stm32f40_41xxx.o(.text)
    FLASH_IRQHandler                         0x0800035f   Thumb Code     0  startup_stm32f40_41xxx.o(.text)
    FPU_IRQHandler                           0x0800035f   Thumb Code     0  startup_stm32f40_41xxx.o(.text)
    FSMC_IRQHandler                          0x0800035f   Thumb Code     0  startup_stm32f40_41xxx.o(.text)
    HASH_RNG_IRQHandler                      0x0800035f   Thumb Code     0  startup_stm32f40_41xxx.o(.text)
    I2C1_ER_IRQHandler                       0x0800035f   Thumb Code     0  startup_stm32f40_41xxx.o(.text)
    I2C1_EV_IRQHandler                       0x0800035f   Thumb Code     0  startup_stm32f40_41xxx.o(.text)
    I2C2_ER_IRQHandler                       0x0800035f   Thumb Code     0  startup_stm32f40_41xxx.o(.text)
    I2C2_EV_IRQHandler                       0x0800035f   Thumb Code     0  startup_stm32f40_41xxx.o(.text)
    I2C3_ER_IRQHandler                       0x0800035f   Thumb Code     0  startup_stm32f40_41xxx.o(.text)
    I2C3_EV_IRQHandler                       0x0800035f   Thumb Code     0  startup_stm32f40_41xxx.o(.text)
    OTG_FS_IRQHandler                        0x0800035f   Thumb Code     0  startup_stm32f40_41xxx.o(.text)
    OTG_FS_WKUP_IRQHandler                   0x0800035f   Thumb Code     0  startup_stm32f40_41xxx.o(.text)
    OTG_HS_EP1_IN_IRQHandler                 0x0800035f   Thumb Code     0  startup_stm32f40_41xxx.o(.text)
    OTG_HS_EP1_OUT_IRQHandler                0x0800035f   Thumb Code     0  startup_stm32f40_41xxx.o(.text)
    OTG_HS_IRQHandler                        0x0800035f   Thumb Code     0  startup_stm32f40_41xxx.o(.text)
    OTG_HS_WKUP_IRQHandler                   0x0800035f   Thumb Code     0  startup_stm32f40_41xxx.o(.text)
    PVD_IRQHandler                           0x0800035f   Thumb Code     0  startup_stm32f40_41xxx.o(.text)
    RCC_IRQHandler                           0x0800035f   Thumb Code     0  startup_stm32f40_41xxx.o(.text)
    RTC_Alarm_IRQHandler                     0x0800035f   Thumb Code     0  startup_stm32f40_41xxx.o(.text)
    RTC_WKUP_IRQHandler                      0x0800035f   Thumb Code     0  startup_stm32f40_41xxx.o(.text)
    SDIO_IRQHandler                          0x0800035f   Thumb Code     0  startup_stm32f40_41xxx.o(.text)
    SPI1_IRQHandler                          0x0800035f   Thumb Code     0  startup_stm32f40_41xxx.o(.text)
    SPI2_IRQHandler                          0x0800035f   Thumb Code     0  startup_stm32f40_41xxx.o(.text)
    SPI3_IRQHandler                          0x0800035f   Thumb Code     0  startup_stm32f40_41xxx.o(.text)
    TAMP_STAMP_IRQHandler                    0x0800035f   Thumb Code     0  startup_stm32f40_41xxx.o(.text)
    TIM1_BRK_TIM9_IRQHandler                 0x0800035f   Thumb Code     0  startup_stm32f40_41xxx.o(.text)
    TIM1_TRG_COM_TIM11_IRQHandler            0x0800035f   Thumb Code     0  startup_stm32f40_41xxx.o(.text)
    TIM1_UP_TIM10_IRQHandler                 0x0800035f   Thumb Code     0  startup_stm32f40_41xxx.o(.text)
    TIM6_DAC_IRQHandler                      0x0800035f   Thumb Code     0  startup_stm32f40_41xxx.o(.text)
    TIM7_IRQHandler                          0x0800035f   Thumb Code     0  startup_stm32f40_41xxx.o(.text)
    TIM8_BRK_TIM12_IRQHandler                0x0800035f   Thumb Code     0  startup_stm32f40_41xxx.o(.text)
    TIM8_CC_IRQHandler                       0x0800035f   Thumb Code     0  startup_stm32f40_41xxx.o(.text)
    TIM8_TRG_COM_TIM14_IRQHandler            0x0800035f   Thumb Code     0  startup_stm32f40_41xxx.o(.text)
    TIM8_UP_TIM13_IRQHandler                 0x0800035f   Thumb Code     0  startup_stm32f40_41xxx.o(.text)
    UART4_IRQHandler                         0x0800035f   Thumb Code     0  startup_stm32f40_41xxx.o(.text)
    UART5_IRQHandler                         0x0800035f   Thumb Code     0  startup_stm32f40_41xxx.o(.text)
    USART2_IRQHandler                        0x0800035f   Thumb Code     0  startup_stm32f40_41xxx.o(.text)
    USART3_IRQHandler                        0x0800035f   Thumb Code     0  startup_stm32f40_41xxx.o(.text)
    WWDG_IRQHandler                          0x0800035f   Thumb Code     0  startup_stm32f40_41xxx.o(.text)
    __user_initial_stackheap                 0x08000361   Thumb Code     0  startup_stm32f40_41xxx.o(.text)
    __use_no_semihosting                     0x08000385   Thumb Code     2  use_no_semi_2.o(.text)
    __2printf                                0x08000389   Thumb Code    20  noretval__2printf.o(.text)
    __2sprintf                               0x080003a1   Thumb Code    34  noretval__2sprintf.o(.text)
    _printf_str                              0x080003c9   Thumb Code    82  _printf_str.o(.text)
    _printf_int_dec                          0x0800041d   Thumb Code   104  _printf_dec.o(.text)
    __printf                                 0x08000495   Thumb Code   352  __printf_ss_wp.o(.text)
    __aeabi_memcpy                           0x080005f5   Thumb Code     0  rt_memcpy_v6.o(.text)
    __rt_memcpy                              0x080005f5   Thumb Code   138  rt_memcpy_v6.o(.text)
    _memcpy_lastbytes                        0x0800065b   Thumb Code     0  rt_memcpy_v6.o(.text)
    __aeabi_memset                           0x0800067f   Thumb Code    16  aeabi_memset.o(.text)
    __aeabi_memclr4                          0x0800068f   Thumb Code     0  rt_memclr_w.o(.text)
    __aeabi_memclr8                          0x0800068f   Thumb Code     0  rt_memclr_w.o(.text)
    __rt_memclr_w                            0x0800068f   Thumb Code    78  rt_memclr_w.o(.text)
    _memset_w                                0x08000693   Thumb Code     0  rt_memclr_w.o(.text)
    __use_two_region_memory                  0x080006dd   Thumb Code     2  heapauxi.o(.text)
    __rt_heap_escrow$2region                 0x080006df   Thumb Code     2  heapauxi.o(.text)
    __rt_heap_expand$2region                 0x080006e1   Thumb Code     2  heapauxi.o(.text)
    __I$use$semihosting                      0x080006e3   Thumb Code     0  use_no_semi.o(.text)
    __use_no_semihosting_swi                 0x080006e3   Thumb Code     2  use_no_semi.o(.text)
    __read_errno                             0x080006e5   Thumb Code    10  _rserrno.o(.text)
    __set_errno                              0x080006ef   Thumb Code    12  _rserrno.o(.text)
    _printf_int_common                       0x080006fb   Thumb Code   178  _printf_intcommon.o(.text)
    __lib_sel_fp_printf                      0x080007ad   Thumb Code     2  _printf_fp_dec.o(.text)
    _printf_fp_dec_real                      0x0800095f   Thumb Code   620  _printf_fp_dec.o(.text)
    _printf_char_common                      0x08000bd7   Thumb Code    32  _printf_char_common.o(.text)
    _sputc                                   0x08000bfd   Thumb Code    10  _sputc.o(.text)
    _printf_cs_common                        0x08000c07   Thumb Code    20  _printf_char.o(.text)
    _printf_char                             0x08000c1b   Thumb Code    16  _printf_char.o(.text)
    _printf_string                           0x08000c2b   Thumb Code     8  _printf_char.o(.text)
    _printf_char_file                        0x08000c35   Thumb Code    32  _printf_char_file.o(.text)
    __aeabi_memcpy4                          0x08000c59   Thumb Code     0  rt_memcpy_w.o(.text)
    __aeabi_memcpy8                          0x08000c59   Thumb Code     0  rt_memcpy_w.o(.text)
    __rt_memcpy_w                            0x08000c59   Thumb Code   100  rt_memcpy_w.o(.text)
    _memcpy_lastbytes_aligned                0x08000ca1   Thumb Code     0  rt_memcpy_w.o(.text)
    __aeabi_memclr                           0x08000cbd   Thumb Code     0  rt_memclr.o(.text)
    __rt_memclr                              0x08000cbd   Thumb Code    68  rt_memclr.o(.text)
    _memset                                  0x08000cc1   Thumb Code     0  rt_memclr.o(.text)
    __rt_locale                              0x08000d01   Thumb Code     8  rt_locale_intlibspace.o(.text)
    __aeabi_errno_addr                       0x08000d09   Thumb Code     8  rt_errno_addr_intlibspace.o(.text)
    __errno$intlibspace                      0x08000d09   Thumb Code     0  rt_errno_addr_intlibspace.o(.text)
    __rt_errno_addr$intlibspace              0x08000d09   Thumb Code     0  rt_errno_addr_intlibspace.o(.text)
    _ll_udiv10                               0x08000d11   Thumb Code   138  lludiv10.o(.text)
    _printf_fp_infnan                        0x08000d9d   Thumb Code   112  _printf_fp_infnan.o(.text)
    _btod_etento                             0x08000e1d   Thumb Code   224  bigflt0.o(.text)
    ferror                                   0x08000f01   Thumb Code     8  ferror.o(.text)
    __user_libspace                          0x08000f09   Thumb Code     8  libspace.o(.text)
    __user_perproc_libspace                  0x08000f09   Thumb Code     0  libspace.o(.text)
    __user_perthread_libspace                0x08000f09   Thumb Code     0  libspace.o(.text)
    __user_setup_stackheap                   0x08000f11   Thumb Code    74  sys_stackheap_outer.o(.text)
    exit                                     0x08000f5b   Thumb Code    18  exit.o(.text)
    strcmp                                   0x08000f6d   Thumb Code   128  strcmpv7m.o(.text)
    _btod_d2e                                0x08000fed   Thumb Code    62  btod.o(CL$$btod_d2e)
    _d2e_denorm_low                          0x0800102b   Thumb Code    70  btod.o(CL$$btod_d2e_denorm_low)
    _d2e_norm_op1                            0x08001071   Thumb Code    96  btod.o(CL$$btod_d2e_norm_op1)
    __btod_div_common                        0x080010d1   Thumb Code   696  btod.o(CL$$btod_div_common)
    _e2e                                     0x08001409   Thumb Code   220  btod.o(CL$$btod_e2e)
    _btod_ediv                               0x080014e5   Thumb Code    42  btod.o(CL$$btod_ediv)
    _btod_emul                               0x0800150f   Thumb Code    42  btod.o(CL$$btod_emul)
    __btod_mult_common                       0x08001539   Thumb Code   580  btod.o(CL$$btod_mult_common)
    ADS1115Config_A                          0x0800177d   Thumb Code    68  bsp_ads1115.o(i.ADS1115Config_A)
    ADS1115Start_A                           0x080017c5   Thumb Code    64  bsp_ads1115.o(i.ADS1115Start_A)
    ADS1115Stop_A                            0x0800180d   Thumb Code    48  bsp_ads1115.o(i.ADS1115Stop_A)
    ADS1115WriteByte_A                       0x08001845   Thumb Code   104  bsp_ads1115.o(i.ADS1115WriteByte_A)
    ADS1115_ReadByte_A                       0x080018b5   Thumb Code   120  bsp_ads1115.o(i.ADS1115_ReadByte_A)
    BSP_INIT                                 0x08001941   Thumb Code    62  main.o(i.BSP_INIT)
    Back_To_Start_Demo                       0x0800197f   Thumb Code   164  tk_fsm.o(i.Back_To_Start_Demo)
    BusFault_Handler                         0x08001a23   Thumb Code     4  stm32f4xx_it.o(i.BusFault_Handler)
    Calculate_SpeedList                      0x08001a29   Thumb Code   288  md_s_curve.o(i.Calculate_SpeedList)
    DebugMon_Handler                         0x08001b65   Thumb Code     2  stm32f4xx_it.o(i.DebugMon_Handler)
    FSM                                      0x08001b69   Thumb Code   422  tk_fsm.o(i.FSM)
    GPIO_Init                                0x08001d29   Thumb Code   144  stm32f4xx_gpio.o(i.GPIO_Init)
    GPIO_PinAFConfig                         0x08001db9   Thumb Code    70  stm32f4xx_gpio.o(i.GPIO_PinAFConfig)
    GPIO_ResetBits                           0x08001dff   Thumb Code     4  stm32f4xx_gpio.o(i.GPIO_ResetBits)
    GPIO_SetBits                             0x08001e03   Thumb Code     4  stm32f4xx_gpio.o(i.GPIO_SetBits)
    HardFault_Handler                        0x08001e07   Thumb Code     4  stm32f4xx_it.o(i.HardFault_Handler)
    Hight_Control                            0x08001e0d   Thumb Code   326  tk_fsm.o(i.Hight_Control)
    I2C_CheckEvent                           0x08001f79   Thumb Code    42  stm32f4xx_i2c.o(i.I2C_CheckEvent)
    I2C_Cmd                                  0x08001fa3   Thumb Code    24  stm32f4xx_i2c.o(i.I2C_Cmd)
    I2C_DeInit                               0x08001fbd   Thumb Code    82  stm32f4xx_i2c.o(i.I2C_DeInit)
    I2C_GenerateSTART                        0x0800201d   Thumb Code    24  stm32f4xx_i2c.o(i.I2C_GenerateSTART)
    I2C_GenerateSTOP                         0x08002035   Thumb Code    24  stm32f4xx_i2c.o(i.I2C_GenerateSTOP)
    I2C_GetFlagStatus                        0x0800204d   Thumb Code    58  stm32f4xx_i2c.o(i.I2C_GetFlagStatus)
    I2C_Init                                 0x08002089   Thumb Code   218  stm32f4xx_i2c.o(i.I2C_Init)
    I2C_Send7bitAddress                      0x08002171   Thumb Code    16  stm32f4xx_i2c.o(i.I2C_Send7bitAddress)
    I2C_SendData                             0x08002181   Thumb Code     4  stm32f4xx_i2c.o(i.I2C_SendData)
    I2C_WriteByte                            0x08002185   Thumb Code   126  bsp_oled.o(i.I2C_WriteByte)
    Information                              0x08002211   Thumb Code   336  tk_information.o(i.Information)
    MemManage_Handler                        0x080023ad   Thumb Code     4  stm32f4xx_it.o(i.MemManage_Handler)
    NMI_Handler                              0x080023b1   Thumb Code     2  stm32f4xx_it.o(i.NMI_Handler)
    NVIC_Init                                0x080023b5   Thumb Code   106  misc.o(i.NVIC_Init)
    NVIC_PriorityGroupConfig                 0x0800242d   Thumb Code    10  misc.o(i.NVIC_PriorityGroupConfig)
    OLED_Clear                               0x08002441   Thumb Code    56  bsp_oled.o(i.OLED_Clear)
    OLED_Send_Cmd                            0x08002479   Thumb Code    14  bsp_oled.o(i.OLED_Send_Cmd)
    OLED_Send_Data                           0x08002487   Thumb Code    14  bsp_oled.o(i.OLED_Send_Data)
    OLED_SetPos                              0x08002495   Thumb Code    40  bsp_oled.o(i.OLED_SetPos)
    OLED_ShowChar                            0x080024bd   Thumb Code   262  bsp_oled.o(i.OLED_ShowChar)
    OLED_ShowGB_Char                         0x080025e1   Thumb Code   266  bsp_oled.o(i.OLED_ShowGB_Char)
    OLED_ShowGB_String                       0x08002705   Thumb Code    46  bsp_oled.o(i.OLED_ShowGB_String)
    OLED_ShowString                          0x08002733   Thumb Code    54  bsp_oled.o(i.OLED_ShowString)
    RCC_AHB1PeriphClockCmd                   0x08002769   Thumb Code    26  stm32f4xx_rcc.o(i.RCC_AHB1PeriphClockCmd)
    RCC_APB1PeriphClockCmd                   0x08002789   Thumb Code    26  stm32f4xx_rcc.o(i.RCC_APB1PeriphClockCmd)
    RCC_APB1PeriphResetCmd                   0x080027a9   Thumb Code    26  stm32f4xx_rcc.o(i.RCC_APB1PeriphResetCmd)
    RCC_APB2PeriphClockCmd                   0x080027c9   Thumb Code    26  stm32f4xx_rcc.o(i.RCC_APB2PeriphClockCmd)
    RCC_GetClocksFreq                        0x080027e9   Thumb Code   214  stm32f4xx_rcc.o(i.RCC_GetClocksFreq)
    R_PWM_S_Output                           0x080028d1   Thumb Code    40  md_s_curve.o(i.R_PWM_S_Output)
    ReadAD_A                                 0x08002905   Thumb Code    86  bsp_ads1115.o(i.ReadAD_A)
    Record_Position                          0x08002961   Thumb Code   272  tk_fsm.o(i.Record_Position)
    RobotStateInit                           0x08002a85   Thumb Code    18  tk_fsm.o(i.RobotStateInit)
    Send_Vel                                 0x08002a9d   Thumb Code   116  tk_fsm.o(i.Send_Vel)
    SysTick_CLKSourceConfig                  0x08002bfd   Thumb Code    40  misc.o(i.SysTick_CLKSourceConfig)
    SysTick_Handler                          0x08002c25   Thumb Code    28  delay.o(i.SysTick_Handler)
    SystemInit                               0x08002c45   Thumb Code    88  system_stm32f4xx.o(i.SystemInit)
    TIM1_CC_IRQHandler                       0x08002dd1   Thumb Code   562  bsp_air.o(i.TIM1_CC_IRQHandler)
    TIM2_Config                              0x08003031   Thumb Code    88  md_s_curve.o(i.TIM2_Config)
    TIM2_IRQHandler                          0x08003089   Thumb Code   102  md_s_curve.o(i.TIM2_IRQHandler)
    TIM3_IRQHandler                          0x08003101   Thumb Code   526  md_s_curve.o(i.TIM3_IRQHandler)
    TIM4_IRQHandler                          0x08003341   Thumb Code   578  bsp_air.o(i.TIM4_IRQHandler)
    TIM5_IRQHandler                          0x080035b1   Thumb Code   138  md_s_curve.o(i.TIM5_IRQHandler)
    TIM_ARRPreloadConfig                     0x08003659   Thumb Code    24  stm32f4xx_tim.o(i.TIM_ARRPreloadConfig)
    TIM_ClearITPendingBit                    0x08003671   Thumb Code     6  stm32f4xx_tim.o(i.TIM_ClearITPendingBit)
    TIM_Cmd                                  0x08003677   Thumb Code    24  stm32f4xx_tim.o(i.TIM_Cmd)
    TIM_GetCapture1                          0x0800368f   Thumb Code     6  stm32f4xx_tim.o(i.TIM_GetCapture1)
    TIM_GetCapture2                          0x08003695   Thumb Code     6  stm32f4xx_tim.o(i.TIM_GetCapture2)
    TIM_GetCapture3                          0x0800369b   Thumb Code     6  stm32f4xx_tim.o(i.TIM_GetCapture3)
    TIM_GetCapture4                          0x080036a1   Thumb Code     6  stm32f4xx_tim.o(i.TIM_GetCapture4)
    TIM_GetITStatus                          0x080036a7   Thumb Code    34  stm32f4xx_tim.o(i.TIM_GetITStatus)
    TIM_ICInit                               0x080036c9   Thumb Code   110  stm32f4xx_tim.o(i.TIM_ICInit)
    TIM_ITConfig                             0x08003737   Thumb Code    18  stm32f4xx_tim.o(i.TIM_ITConfig)
    TIM_OC1Init                              0x08003749   Thumb Code   114  stm32f4xx_tim.o(i.TIM_OC1Init)
    TIM_OC1PreloadConfig                     0x080037c5   Thumb Code    18  stm32f4xx_tim.o(i.TIM_OC1PreloadConfig)
    TIM_OC2Init                              0x080037d9   Thumb Code   154  stm32f4xx_tim.o(i.TIM_OC2Init)
    TIM_OC2PreloadConfig                     0x0800387d   Thumb Code    26  stm32f4xx_tim.o(i.TIM_OC2PreloadConfig)
    TIM_SetCompare1                          0x08003897   Thumb Code     4  stm32f4xx_tim.o(i.TIM_SetCompare1)
    TIM_SetCompare2                          0x0800389b   Thumb Code     4  stm32f4xx_tim.o(i.TIM_SetCompare2)
    TIM_SetIC1Prescaler                      0x0800389f   Thumb Code    18  stm32f4xx_tim.o(i.TIM_SetIC1Prescaler)
    TIM_SetIC2Prescaler                      0x080038b1   Thumb Code    26  stm32f4xx_tim.o(i.TIM_SetIC2Prescaler)
    TIM_SetIC3Prescaler                      0x080038cb   Thumb Code    18  stm32f4xx_tim.o(i.TIM_SetIC3Prescaler)
    TIM_SetIC4Prescaler                      0x080038dd   Thumb Code    26  stm32f4xx_tim.o(i.TIM_SetIC4Prescaler)
    TIM_TimeBaseInit                         0x080038f9   Thumb Code   104  stm32f4xx_tim.o(i.TIM_TimeBaseInit)
    USART1_IRQHandler                        0x0800397d   Thumb Code    38  usart.o(i.USART1_IRQHandler)
    USART6_IRQHandler                        0x080039ad   Thumb Code    26  usart.o(i.USART6_IRQHandler)
    USART_ClearITPendingBit                  0x080039d1   Thumb Code    30  stm32f4xx_usart.o(i.USART_ClearITPendingBit)
    USART_Cmd                                0x080039ef   Thumb Code    24  stm32f4xx_usart.o(i.USART_Cmd)
    USART_GetITStatus                        0x08003a07   Thumb Code    84  stm32f4xx_usart.o(i.USART_GetITStatus)
    USART_ITConfig                           0x08003a5b   Thumb Code    74  stm32f4xx_usart.o(i.USART_ITConfig)
    USART_Init                               0x08003aa5   Thumb Code   204  stm32f4xx_usart.o(i.USART_Init)
    USART_ReceiveData                        0x08003b79   Thumb Code    10  stm32f4xx_usart.o(i.USART_ReceiveData)
    UsageFault_Handler                       0x08003b83   Thumb Code     4  stm32f4xx_it.o(i.UsageFault_Handler)
    Velocity_Filter                          0x08003b89   Thumb Code   118  tk_fsm.o(i.Velocity_Filter)
    XY_Action                                0x08003c05   Thumb Code   216  tk_fsm.o(i.XY_Action)
    X_PWM_S_Output                           0x08003ce1   Thumb Code   100  md_s_curve.o(i.X_PWM_S_Output)
    Y_PWM_S_Output                           0x08003d59   Thumb Code   100  md_s_curve.o(i.Y_PWM_S_Output)
    Z_Action                                 0x08003dd1   Thumb Code   210  tk_fsm.o(i.Z_Action)
    Z_PWM_S_Output                           0x08003ead   Thumb Code    40  md_s_curve.o(i.Z_PWM_S_Output)
    Z_TIM5_Config                            0x08003ee1   Thumb Code    86  md_s_curve.o(i.Z_TIM5_Config)
    __ARM_fpclassify                         0x08003f3d   Thumb Code    48  fpclassify.o(i.__ARM_fpclassify)
    __hardfp_exp                             0x08003f71   Thumb Code   714  exp.o(i.__hardfp_exp)
    __kernel_poly                            0x080042c9   Thumb Code   248  poly.o(i.__kernel_poly)
    __mathlib_dbl_infnan                     0x080043c1   Thumb Code    20  dunder.o(i.__mathlib_dbl_infnan)
    __mathlib_dbl_overflow                   0x080043d9   Thumb Code    24  dunder.o(i.__mathlib_dbl_overflow)
    __mathlib_dbl_underflow                  0x080043f9   Thumb Code    24  dunder.o(i.__mathlib_dbl_underflow)
    _is_digit                                0x08004419   Thumb Code    14  __printf_wp.o(i._is_digit)
    _sys_exit                                0x08004427   Thumb Code     4  usart.o(i._sys_exit)
    bsp_ADS1115_Init                         0x0800442d   Thumb Code    62  bsp_ads1115.o(i.bsp_ADS1115_Init)
    bsp_ALL_GPIO_Init                        0x08004479   Thumb Code   312  md_s_curve.o(i.bsp_ALL_GPIO_Init)
    bsp_Air_Init                             0x080045b9   Thumb Code   692  bsp_air.o(i.bsp_Air_Init)
    bsp_I2C_OLED_Init                        0x08004881   Thumb Code   134  bsp_oled.o(i.bsp_I2C_OLED_Init)
    bsp_OLED_Init                            0x08004915   Thumb Code   190  bsp_oled.o(i.bsp_OLED_Init)
    bsp_XY_TIM3_Config                       0x080049d5   Thumb Code   126  md_s_curve.o(i.bsp_XY_TIM3_Config)
    delay_init                               0x08004a61   Thumb Code    58  delay.o(i.delay_init)
    delay_ms                                 0x08004aa5   Thumb Code    60  delay.o(i.delay_ms)
    delay_nms                                0x08004ae5   Thumb Code    28  bsp_ads1115.o(i.delay_nms)
    delay_us                                 0x08004b01   Thumb Code    68  delay.o(i.delay_us)
    fputc                                    0x08004b49   Thumb Code    22  usart.o(i.fputc)
    getad                                    0x08004b65   Thumb Code    32  bsp_ads1115.o(i.getad)
    lvbo                                     0x08004b85   Thumb Code    72  bsp_ads1115.o(i.lvbo)
    main                                     0x08004bcd   Thumb Code    36  main.o(i.main)
    pvPortMalloc                             0x0800579d   Thumb Code   262  heap_4.o(i.pvPortMalloc)
    pvTaskIncrementMutexHeldCount            0x080058f9   Thumb Code    26  tasks.o(i.pvTaskIncrementMutexHeldCount)
    pxPortInitialiseStack                    0x08005919   Thumb Code    38  port.o(i.pxPortInitialiseStack)
    r_init                                   0x08005945   Thumb Code    18  md_s_curve.o(i.r_init)
    startTask                                0x0800595d   Thumb Code    66  main.o(i.startTask)
    usart1_init                              0x080059c1   Thumb Code   164  usart.o(i.usart1_init)
    uxListRemove                             0x08005a6d   Thumb Code    40  list.o(i.uxListRemove)
    vListInitialise                          0x08005a95   Thumb Code    26  list.o(i.vListInitialise)
    vListInitialiseItem                      0x08005aaf   Thumb Code     6  list.o(i.vListInitialiseItem)
    vListInsert                              0x08005ab5   Thumb Code    52  list.o(i.vListInsert)
    vListInsertEnd                           0x08005ae9   Thumb Code    24  list.o(i.vListInsertEnd)
    vPortEnterCritical                       0x08005b01   Thumb Code    68  port.o(i.vPortEnterCritical)
    vPortExitCritical                        0x08005b91   Thumb Code    48  port.o(i.vPortExitCritical)
    vPortFree                                0x08005c09   Thumb Code   120  heap_4.o(i.vPortFree)
    vPortSetupTimerInterrupt                 0x08005cc9   Thumb Code    26  port.o(i.vPortSetupTimerInterrupt)
    vPortValidateInterruptPriority           0x08005ce9   Thumb Code    86  port.o(i.vPortValidateInterruptPriority)
    vQueueAddToRegistry                      0x08005d91   Thumb Code    38  queue.o(i.vQueueAddToRegistry)
    vQueueWaitForMessageRestricted           0x08005dbd   Thumb Code    74  queue.o(i.vQueueWaitForMessageRestricted)
    vTaskDelay                               0x08005e09   Thumb Code    72  tasks.o(i.vTaskDelay)
    vTaskDelete                              0x08005e85   Thumb Code   192  tasks.o(i.vTaskDelete)
    vTaskMissedYield                         0x08005f99   Thumb Code     8  tasks.o(i.vTaskMissedYield)
    vTaskPlaceOnEventList                    0x08005fa5   Thumb Code    42  tasks.o(i.vTaskPlaceOnEventList)
    vTaskPlaceOnEventListRestricted          0x08006001   Thumb Code    50  tasks.o(i.vTaskPlaceOnEventListRestricted)
    vTaskPriorityInherit                     0x08006065   Thumb Code   164  tasks.o(i.vTaskPriorityInherit)
    vTaskResume                              0x08006115   Thumb Code   118  tasks.o(i.vTaskResume)
    vTaskSetTimeOutState                     0x080061c9   Thumb Code    32  tasks.o(i.vTaskSetTimeOutState)
    vTaskStartScheduler                      0x0800621d   Thumb Code   108  tasks.o(i.vTaskStartScheduler)
    vTaskSuspend                             0x080062d1   Thumb Code   186  tasks.o(i.vTaskSuspend)
    vTaskSuspendAll                          0x080063d9   Thumb Code    12  tasks.o(i.vTaskSuspendAll)
    vTaskSwitchContext                       0x080063e9   Thumb Code   110  tasks.o(i.vTaskSwitchContext)
    xPortStartScheduler                      0x08006499   Thumb Code   258  port.o(i.xPortStartScheduler)
    xPortSysTickHandler                      0x080065fd   Thumb Code    46  port.o(i.xPortSysTickHandler)
    xQueueGenericCreate                      0x08006631   Thumb Code    78  queue.o(i.xQueueGenericCreate)
    xQueueGenericReceive                     0x080066ad   Thumb Code   416  queue.o(i.xQueueGenericReceive)
    xQueueGenericReset                       0x0800687d   Thumb Code   136  queue.o(i.xQueueGenericReset)
    xQueueGenericSend                        0x08006935   Thumb Code   412  queue.o(i.xQueueGenericSend)
    xQueueGenericSendFromISR                 0x08006b01   Thumb Code   234  queue.o(i.xQueueGenericSendFromISR)
    xTaskCheckForTimeOut                     0x08006c19   Thumb Code   116  tasks.o(i.xTaskCheckForTimeOut)
    xTaskCreate                              0x08006cc1   Thumb Code    96  tasks.o(i.xTaskCreate)
    xTaskGetSchedulerState                   0x08006d21   Thumb Code    24  tasks.o(i.xTaskGetSchedulerState)
    xTaskGetTickCount                        0x08006d41   Thumb Code     6  tasks.o(i.xTaskGetTickCount)
    xTaskIncrementTick                       0x08006d4d   Thumb Code   272  tasks.o(i.xTaskIncrementTick)
    xTaskPriorityDisinherit                  0x08006eb5   Thumb Code   168  tasks.o(i.xTaskPriorityDisinherit)
    xTaskRemoveFromEventList                 0x08006f95   Thumb Code   118  tasks.o(i.xTaskRemoveFromEventList)
    xTaskResumeAll                           0x08007051   Thumb Code   214  tasks.o(i.xTaskResumeAll)
    xTimerCreateTimerTask                    0x08007179   Thumb Code    56  timers.o(i.xTimerCreateTimerTask)
    xTimerGenericCommand                     0x080071f1   Thumb Code   118  timers.o(i.xTimerGenericCommand)
    z_init                                   0x08007299   Thumb Code    18  md_s_curve.o(i.z_init)
    _get_lc_numeric                          0x080072b1   Thumb Code    44  lc_numeric_c.o(locale$$code)
    __aeabi_d2f                              0x080072dd   Thumb Code     0  d2f.o(x$fpl$d2f)
    _d2f                                     0x080072dd   Thumb Code    98  d2f.o(x$fpl$d2f)
    __aeabi_dadd                             0x08007341   Thumb Code     0  daddsub_clz.o(x$fpl$dadd)
    _dadd                                    0x08007341   Thumb Code   332  daddsub_clz.o(x$fpl$dadd)
    __fpl_dcmp_Inf                           0x08007491   Thumb Code    24  dcmpi.o(x$fpl$dcmpinf)
    __aeabi_ddiv                             0x080074a9   Thumb Code     0  ddiv.o(x$fpl$ddiv)
    _ddiv                                    0x080074a9   Thumb Code   552  ddiv.o(x$fpl$ddiv)
    __aeabi_d2iz                             0x08007759   Thumb Code     0  dfix.o(x$fpl$dfix)
    _dfix                                    0x08007759   Thumb Code    94  dfix.o(x$fpl$dfix)
    __aeabi_i2d                              0x080077b7   Thumb Code     0  dflt_clz.o(x$fpl$dflt)
    _dflt                                    0x080077b7   Thumb Code    46  dflt_clz.o(x$fpl$dflt)
    __aeabi_ui2d                             0x080077e5   Thumb Code     0  dflt_clz.o(x$fpl$dfltu)
    _dfltu                                   0x080077e5   Thumb Code    38  dflt_clz.o(x$fpl$dfltu)
    __aeabi_cdcmple                          0x0800780d   Thumb Code     0  dleqf.o(x$fpl$dleqf)
    _dcmple                                  0x0800780d   Thumb Code   120  dleqf.o(x$fpl$dleqf)
    __fpl_dcmple_InfNaN                      0x0800786f   Thumb Code     0  dleqf.o(x$fpl$dleqf)
    __aeabi_dmul                             0x08007885   Thumb Code     0  dmul.o(x$fpl$dmul)
    _dmul                                    0x08007885   Thumb Code   332  dmul.o(x$fpl$dmul)
    __fpl_dnaninf                            0x080079d9   Thumb Code   156  dnaninf.o(x$fpl$dnaninf)
    __fpl_dretinf                            0x08007a75   Thumb Code    12  dretinf.o(x$fpl$dretinf)
    __aeabi_cdrcmple                         0x08007a81   Thumb Code     0  drleqf.o(x$fpl$drleqf)
    _drcmple                                 0x08007a81   Thumb Code   108  drleqf.o(x$fpl$drleqf)
    __aeabi_drsub                            0x08007aed   Thumb Code     0  daddsub_clz.o(x$fpl$drsb)
    _drsb                                    0x08007aed   Thumb Code    22  daddsub_clz.o(x$fpl$drsb)
    __aeabi_dsub                             0x08007b05   Thumb Code     0  daddsub_clz.o(x$fpl$dsub)
    _dsub                                    0x08007b05   Thumb Code   464  daddsub_clz.o(x$fpl$dsub)
    __aeabi_f2d                              0x08007cd9   Thumb Code     0  f2d.o(x$fpl$f2d)
    _f2d                                     0x08007cd9   Thumb Code    86  f2d.o(x$fpl$f2d)
    __fpl_fnaninf                            0x08007d2f   Thumb Code   140  fnaninf.o(x$fpl$fnaninf)
    _fp_init                                 0x08007dbb   Thumb Code    10  fpinit.o(x$fpl$fpinit)
    __fplib_config_fpu_vfp                   0x08007dc3   Thumb Code     0  fpinit.o(x$fpl$fpinit)
    __fplib_config_pureend_doubles           0x08007dc3   Thumb Code     0  fpinit.o(x$fpl$fpinit)
    __fpl_fretinf                            0x08007dc5   Thumb Code    10  fretinf.o(x$fpl$fretinf)
    _printf_fp_dec                           0x08007dcf   Thumb Code     4  printf1.o(x$fpl$printf1)
    GB_1616                                  0x08007dd2   Data        1330  bsp_oled.o(.constdata)
    __I$use$fp                               0x08007dd2   Number         0  usenofp.o(x$fpl$usenofp)
    GB_1212                                  0x08008304   Data        1026  bsp_oled.o(.constdata)
    ASCII_6_12                               0x08008706   Data        1140  bsp_oled.o(.constdata)
    ASCII_8_16                               0x08008b7a   Data        1520  bsp_oled.o(.constdata)
    ASCII_12_24                              0x0800916a   Data        3420  bsp_oled.o(.constdata)
    Region$$Table$$Base                      0x08009fb4   Number         0  anon$$obj.o(Region$$Table)
    Region$$Table$$Limit                     0x08009fd4   Number         0  anon$$obj.o(Region$$Table)
    SystemCoreClock                          0x20000000   Data           4  system_stm32f4xx.o(.data)
    AHBPrescTable                            0x20000004   Data          16  system_stm32f4xx.o(.data)
    startTaskHandle                          0x20000014   Data           4  main.o(.data)
    Information_Handle                       0x20000018   Data           4  main.o(.data)
    Readout                                  0x20000024   Data           2  usart.o(.data)
    receiveBuff                              0x20000026   Data           4  usart.o(.data)
    __stdout                                 0x2000002c   Data           4  usart.o(.data)
    USART_RX_STA                             0x20000030   Data           2  usart.o(.data)
    VFlag                                    0x20000032   Data           1  usart.o(.data)
    Res                                      0x20000033   Data           1  usart.o(.data)
    data                                     0x20000034   Data           4  usart.o(.data)
    pxCurrentTCB                             0x2000004c   Data           4  tasks.o(.data)
    pulse_rec_num                            0x200000e0   Data           4  md_s_curve.o(.data)
    X_Part_Count                             0x200000e4   Data           4  md_s_curve.o(.data)
    Y_Part_Count                             0x200000e8   Data           4  md_s_curve.o(.data)
    X_Total_Count                            0x200000ec   Data           4  md_s_curve.o(.data)
    Y_Total_Count                            0x200000f0   Data           4  md_s_curve.o(.data)
    X_TIM3_Step_Position                     0x200000f4   Data           4  md_s_curve.o(.data)
    X_TIM3_Motion_Status                     0x200000f8   Data           1  md_s_curve.o(.data)
    z_count                                  0x200000fc   Data           4  md_s_curve.o(.data)
    X_Fre_List                               0x20000100   Data           4  md_s_curve.o(.data)
    X_Toggle_Pulse                           0x20000104   Data           2  md_s_curve.o(.data)
    X_TIM3_CosTTNum                          0x20000108   Data           4  md_s_curve.o(.data)
    Pluse_High_z                             0x2000010c   Data           2  md_s_curve.o(.data)
    temp_z                                   0x2000010e   Data           2  md_s_curve.o(.data)
    TimeCount_z                              0x20000110   Data           4  md_s_curve.o(.data)
    Pluse_High_r                             0x20000114   Data           2  md_s_curve.o(.data)
    temp_r                                   0x20000116   Data           2  md_s_curve.o(.data)
    TimeCount_r                              0x20000118   Data           4  md_s_curve.o(.data)
    RECORD_PTR                               0x20000120   Data           4  tk_fsm.o(.data)
    BACK_PTR                                 0x20000124   Data           4  tk_fsm.o(.data)
    Record_time                              0x20000128   Data           1  tk_fsm.o(.data)
    Initial_Height                           0x2000012c   Data           4  tk_fsm.o(.data)
    total_time                               0x20000130   Data           4  tk_fsm.o(.data)
    i                                        0x20000134   Data           4  tk_fsm.o(.data)
    record_points                            0x20000138   Data         440  tk_fsm.o(.data)
    t1                                       0x200002f0   Data           4  tk_information.o(.data)
    speed                                    0x200002f4   Data           4  tk_information.o(.data)
    xQueueRegistry                           0x200002f8   Data          64  queue.o(.bss)
    Device                                   0x20005644   Data          16  bsp_air.o(.bss)
    X_Speed                                  0x20005654   Data          16  md_s_curve.o(.bss)
    RobotState                               0x20005664   Data          16  tk_fsm.o(.bss)
    MotorState                               0x20005674   Data          16  tk_fsm.o(.bss)
    __libspace_start                         0x20005684   Data          96  libspace.o(.bss)
    __temporary_stack_top$libspace           0x200056e4   Data           0  libspace.o(.bss)



==============================================================================

Memory Map of the image

  Image Entry point : 0x08000189

  Load Region LR_IROM1 (Base: 0x08000000, Size: 0x0000a2e8, Max: 0x00100000, ABSOLUTE, COMPRESSED[0x0000a048])

    Execution Region ER_IROM1 (Exec base: 0x08000000, Load base: 0x08000000, Size: 0x00009ff0, Max: 0x00100000, ABSOLUTE)

    Exec Addr    Load Addr    Size         Type   Attr      Idx    E Section Name        Object

    0x08000000   0x08000000   0x00000188   Data   RO          352    RESET               startup_stm32f40_41xxx.o
    0x08000188   0x08000188   0x00000008   Code   RO         5592  * !!!main             c_w.l(__main.o)
    0x08000190   0x08000190   0x00000034   Code   RO         5898    !!!scatter          c_w.l(__scatter.o)
    0x080001c4   0x080001c4   0x0000005a   Code   RO         5896    !!dczerorl2         c_w.l(__dczerorl2.o)
    0x0800021e   0x0800021e   0x00000002   PAD
    0x08000220   0x08000220   0x0000001c   Code   RO         5900    !!handler_zi        c_w.l(__scatter_zi.o)
    0x0800023c   0x0800023c   0x00000000   Code   RO         5579    .ARM.Collect$$_printf_percent$$00000000  c_w.l(_printf_percent.o)
    0x0800023c   0x0800023c   0x00000006   Code   RO         5578    .ARM.Collect$$_printf_percent$$00000003  c_w.l(_printf_f.o)
    0x08000242   0x08000242   0x00000006   Code   RO         5576    .ARM.Collect$$_printf_percent$$00000009  c_w.l(_printf_d.o)
    0x08000248   0x08000248   0x00000006   Code   RO         5575    .ARM.Collect$$_printf_percent$$00000014  c_w.l(_printf_s.o)
    0x0800024e   0x0800024e   0x00000004   Code   RO         5645    .ARM.Collect$$_printf_percent$$00000017  c_w.l(_printf_percent_end.o)
    0x08000252   0x08000252   0x00000002   Code   RO         5771    .ARM.Collect$$libinit$$00000000  c_w.l(libinit.o)
    0x08000254   0x08000254   0x00000004   Code   RO         5772    .ARM.Collect$$libinit$$00000001  c_w.l(libinit2.o)
    0x08000258   0x08000258   0x00000000   Code   RO         5775    .ARM.Collect$$libinit$$00000004  c_w.l(libinit2.o)
    0x08000258   0x08000258   0x00000000   Code   RO         5778    .ARM.Collect$$libinit$$0000000A  c_w.l(libinit2.o)
    0x08000258   0x08000258   0x00000000   Code   RO         5780    .ARM.Collect$$libinit$$0000000C  c_w.l(libinit2.o)
    0x08000258   0x08000258   0x00000000   Code   RO         5782    .ARM.Collect$$libinit$$0000000E  c_w.l(libinit2.o)
    0x08000258   0x08000258   0x00000006   Code   RO         5783    .ARM.Collect$$libinit$$0000000F  c_w.l(libinit2.o)
    0x0800025e   0x0800025e   0x00000000   Code   RO         5785    .ARM.Collect$$libinit$$00000011  c_w.l(libinit2.o)
    0x0800025e   0x0800025e   0x00000000   Code   RO         5787    .ARM.Collect$$libinit$$00000013  c_w.l(libinit2.o)
    0x0800025e   0x0800025e   0x00000000   Code   RO         5789    .ARM.Collect$$libinit$$00000015  c_w.l(libinit2.o)
    0x0800025e   0x0800025e   0x0000000a   Code   RO         5790    .ARM.Collect$$libinit$$00000016  c_w.l(libinit2.o)
    0x08000268   0x08000268   0x00000000   Code   RO         5791    .ARM.Collect$$libinit$$00000017  c_w.l(libinit2.o)
    0x08000268   0x08000268   0x00000000   Code   RO         5793    .ARM.Collect$$libinit$$00000019  c_w.l(libinit2.o)
    0x08000268   0x08000268   0x00000000   Code   RO         5795    .ARM.Collect$$libinit$$0000001B  c_w.l(libinit2.o)
    0x08000268   0x08000268   0x00000000   Code   RO         5797    .ARM.Collect$$libinit$$0000001D  c_w.l(libinit2.o)
    0x08000268   0x08000268   0x00000000   Code   RO         5799    .ARM.Collect$$libinit$$0000001F  c_w.l(libinit2.o)
    0x08000268   0x08000268   0x00000000   Code   RO         5801    .ARM.Collect$$libinit$$00000021  c_w.l(libinit2.o)
    0x08000268   0x08000268   0x00000000   Code   RO         5803    .ARM.Collect$$libinit$$00000023  c_w.l(libinit2.o)
    0x08000268   0x08000268   0x00000000   Code   RO         5805    .ARM.Collect$$libinit$$00000025  c_w.l(libinit2.o)
    0x08000268   0x08000268   0x00000000   Code   RO         5809    .ARM.Collect$$libinit$$0000002C  c_w.l(libinit2.o)
    0x08000268   0x08000268   0x00000000   Code   RO         5811    .ARM.Collect$$libinit$$0000002E  c_w.l(libinit2.o)
    0x08000268   0x08000268   0x00000000   Code   RO         5813    .ARM.Collect$$libinit$$00000030  c_w.l(libinit2.o)
    0x08000268   0x08000268   0x00000000   Code   RO         5815    .ARM.Collect$$libinit$$00000032  c_w.l(libinit2.o)
    0x08000268   0x08000268   0x00000002   Code   RO         5816    .ARM.Collect$$libinit$$00000033  c_w.l(libinit2.o)
    0x0800026a   0x0800026a   0x00000002   Code   RO         5844    .ARM.Collect$$libshutdown$$00000000  c_w.l(libshutdown.o)
    0x0800026c   0x0800026c   0x00000000   Code   RO         5853    .ARM.Collect$$libshutdown$$00000002  c_w.l(libshutdown2.o)
    0x0800026c   0x0800026c   0x00000000   Code   RO         5855    .ARM.Collect$$libshutdown$$00000004  c_w.l(libshutdown2.o)
    0x0800026c   0x0800026c   0x00000000   Code   RO         5857    .ARM.Collect$$libshutdown$$00000006  c_w.l(libshutdown2.o)
    0x0800026c   0x0800026c   0x00000000   Code   RO         5860    .ARM.Collect$$libshutdown$$00000009  c_w.l(libshutdown2.o)
    0x0800026c   0x0800026c   0x00000000   Code   RO         5863    .ARM.Collect$$libshutdown$$0000000C  c_w.l(libshutdown2.o)
    0x0800026c   0x0800026c   0x00000000   Code   RO         5865    .ARM.Collect$$libshutdown$$0000000E  c_w.l(libshutdown2.o)
    0x0800026c   0x0800026c   0x00000000   Code   RO         5868    .ARM.Collect$$libshutdown$$00000011  c_w.l(libshutdown2.o)
    0x0800026c   0x0800026c   0x00000002   Code   RO         5869    .ARM.Collect$$libshutdown$$00000012  c_w.l(libshutdown2.o)
    0x0800026e   0x0800026e   0x00000000   Code   RO         5630    .ARM.Collect$$rtentry$$00000000  c_w.l(__rtentry.o)
    0x0800026e   0x0800026e   0x00000000   Code   RO         5693    .ARM.Collect$$rtentry$$00000002  c_w.l(__rtentry2.o)
    0x0800026e   0x0800026e   0x00000006   Code   RO         5705    .ARM.Collect$$rtentry$$00000004  c_w.l(__rtentry4.o)
    0x08000274   0x08000274   0x00000000   Code   RO         5695    .ARM.Collect$$rtentry$$00000009  c_w.l(__rtentry2.o)
    0x08000274   0x08000274   0x00000004   Code   RO         5696    .ARM.Collect$$rtentry$$0000000A  c_w.l(__rtentry2.o)
    0x08000278   0x08000278   0x00000000   Code   RO         5698    .ARM.Collect$$rtentry$$0000000C  c_w.l(__rtentry2.o)
    0x08000278   0x08000278   0x00000008   Code   RO         5699    .ARM.Collect$$rtentry$$0000000D  c_w.l(__rtentry2.o)
    0x08000280   0x08000280   0x00000002   Code   RO         5817    .ARM.Collect$$rtexit$$00000000  c_w.l(rtexit.o)
    0x08000282   0x08000282   0x00000000   Code   RO         5824    .ARM.Collect$$rtexit$$00000002  c_w.l(rtexit2.o)
    0x08000282   0x08000282   0x00000004   Code   RO         5825    .ARM.Collect$$rtexit$$00000003  c_w.l(rtexit2.o)
    0x08000286   0x08000286   0x00000006   Code   RO         5826    .ARM.Collect$$rtexit$$00000004  c_w.l(rtexit2.o)
    0x0800028c   0x0800028c   0x000000b6   Code   RO         4650    .emb_text           port.o
    0x08000342   0x08000342   0x00000002   PAD
    0x08000344   0x08000344   0x00000040   Code   RO          353    .text               startup_stm32f40_41xxx.o
    0x08000384   0x08000384   0x00000002   Code   RO         5538    .text               c_w.l(use_no_semi_2.o)
    0x08000386   0x08000386   0x00000002   PAD
    0x08000388   0x08000388   0x00000018   Code   RO         5544    .text               c_w.l(noretval__2printf.o)
    0x080003a0   0x080003a0   0x00000028   Code   RO         5546    .text               c_w.l(noretval__2sprintf.o)
    0x080003c8   0x080003c8   0x00000052   Code   RO         5550    .text               c_w.l(_printf_str.o)
    0x0800041a   0x0800041a   0x00000002   PAD
    0x0800041c   0x0800041c   0x00000078   Code   RO         5552    .text               c_w.l(_printf_dec.o)
    0x08000494   0x08000494   0x00000160   Code   RO         5569    .text               c_w.l(__printf_ss_wp.o)
    0x080005f4   0x080005f4   0x0000008a   Code   RO         5584    .text               c_w.l(rt_memcpy_v6.o)
    0x0800067e   0x0800067e   0x00000010   Code   RO         5586    .text               c_w.l(aeabi_memset.o)
    0x0800068e   0x0800068e   0x0000004e   Code   RO         5588    .text               c_w.l(rt_memclr_w.o)
    0x080006dc   0x080006dc   0x00000006   Code   RO         5590    .text               c_w.l(heapauxi.o)
    0x080006e2   0x080006e2   0x00000002   Code   RO         5628    .text               c_w.l(use_no_semi.o)
    0x080006e4   0x080006e4   0x00000016   Code   RO         5631    .text               c_w.l(_rserrno.o)
    0x080006fa   0x080006fa   0x000000b2   Code   RO         5633    .text               c_w.l(_printf_intcommon.o)
    0x080007ac   0x080007ac   0x0000041e   Code   RO         5635    .text               c_w.l(_printf_fp_dec.o)
    0x08000bca   0x08000bca   0x00000002   PAD
    0x08000bcc   0x08000bcc   0x00000030   Code   RO         5637    .text               c_w.l(_printf_char_common.o)
    0x08000bfc   0x08000bfc   0x0000000a   Code   RO         5639    .text               c_w.l(_sputc.o)
    0x08000c06   0x08000c06   0x0000002c   Code   RO         5641    .text               c_w.l(_printf_char.o)
    0x08000c32   0x08000c32   0x00000002   PAD
    0x08000c34   0x08000c34   0x00000024   Code   RO         5643    .text               c_w.l(_printf_char_file.o)
    0x08000c58   0x08000c58   0x00000064   Code   RO         5646    .text               c_w.l(rt_memcpy_w.o)
    0x08000cbc   0x08000cbc   0x00000044   Code   RO         5648    .text               c_w.l(rt_memclr.o)
    0x08000d00   0x08000d00   0x00000008   Code   RO         5710    .text               c_w.l(rt_locale_intlibspace.o)
    0x08000d08   0x08000d08   0x00000008   Code   RO         5715    .text               c_w.l(rt_errno_addr_intlibspace.o)
    0x08000d10   0x08000d10   0x0000008a   Code   RO         5717    .text               c_w.l(lludiv10.o)
    0x08000d9a   0x08000d9a   0x00000002   PAD
    0x08000d9c   0x08000d9c   0x00000080   Code   RO         5719    .text               c_w.l(_printf_fp_infnan.o)
    0x08000e1c   0x08000e1c   0x000000e4   Code   RO         5723    .text               c_w.l(bigflt0.o)
    0x08000f00   0x08000f00   0x00000008   Code   RO         5748    .text               c_w.l(ferror.o)
    0x08000f08   0x08000f08   0x00000008   Code   RO         5757    .text               c_w.l(libspace.o)
    0x08000f10   0x08000f10   0x0000004a   Code   RO         5760    .text               c_w.l(sys_stackheap_outer.o)
    0x08000f5a   0x08000f5a   0x00000012   Code   RO         5762    .text               c_w.l(exit.o)
    0x08000f6c   0x08000f6c   0x00000080   Code   RO         5764    .text               c_w.l(strcmpv7m.o)
    0x08000fec   0x08000fec   0x0000003e   Code   RO         5726    CL$$btod_d2e        c_w.l(btod.o)
    0x0800102a   0x0800102a   0x00000046   Code   RO         5728    CL$$btod_d2e_denorm_low  c_w.l(btod.o)
    0x08001070   0x08001070   0x00000060   Code   RO         5727    CL$$btod_d2e_norm_op1  c_w.l(btod.o)
    0x080010d0   0x080010d0   0x00000338   Code   RO         5736    CL$$btod_div_common  c_w.l(btod.o)
    0x08001408   0x08001408   0x000000dc   Code   RO         5733    CL$$btod_e2e        c_w.l(btod.o)
    0x080014e4   0x080014e4   0x0000002a   Code   RO         5730    CL$$btod_ediv       c_w.l(btod.o)
    0x0800150e   0x0800150e   0x0000002a   Code   RO         5729    CL$$btod_emul       c_w.l(btod.o)
    0x08001538   0x08001538   0x00000244   Code   RO         5735    CL$$btod_mult_common  c_w.l(btod.o)
    0x0800177c   0x0800177c   0x00000048   Code   RO         4786    i.ADS1115Config_A   bsp_ads1115.o
    0x080017c4   0x080017c4   0x00000048   Code   RO         4787    i.ADS1115Start_A    bsp_ads1115.o
    0x0800180c   0x0800180c   0x00000038   Code   RO         4788    i.ADS1115Stop_A     bsp_ads1115.o
    0x08001844   0x08001844   0x00000070   Code   RO         4789    i.ADS1115WriteByte_A  bsp_ads1115.o
    0x080018b4   0x080018b4   0x00000080   Code   RO         4790    i.ADS1115_ReadByte_A  bsp_ads1115.o
    0x08001934   0x08001934   0x0000000c   Code   RO         4791    i.ADS1115_delay     bsp_ads1115.o
    0x08001940   0x08001940   0x0000003e   Code   RO          143    i.BSP_INIT          main.o
    0x0800197e   0x0800197e   0x000000a4   Code   RO         5254    i.Back_To_Start_Demo  tk_fsm.o
    0x08001a22   0x08001a22   0x00000004   Code   RO          295    i.BusFault_Handler  stm32f4xx_it.o
    0x08001a26   0x08001a26   0x00000002   PAD
    0x08001a28   0x08001a28   0x0000013c   Code   RO         5148    i.Calculate_SpeedList  md_s_curve.o
    0x08001b64   0x08001b64   0x00000002   Code   RO          296    i.DebugMon_Handler  stm32f4xx_it.o
    0x08001b66   0x08001b66   0x00000002   PAD
    0x08001b68   0x08001b68   0x000001c0   Code   RO         5255    i.FSM               tk_fsm.o
    0x08001d28   0x08001d28   0x00000090   Code   RO         2862    i.GPIO_Init         stm32f4xx_gpio.o
    0x08001db8   0x08001db8   0x00000046   Code   RO         2863    i.GPIO_PinAFConfig  stm32f4xx_gpio.o
    0x08001dfe   0x08001dfe   0x00000004   Code   RO         2869    i.GPIO_ResetBits    stm32f4xx_gpio.o
    0x08001e02   0x08001e02   0x00000004   Code   RO         2870    i.GPIO_SetBits      stm32f4xx_gpio.o
    0x08001e06   0x08001e06   0x00000004   Code   RO          297    i.HardFault_Handler  stm32f4xx_it.o
    0x08001e0a   0x08001e0a   0x00000002   PAD
    0x08001e0c   0x08001e0c   0x0000016c   Code   RO         5256    i.Hight_Control     tk_fsm.o
    0x08001f78   0x08001f78   0x0000002a   Code   RO         2641    i.I2C_CheckEvent    stm32f4xx_i2c.o
    0x08001fa2   0x08001fa2   0x00000018   Code   RO         2644    i.I2C_Cmd           stm32f4xx_i2c.o
    0x08001fba   0x08001fba   0x00000002   PAD
    0x08001fbc   0x08001fbc   0x00000060   Code   RO         2647    i.I2C_DeInit        stm32f4xx_i2c.o
    0x0800201c   0x0800201c   0x00000018   Code   RO         2652    i.I2C_GenerateSTART  stm32f4xx_i2c.o
    0x08002034   0x08002034   0x00000018   Code   RO         2653    i.I2C_GenerateSTOP  stm32f4xx_i2c.o
    0x0800204c   0x0800204c   0x0000003a   Code   RO         2654    i.I2C_GetFlagStatus  stm32f4xx_i2c.o
    0x08002086   0x08002086   0x00000002   PAD
    0x08002088   0x08002088   0x000000e8   Code   RO         2659    i.I2C_Init          stm32f4xx_i2c.o
    0x08002170   0x08002170   0x00000010   Code   RO         2666    i.I2C_Send7bitAddress  stm32f4xx_i2c.o
    0x08002180   0x08002180   0x00000004   Code   RO         2667    i.I2C_SendData      stm32f4xx_i2c.o
    0x08002184   0x08002184   0x0000008c   Code   RO         4904    i.I2C_WriteByte     bsp_oled.o
    0x08002210   0x08002210   0x0000019c   Code   RO         5515    i.Information       tk_information.o
    0x080023ac   0x080023ac   0x00000004   Code   RO          298    i.MemManage_Handler  stm32f4xx_it.o
    0x080023b0   0x080023b0   0x00000002   Code   RO          299    i.NMI_Handler       stm32f4xx_it.o
    0x080023b2   0x080023b2   0x00000002   PAD
    0x080023b4   0x080023b4   0x00000078   Code   RO          515    i.NVIC_Init         misc.o
    0x0800242c   0x0800242c   0x00000014   Code   RO          516    i.NVIC_PriorityGroupConfig  misc.o
    0x08002440   0x08002440   0x00000038   Code   RO         4908    i.OLED_Clear        bsp_oled.o
    0x08002478   0x08002478   0x0000000e   Code   RO         4918    i.OLED_Send_Cmd     bsp_oled.o
    0x08002486   0x08002486   0x0000000e   Code   RO         4919    i.OLED_Send_Data    bsp_oled.o
    0x08002494   0x08002494   0x00000028   Code   RO         4920    i.OLED_SetPos       bsp_oled.o
    0x080024bc   0x080024bc   0x00000124   Code   RO         4923    i.OLED_ShowChar     bsp_oled.o
    0x080025e0   0x080025e0   0x00000124   Code   RO         4924    i.OLED_ShowGB_Char  bsp_oled.o
    0x08002704   0x08002704   0x0000002e   Code   RO         4925    i.OLED_ShowGB_String  bsp_oled.o
    0x08002732   0x08002732   0x00000036   Code   RO         4928    i.OLED_ShowString   bsp_oled.o
    0x08002768   0x08002768   0x00000020   Code   RO         2131    i.RCC_AHB1PeriphClockCmd  stm32f4xx_rcc.o
    0x08002788   0x08002788   0x00000020   Code   RO         2140    i.RCC_APB1PeriphClockCmd  stm32f4xx_rcc.o
    0x080027a8   0x080027a8   0x00000020   Code   RO         2142    i.RCC_APB1PeriphResetCmd  stm32f4xx_rcc.o
    0x080027c8   0x080027c8   0x00000020   Code   RO         2143    i.RCC_APB2PeriphClockCmd  stm32f4xx_rcc.o
    0x080027e8   0x080027e8   0x000000e8   Code   RO         2152    i.RCC_GetClocksFreq  stm32f4xx_rcc.o
    0x080028d0   0x080028d0   0x00000034   Code   RO         5149    i.R_PWM_S_Output    md_s_curve.o
    0x08002904   0x08002904   0x0000005c   Code   RO         4792    i.ReadAD_A          bsp_ads1115.o
    0x08002960   0x08002960   0x00000124   Code   RO         5258    i.Record_Position   tk_fsm.o
    0x08002a84   0x08002a84   0x00000018   Code   RO         5259    i.RobotStateInit    tk_fsm.o
    0x08002a9c   0x08002a9c   0x00000074   Code   RO         5260    i.Send_Vel          tk_fsm.o
    0x08002b10   0x08002b10   0x000000ec   Code   RO            3    i.SetSysClock       system_stm32f4xx.o
    0x08002bfc   0x08002bfc   0x00000028   Code   RO          519    i.SysTick_CLKSourceConfig  misc.o
    0x08002c24   0x08002c24   0x00000020   Code   RO          359    i.SysTick_Handler   delay.o
    0x08002c44   0x08002c44   0x00000068   Code   RO            5    i.SystemInit        system_stm32f4xx.o
    0x08002cac   0x08002cac   0x0000003a   Code   RO          965    i.TI1_Config        stm32f4xx_tim.o
    0x08002ce6   0x08002ce6   0x00000050   Code   RO          966    i.TI2_Config        stm32f4xx_tim.o
    0x08002d36   0x08002d36   0x00000048   Code   RO          967    i.TI3_Config        stm32f4xx_tim.o
    0x08002d7e   0x08002d7e   0x00000050   Code   RO          968    i.TI4_Config        stm32f4xx_tim.o
    0x08002dce   0x08002dce   0x00000002   PAD
    0x08002dd0   0x08002dd0   0x00000260   Code   RO         4865    i.TIM1_CC_IRQHandler  bsp_air.o
    0x08003030   0x08003030   0x00000058   Code   RO         5150    i.TIM2_Config       md_s_curve.o
    0x08003088   0x08003088   0x00000078   Code   RO         5151    i.TIM2_IRQHandler   md_s_curve.o
    0x08003100   0x08003100   0x00000240   Code   RO         5152    i.TIM3_IRQHandler   md_s_curve.o
    0x08003340   0x08003340   0x00000270   Code   RO         4866    i.TIM4_IRQHandler   bsp_air.o
    0x080035b0   0x080035b0   0x000000a8   Code   RO         5153    i.TIM5_IRQHandler   md_s_curve.o
    0x08003658   0x08003658   0x00000018   Code   RO          969    i.TIM_ARRPreloadConfig  stm32f4xx_tim.o
    0x08003670   0x08003670   0x00000006   Code   RO          976    i.TIM_ClearITPendingBit  stm32f4xx_tim.o
    0x08003676   0x08003676   0x00000018   Code   RO          981    i.TIM_Cmd           stm32f4xx_tim.o
    0x0800368e   0x0800368e   0x00000006   Code   RO          996    i.TIM_GetCapture1   stm32f4xx_tim.o
    0x08003694   0x08003694   0x00000006   Code   RO          997    i.TIM_GetCapture2   stm32f4xx_tim.o
    0x0800369a   0x0800369a   0x00000006   Code   RO          998    i.TIM_GetCapture3   stm32f4xx_tim.o
    0x080036a0   0x080036a0   0x00000006   Code   RO          999    i.TIM_GetCapture4   stm32f4xx_tim.o
    0x080036a6   0x080036a6   0x00000022   Code   RO         1002    i.TIM_GetITStatus   stm32f4xx_tim.o
    0x080036c8   0x080036c8   0x0000006e   Code   RO         1004    i.TIM_ICInit        stm32f4xx_tim.o
    0x08003736   0x08003736   0x00000012   Code   RO         1006    i.TIM_ITConfig      stm32f4xx_tim.o
    0x08003748   0x08003748   0x0000007c   Code   RO         1010    i.TIM_OC1Init       stm32f4xx_tim.o
    0x080037c4   0x080037c4   0x00000012   Code   RO         1013    i.TIM_OC1PreloadConfig  stm32f4xx_tim.o
    0x080037d6   0x080037d6   0x00000002   PAD
    0x080037d8   0x080037d8   0x000000a4   Code   RO         1015    i.TIM_OC2Init       stm32f4xx_tim.o
    0x0800387c   0x0800387c   0x0000001a   Code   RO         1018    i.TIM_OC2PreloadConfig  stm32f4xx_tim.o
    0x08003896   0x08003896   0x00000004   Code   RO         1043    i.TIM_SetCompare1   stm32f4xx_tim.o
    0x0800389a   0x0800389a   0x00000004   Code   RO         1044    i.TIM_SetCompare2   stm32f4xx_tim.o
    0x0800389e   0x0800389e   0x00000012   Code   RO         1048    i.TIM_SetIC1Prescaler  stm32f4xx_tim.o
    0x080038b0   0x080038b0   0x0000001a   Code   RO         1049    i.TIM_SetIC2Prescaler  stm32f4xx_tim.o
    0x080038ca   0x080038ca   0x00000012   Code   RO         1050    i.TIM_SetIC3Prescaler  stm32f4xx_tim.o
    0x080038dc   0x080038dc   0x0000001a   Code   RO         1051    i.TIM_SetIC4Prescaler  stm32f4xx_tim.o
    0x080038f6   0x080038f6   0x00000002   PAD
    0x080038f8   0x080038f8   0x00000084   Code   RO         1053    i.TIM_TimeBaseInit  stm32f4xx_tim.o
    0x0800397c   0x0800397c   0x00000030   Code   RO          446    i.USART1_IRQHandler  usart.o
    0x080039ac   0x080039ac   0x00000024   Code   RO          447    i.USART6_IRQHandler  usart.o
    0x080039d0   0x080039d0   0x0000001e   Code   RO         1590    i.USART_ClearITPendingBit  stm32f4xx_usart.o
    0x080039ee   0x080039ee   0x00000018   Code   RO         1593    i.USART_Cmd         stm32f4xx_usart.o
    0x08003a06   0x08003a06   0x00000054   Code   RO         1597    i.USART_GetITStatus  stm32f4xx_usart.o
    0x08003a5a   0x08003a5a   0x0000004a   Code   RO         1599    i.USART_ITConfig    stm32f4xx_usart.o
    0x08003aa4   0x08003aa4   0x000000d4   Code   RO         1600    i.USART_Init        stm32f4xx_usart.o
    0x08003b78   0x08003b78   0x0000000a   Code   RO         1607    i.USART_ReceiveData  stm32f4xx_usart.o
    0x08003b82   0x08003b82   0x00000004   Code   RO          300    i.UsageFault_Handler  stm32f4xx_it.o
    0x08003b86   0x08003b86   0x00000002   PAD
    0x08003b88   0x08003b88   0x0000007c   Code   RO         5261    i.Velocity_Filter   tk_fsm.o
    0x08003c04   0x08003c04   0x000000dc   Code   RO         5262    i.XY_Action         tk_fsm.o
    0x08003ce0   0x08003ce0   0x00000078   Code   RO         5154    i.X_PWM_S_Output    md_s_curve.o
    0x08003d58   0x08003d58   0x00000078   Code   RO         5155    i.Y_PWM_S_Output    md_s_curve.o
    0x08003dd0   0x08003dd0   0x000000dc   Code   RO         5263    i.Z_Action          tk_fsm.o
    0x08003eac   0x08003eac   0x00000034   Code   RO         5156    i.Z_PWM_S_Output    md_s_curve.o
    0x08003ee0   0x08003ee0   0x0000005c   Code   RO         5157    i.Z_TIM5_Config     md_s_curve.o
    0x08003f3c   0x08003f3c   0x00000030   Code   RO         5687    i.__ARM_fpclassify  m_wm.l(fpclassify.o)
    0x08003f6c   0x08003f6c   0x00000004   PAD
    0x08003f70   0x08003f70   0x00000358   Code   RO         5614    i.__hardfp_exp      m_wm.l(exp.o)
    0x080042c8   0x080042c8   0x000000f8   Code   RO         5689    i.__kernel_poly     m_wm.l(poly.o)
    0x080043c0   0x080043c0   0x00000014   Code   RO         5674    i.__mathlib_dbl_infnan  m_wm.l(dunder.o)
    0x080043d4   0x080043d4   0x00000004   PAD
    0x080043d8   0x080043d8   0x00000020   Code   RO         5677    i.__mathlib_dbl_overflow  m_wm.l(dunder.o)
    0x080043f8   0x080043f8   0x00000020   Code   RO         5679    i.__mathlib_dbl_underflow  m_wm.l(dunder.o)
    0x08004418   0x08004418   0x0000000e   Code   RO         5564    i._is_digit         c_w.l(__printf_wp.o)
    0x08004426   0x08004426   0x00000004   Code   RO          448    i._sys_exit         usart.o
    0x0800442a   0x0800442a   0x00000002   PAD
    0x0800442c   0x0800442c   0x0000004c   Code   RO         4793    i.bsp_ADS1115_Init  bsp_ads1115.o
    0x08004478   0x08004478   0x00000140   Code   RO         5158    i.bsp_ALL_GPIO_Init  md_s_curve.o
    0x080045b8   0x080045b8   0x000002c8   Code   RO         4867    i.bsp_Air_Init      bsp_air.o
    0x08004880   0x08004880   0x00000094   Code   RO         4934    i.bsp_I2C_OLED_Init  bsp_oled.o
    0x08004914   0x08004914   0x000000be   Code   RO         4935    i.bsp_OLED_Init     bsp_oled.o
    0x080049d2   0x080049d2   0x00000002   PAD
    0x080049d4   0x080049d4   0x0000008c   Code   RO         5159    i.bsp_XY_TIM3_Config  md_s_curve.o
    0x08004a60   0x08004a60   0x00000044   Code   RO          360    i.delay_init        delay.o
    0x08004aa4   0x08004aa4   0x00000040   Code   RO          361    i.delay_ms          delay.o
    0x08004ae4   0x08004ae4   0x0000001c   Code   RO         4794    i.delay_nms         bsp_ads1115.o
    0x08004b00   0x08004b00   0x00000048   Code   RO          362    i.delay_us          delay.o
    0x08004b48   0x08004b48   0x0000001c   Code   RO          449    i.fputc             usart.o
    0x08004b64   0x08004b64   0x00000020   Code   RO         4795    i.getad             bsp_ads1115.o
    0x08004b84   0x08004b84   0x00000048   Code   RO         4796    i.lvbo              bsp_ads1115.o
    0x08004bcc   0x08004bcc   0x00000038   Code   RO          144    i.main              main.o
    0x08004c04   0x08004c04   0x00000098   Code   RO         4087    i.prvAddCurrentTaskToDelayedList  tasks.o
    0x08004c9c   0x08004c9c   0x000000b8   Code   RO         4088    i.prvAddNewTaskToReadyList  tasks.o
    0x08004d54   0x08004d54   0x00000064   Code   RO         4455    i.prvCheckForValidListAndQueue  timers.o
    0x08004db8   0x08004db8   0x00000064   Code   RO         4089    i.prvCheckTasksWaitingTermination  tasks.o
    0x08004e1c   0x08004e1c   0x0000002a   Code   RO         3843    i.prvCopyDataFromQueue  queue.o
    0x08004e46   0x08004e46   0x0000007c   Code   RO         3844    i.prvCopyDataToQueue  queue.o
    0x08004ec2   0x08004ec2   0x00000012   Code   RO         4090    i.prvDeleteTCB      tasks.o
    0x08004ed4   0x08004ed4   0x00000028   Code   RO         4456    i.prvGetNextExpireTime  timers.o
    0x08004efc   0x08004efc   0x0000007c   Code   RO         4593    i.prvHeapInit       heap_4.o
    0x08004f78   0x08004f78   0x00000028   Code   RO         4091    i.prvIdleTask       tasks.o
    0x08004fa0   0x08004fa0   0x0000002e   Code   RO         3846    i.prvInitialiseNewQueue  queue.o
    0x08004fce   0x08004fce   0x00000002   PAD
    0x08004fd0   0x08004fd0   0x000000d8   Code   RO         4092    i.prvInitialiseNewTask  tasks.o
    0x080050a8   0x080050a8   0x00000068   Code   RO         4093    i.prvInitialiseTaskLists  tasks.o
    0x08005110   0x08005110   0x00000068   Code   RO         4594    i.prvInsertBlockIntoFreeList  heap_4.o
    0x08005178   0x08005178   0x00000058   Code   RO         4458    i.prvInsertTimerInActiveList  timers.o
    0x080051d0   0x080051d0   0x0000001a   Code   RO         3847    i.prvIsQueueEmpty   queue.o
    0x080051ea   0x080051ea   0x0000001e   Code   RO         3848    i.prvIsQueueFull    queue.o
    0x08005208   0x08005208   0x000000a8   Code   RO         3849    i.prvNotifyQueueSetContainer  queue.o
    0x080052b0   0x080052b0   0x00000084   Code   RO         4459    i.prvProcessExpiredTimer  timers.o
    0x08005334   0x08005334   0x00000130   Code   RO         4460    i.prvProcessReceivedCommands  timers.o
    0x08005464   0x08005464   0x00000074   Code   RO         4461    i.prvProcessTimerOrBlockTask  timers.o
    0x080054d8   0x080054d8   0x00000034   Code   RO         4095    i.prvResetNextTaskUnblockTime  tasks.o
    0x0800550c   0x0800550c   0x0000002c   Code   RO         4462    i.prvSampleTimeNow  timers.o
    0x08005538   0x08005538   0x000000c0   Code   RO         4463    i.prvSwitchTimerLists  timers.o
    0x080055f8   0x080055f8   0x0000007c   Code   RO         4651    i.prvTaskExitError  port.o
    0x08005674   0x08005674   0x0000007c   Code   RO         4097    i.prvTaskIsTaskSuspended  tasks.o
    0x080056f0   0x080056f0   0x0000001a   Code   RO         4464    i.prvTimerTask      timers.o
    0x0800570a   0x0800570a   0x00000092   Code   RO         3850    i.prvUnlockQueue    queue.o
    0x0800579c   0x0800579c   0x0000015c   Code   RO         4595    i.pvPortMalloc      heap_4.o
    0x080058f8   0x080058f8   0x00000020   Code   RO         4099    i.pvTaskIncrementMutexHeldCount  tasks.o
    0x08005918   0x08005918   0x0000002c   Code   RO         4652    i.pxPortInitialiseStack  port.o
    0x08005944   0x08005944   0x00000018   Code   RO         5160    i.r_init            md_s_curve.o
    0x0800595c   0x0800595c   0x00000064   Code   RO          145    i.startTask         main.o
    0x080059c0   0x080059c0   0x000000ac   Code   RO          450    i.usart1_init       usart.o
    0x08005a6c   0x08005a6c   0x00000028   Code   RO         3798    i.uxListRemove      list.o
    0x08005a94   0x08005a94   0x0000001a   Code   RO         3799    i.vListInitialise   list.o
    0x08005aae   0x08005aae   0x00000006   Code   RO         3800    i.vListInitialiseItem  list.o
    0x08005ab4   0x08005ab4   0x00000034   Code   RO         3801    i.vListInsert       list.o
    0x08005ae8   0x08005ae8   0x00000018   Code   RO         3802    i.vListInsertEnd    list.o
    0x08005b00   0x08005b00   0x00000090   Code   RO         4654    i.vPortEnterCritical  port.o
    0x08005b90   0x08005b90   0x00000078   Code   RO         4655    i.vPortExitCritical  port.o
    0x08005c08   0x08005c08   0x000000c0   Code   RO         4596    i.vPortFree         heap_4.o
    0x08005cc8   0x08005cc8   0x00000020   Code   RO         4656    i.vPortSetupTimerInterrupt  port.o
    0x08005ce8   0x08005ce8   0x000000a8   Code   RO         4657    i.vPortValidateInterruptPriority  port.o
    0x08005d90   0x08005d90   0x0000002c   Code   RO         3856    i.vQueueAddToRegistry  queue.o
    0x08005dbc   0x08005dbc   0x0000004a   Code   RO         3860    i.vQueueWaitForMessageRestricted  queue.o
    0x08005e06   0x08005e06   0x00000002   PAD
    0x08005e08   0x08005e08   0x0000007c   Code   RO         4107    i.vTaskDelay        tasks.o
    0x08005e84   0x08005e84   0x00000114   Code   RO         4109    i.vTaskDelete       tasks.o
    0x08005f98   0x08005f98   0x0000000c   Code   RO         4113    i.vTaskMissedYield  tasks.o
    0x08005fa4   0x08005fa4   0x0000005c   Code   RO         4115    i.vTaskPlaceOnEventList  tasks.o
    0x08006000   0x08006000   0x00000064   Code   RO         4116    i.vTaskPlaceOnEventListRestricted  tasks.o
    0x08006064   0x08006064   0x000000b0   Code   RO         4118    i.vTaskPriorityInherit  tasks.o
    0x08006114   0x08006114   0x000000b4   Code   RO         4120    i.vTaskResume       tasks.o
    0x080061c8   0x080061c8   0x00000054   Code   RO         4122    i.vTaskSetTimeOutState  tasks.o
    0x0800621c   0x0800621c   0x000000b4   Code   RO         4123    i.vTaskStartScheduler  tasks.o
    0x080062d0   0x080062d0   0x00000108   Code   RO         4124    i.vTaskSuspend      tasks.o
    0x080063d8   0x080063d8   0x00000010   Code   RO         4125    i.vTaskSuspendAll   tasks.o
    0x080063e8   0x080063e8   0x000000b0   Code   RO         4126    i.vTaskSwitchContext  tasks.o
    0x08006498   0x08006498   0x00000164   Code   RO         4658    i.xPortStartScheduler  port.o
    0x080065fc   0x080065fc   0x00000034   Code   RO         4659    i.xPortSysTickHandler  port.o
    0x08006630   0x08006630   0x0000007c   Code   RO         3865    i.xQueueGenericCreate  queue.o
    0x080066ac   0x080066ac   0x000001d0   Code   RO         3866    i.xQueueGenericReceive  queue.o
    0x0800687c   0x0800687c   0x000000b8   Code   RO         3867    i.xQueueGenericReset  queue.o
    0x08006934   0x08006934   0x000001cc   Code   RO         3868    i.xQueueGenericSend  queue.o
    0x08006b00   0x08006b00   0x00000118   Code   RO         3869    i.xQueueGenericSendFromISR  queue.o
    0x08006c18   0x08006c18   0x000000a8   Code   RO         4127    i.xTaskCheckForTimeOut  tasks.o
    0x08006cc0   0x08006cc0   0x00000060   Code   RO         4128    i.xTaskCreate       tasks.o
    0x08006d20   0x08006d20   0x00000020   Code   RO         4132    i.xTaskGetSchedulerState  tasks.o
    0x08006d40   0x08006d40   0x0000000c   Code   RO         4133    i.xTaskGetTickCount  tasks.o
    0x08006d4c   0x08006d4c   0x00000168   Code   RO         4135    i.xTaskIncrementTick  tasks.o
    0x08006eb4   0x08006eb4   0x000000e0   Code   RO         4138    i.xTaskPriorityDisinherit  tasks.o
    0x08006f94   0x08006f94   0x000000bc   Code   RO         4139    i.xTaskRemoveFromEventList  tasks.o
    0x08007050   0x08007050   0x00000128   Code   RO         4141    i.xTaskResumeAll    tasks.o
    0x08007178   0x08007178   0x00000078   Code   RO         4468    i.xTimerCreateTimerTask  timers.o
    0x080071f0   0x080071f0   0x000000a8   Code   RO         4469    i.xTimerGenericCommand  timers.o
    0x08007298   0x08007298   0x00000018   Code   RO         5161    i.z_init            md_s_curve.o
    0x080072b0   0x080072b0   0x0000002c   Code   RO         5753    locale$$code        c_w.l(lc_numeric_c.o)
    0x080072dc   0x080072dc   0x00000062   Code   RO         5594    x$fpl$d2f           fz_wm.l(d2f.o)
    0x0800733e   0x0800733e   0x00000002   PAD
    0x08007340   0x08007340   0x00000150   Code   RO         5650    x$fpl$dadd          fz_wm.l(daddsub_clz.o)
    0x08007490   0x08007490   0x00000018   Code   RO         5656    x$fpl$dcmpinf       fz_wm.l(dcmpi.o)
    0x080074a8   0x080074a8   0x000002b0   Code   RO         5597    x$fpl$ddiv          fz_wm.l(ddiv.o)
    0x08007758   0x08007758   0x0000005e   Code   RO         5658    x$fpl$dfix          fz_wm.l(dfix.o)
    0x080077b6   0x080077b6   0x0000002e   Code   RO         5601    x$fpl$dflt          fz_wm.l(dflt_clz.o)
    0x080077e4   0x080077e4   0x00000026   Code   RO         5600    x$fpl$dfltu         fz_wm.l(dflt_clz.o)
    0x0800780a   0x0800780a   0x00000002   PAD
    0x0800780c   0x0800780c   0x00000078   Code   RO         5606    x$fpl$dleqf         fz_wm.l(dleqf.o)
    0x08007884   0x08007884   0x00000154   Code   RO         5608    x$fpl$dmul          fz_wm.l(dmul.o)
    0x080079d8   0x080079d8   0x0000009c   Code   RO         5662    x$fpl$dnaninf       fz_wm.l(dnaninf.o)
    0x08007a74   0x08007a74   0x0000000c   Code   RO         5664    x$fpl$dretinf       fz_wm.l(dretinf.o)
    0x08007a80   0x08007a80   0x0000006c   Code   RO         5666    x$fpl$drleqf        fz_wm.l(drleqf.o)
    0x08007aec   0x08007aec   0x00000016   Code   RO         5651    x$fpl$drsb          fz_wm.l(daddsub_clz.o)
    0x08007b02   0x08007b02   0x00000002   PAD
    0x08007b04   0x08007b04   0x000001d4   Code   RO         5652    x$fpl$dsub          fz_wm.l(daddsub_clz.o)
    0x08007cd8   0x08007cd8   0x00000056   Code   RO         5610    x$fpl$f2d           fz_wm.l(f2d.o)
    0x08007d2e   0x08007d2e   0x0000008c   Code   RO         5668    x$fpl$fnaninf       fz_wm.l(fnaninf.o)
    0x08007dba   0x08007dba   0x0000000a   Code   RO         5821    x$fpl$fpinit        fz_wm.l(fpinit.o)
    0x08007dc4   0x08007dc4   0x0000000a   Code   RO         5670    x$fpl$fretinf       fz_wm.l(fretinf.o)
    0x08007dce   0x08007dce   0x00000004   Code   RO         5612    x$fpl$printf1       fz_wm.l(printf1.o)
    0x08007dd2   0x08007dd2   0x00000000   Code   RO         5672    x$fpl$usenofp       fz_wm.l(usenofp.o)
    0x08007dd2   0x08007dd2   0x000020f4   Data   RO         4937    .constdata          bsp_oled.o
    0x08009ec6   0x08009ec6   0x00000002   PAD
    0x08009ec8   0x08009ec8   0x00000058   Data   RO         5617    .constdata          m_wm.l(exp.o)
    0x08009f20   0x08009f20   0x00000094   Data   RO         5724    .constdata          c_w.l(bigflt0.o)
    0x08009fb4   0x08009fb4   0x00000020   Data   RO         5894    Region$$Table       anon$$obj.o
    0x08009fd4   0x08009fd4   0x0000001c   Data   RO         5752    locale$$data        c_w.l(lc_numeric_c.o)


    Execution Region RW_IRAM1 (Exec base: 0x20000000, Load base: 0x08009ff0, Size: 0x00005ce8, Max: 0x00020000, ABSOLUTE, COMPRESSED[0x00000058])

    Exec Addr    Load Addr    Size         Type   Attr      Idx    E Section Name        Object

    0x20000000   COMPRESSED   0x00000014   Data   RW            6    .data               system_stm32f4xx.o
    0x20000014   COMPRESSED   0x00000008   Data   RW          146    .data               main.o
    0x2000001c   COMPRESSED   0x00000008   Data   RW          366    .data               delay.o
    0x20000024   COMPRESSED   0x00000018   Data   RW          453    .data               usart.o
    0x2000003c   COMPRESSED   0x00000010   Data   RW         2184    .data               stm32f4xx_rcc.o
    0x2000004c   COMPRESSED   0x0000003c   Data   RW         4144    .data               tasks.o
    0x20000088   COMPRESSED   0x00000014   Data   RW         4477    .data               timers.o
    0x2000009c   COMPRESSED   0x00000018   Data   RW         4601    .data               heap_4.o
    0x200000b4   COMPRESSED   0x0000000c   Data   RW         4660    .data               port.o
    0x200000c0   COMPRESSED   0x00000020   Data   RW         4869    .data               bsp_air.o
    0x200000e0   COMPRESSED   0x00000040   Data   RW         5163    .data               md_s_curve.o
    0x20000120   COMPRESSED   0x000001d0   Data   RW         5266    .data               tk_fsm.o
    0x200002f0   COMPRESSED   0x00000008   Data   RW         5516    .data               tk_information.o
    0x200002f8        -       0x00000040   Zero   RW         3880    .bss                queue.o
    0x20000338        -       0x000002e4   Zero   RW         4143    .bss                tasks.o
    0x2000061c        -       0x00000028   Zero   RW         4476    .bss                timers.o
    0x20000644        -       0x00005000   Zero   RW         4600    .bss                heap_4.o
    0x20005644        -       0x00000010   Zero   RW         4868    .bss                bsp_air.o
    0x20005654        -       0x00000010   Zero   RW         5162    .bss                md_s_curve.o
    0x20005664        -       0x00000020   Zero   RW         5264    .bss                tk_fsm.o
    0x20005684        -       0x00000060   Zero   RW         5758    .bss                c_w.l(libspace.o)
    0x200056e4   COMPRESSED   0x00000004   PAD
    0x200056e8        -       0x00000200   Zero   RW          351    HEAP                startup_stm32f40_41xxx.o
    0x200058e8        -       0x00000400   Zero   RW          350    STACK               startup_stm32f40_41xxx.o


==============================================================================

Image component sizes


      Code (inc. data)   RO Data    RW Data    ZI Data      Debug   Object Name

       752         56          0          0          0       6418   bsp_ads1115.o
      1944        112          0         32         16       3699   bsp_air.o
      1286         84       8436          0          0       8780   bsp_oled.o
       236         22          0          8          0       2521   delay.o
         0          0          0          0          0      11764   event_groups.o
       768        192          0         24      20480       3955   heap_4.o
       148          0          0          0          0       3210   list.o
       218         54          0          8          0     242009   main.o
      2212        230          0         64         16      11208   md_s_curve.o
       180         24          0          0          0       2069   misc.o
      1222        436          0         12          0      10829   port.o
      2212        286          0          0         64      15793   queue.o
        64         26        392          0       1536        836   startup_stm32f40_41xxx.o
       222          0          0          0          0       2859   stm32f4xx_gpio.o
       520         28          0          0          0       6095   stm32f4xx_i2c.o
        20          0          0          0          0       2617   stm32f4xx_it.o
       360         42          0         16          0       5168   stm32f4xx_rcc.o
      1090         48          0          0          0      16092   stm32f4xx_tim.o
       434          8          0          0          0       4892   stm32f4xx_usart.o
       340         32          0         20          0      62101   system_stm32f4xx.o
      4078       1174          0         60        740      31380   tasks.o
      1330        332          0         20         40       8803   timers.o
      1972        116          0        464         32     236111   tk_fsm.o
       412         76          0          8          0        993   tk_information.o
       288         34          0         24          0       6067   usart.o

    ----------------------------------------------------------------------
     22338       3412       8862        760      22924     706269   Object Totals
         0          0         32          0          0          0   (incl. Generated)
        30          0          2          0          0          0   (incl. Padding)

    ----------------------------------------------------------------------

      Code (inc. data)   RO Data    RW Data    ZI Data      Debug   Library Member Name

        90          0          0          0          0          0   __dczerorl2.o
         8          0          0          0          0         68   __main.o
       352          0          0          0          0         88   __printf_ss_wp.o
        14          0          0          0          0         68   __printf_wp.o
         0          0          0          0          0          0   __rtentry.o
        12          0          0          0          0          0   __rtentry2.o
         6          0          0          0          0          0   __rtentry4.o
        52          8          0          0          0          0   __scatter.o
        28          0          0          0          0          0   __scatter_zi.o
        44          0          0          0          0        108   _printf_char.o
        48          6          0          0          0         96   _printf_char_common.o
        36          4          0          0          0         80   _printf_char_file.o
         6          0          0          0          0          0   _printf_d.o
       120         16          0          0          0         92   _printf_dec.o
         6          0          0          0          0          0   _printf_f.o
      1054          0          0          0          0        216   _printf_fp_dec.o
       128         16          0          0          0         84   _printf_fp_infnan.o
       178          0          0          0          0         88   _printf_intcommon.o
         0          0          0          0          0          0   _printf_percent.o
         4          0          0          0          0          0   _printf_percent_end.o
         6          0          0          0          0          0   _printf_s.o
        82          0          0          0          0         80   _printf_str.o
        22          0          0          0          0        100   _rserrno.o
        10          0          0          0          0         68   _sputc.o
        16          0          0          0          0         68   aeabi_memset.o
       228          4        148          0          0         96   bigflt0.o
      1936        128          0          0          0        672   btod.o
        18          0          0          0          0         80   exit.o
         8          0          0          0          0         68   ferror.o
         6          0          0          0          0        152   heapauxi.o
        44         10         28          0          0         76   lc_numeric_c.o
         2          0          0          0          0          0   libinit.o
        22          0          0          0          0          0   libinit2.o
         2          0          0          0          0          0   libshutdown.o
         2          0          0          0          0          0   libshutdown2.o
         8          4          0          0         96         68   libspace.o
       138          0          0          0          0         80   lludiv10.o
        24          4          0          0          0         84   noretval__2printf.o
        40          6          0          0          0         84   noretval__2sprintf.o
         8          4          0          0          0         68   rt_errno_addr_intlibspace.o
         8          4          0          0          0         68   rt_locale_intlibspace.o
        68          0          0          0          0         68   rt_memclr.o
        78          0          0          0          0         80   rt_memclr_w.o
       138          0          0          0          0         68   rt_memcpy_v6.o
       100          0          0          0          0         80   rt_memcpy_w.o
         2          0          0          0          0          0   rtexit.o
        10          0          0          0          0          0   rtexit2.o
       128          0          0          0          0         68   strcmpv7m.o
        74          0          0          0          0         80   sys_stackheap_outer.o
         2          0          0          0          0         68   use_no_semi.o
         2          0          0          0          0         68   use_no_semi_2.o
        98          4          0          0          0        140   d2f.o
       826         16          0          0          0        492   daddsub_clz.o
        24          0          0          0          0        116   dcmpi.o
       688        140          0          0          0        256   ddiv.o
        94          4          0          0          0        140   dfix.o
        84          0          0          0          0        232   dflt_clz.o
       120          4          0          0          0        140   dleqf.o
       340         12          0          0          0        152   dmul.o
       156          4          0          0          0        140   dnaninf.o
        12          0          0          0          0        116   dretinf.o
       108          0          0          0          0        128   drleqf.o
        86          4          0          0          0        132   f2d.o
       140          4          0          0          0        132   fnaninf.o
        10          0          0          0          0        116   fpinit.o
        10          0          0          0          0        116   fretinf.o
         4          0          0          0          0        116   printf1.o
         0          0          0          0          0          0   usenofp.o
        84         16          0          0          0        372   dunder.o
       856        142         88          0          0        288   exp.o
        48          0          0          0          0        124   fpclassify.o
       248          0          0          0          0        152   poly.o

    ----------------------------------------------------------------------
      9480        564        264          0        100       7080   Library Totals
        26          0          0          0          4          0   (incl. Padding)

    ----------------------------------------------------------------------

      Code (inc. data)   RO Data    RW Data    ZI Data      Debug   Library Name

      5418        214        176          0         96       3480   c_w.l
      2800        192          0          0          0       2664   fz_wm.l
      1236        158         88          0          0        936   m_wm.l

    ----------------------------------------------------------------------
      9480        564        264          0        100       7080   Library Totals

    ----------------------------------------------------------------------

==============================================================================


      Code (inc. data)   RO Data    RW Data    ZI Data      Debug   

     31818       3976       9126        760      23024     690173   Grand Totals
     31818       3976       9126         88      23024     690173   ELF Image Totals (compressed)
     31818       3976       9126         88          0          0   ROM Totals

==============================================================================

    Total RO  Size (Code + RO Data)                40944 (  39.98kB)
    Total RW  Size (RW Data + ZI Data)             23784 (  23.23kB)
    Total ROM Size (Code + RO Data + RW Data)      41032 (  40.07kB)

==============================================================================

