Component: ARM Compiler 5.06 update 7 (build 960) Tool: armlink [4d3601]

==============================================================================

Section Cross References

    system_stm32f4xx.o(i.SystemCoreClockUpdate) refers to system_stm32f4xx.o(.data) for .data
    system_stm32f4xx.o(i.SystemInit) refers to system_stm32f4xx.o(i.SetSysClock) for SetSysClock
    main.o(i.BSP_INIT) refers to misc.o(i.NVIC_PriorityGroupConfig) for NVIC_PriorityGroupConfig
    main.o(i.BSP_INIT) refers to delay.o(i.delay_init) for delay_init
    main.o(i.BSP_INIT) refers to tk_fsm.o(i.RobotStateInit) for RobotStateInit
    main.o(i.BSP_INIT) refers to usart.o(i.usart1_init) for usart1_init
    main.o(i.BSP_INIT) refers to bsp_air.o(i.bsp_Air_Init) for bsp_Air_Init
    main.o(i.BSP_INIT) refers to bsp_ads1115.o(i.bsp_ADS1115_Init) for bsp_ADS1115_Init
    main.o(i.BSP_INIT) refers to md_s_curve.o(i.bsp_ALL_GPIO_Init) for bsp_ALL_GPIO_Init
    main.o(i.BSP_INIT) refers to md_s_curve.o(i.bsp_XY_TIM3_Config) for bsp_XY_TIM3_Config
    main.o(i.BSP_INIT) refers to md_s_curve.o(i.z_init) for z_init
    main.o(i.BSP_INIT) refers to md_s_curve.o(i.r_init) for r_init
    main.o(i.BSP_INIT) refers to bsp_oled.o(i.bsp_I2C_OLED_Init) for bsp_I2C_OLED_Init
    main.o(i.BSP_INIT) refers to bsp_oled.o(i.bsp_OLED_Init) for bsp_OLED_Init
    main.o(i.main) refers to main.o(i.BSP_INIT) for BSP_INIT
    main.o(i.main) refers to tasks.o(i.xTaskCreate) for xTaskCreate
    main.o(i.main) refers to tasks.o(i.vTaskStartScheduler) for vTaskStartScheduler
    main.o(i.main) refers to main.o(.data) for .data
    main.o(i.main) refers to main.o(i.startTask) for startTask
    main.o(i.startTask) refers to port.o(i.vPortEnterCritical) for vPortEnterCritical
    main.o(i.startTask) refers to tasks.o(i.xTaskCreate) for xTaskCreate
    main.o(i.startTask) refers to tasks.o(i.vTaskDelete) for vTaskDelete
    main.o(i.startTask) refers to port.o(i.vPortExitCritical) for vPortExitCritical
    main.o(i.startTask) refers to tk_fsm.o(i.FSM) for FSM
    main.o(i.startTask) refers to main.o(.data) for .data
    main.o(i.startTask) refers to tk_show.o(i.Show) for Show
    main.o(i.startTask) refers to tk_information.o(i.Information) for Information
    startup_stm32f40_41xxx.o(STACK) refers (Special) to heapauxi.o(.text) for __use_two_region_memory
    startup_stm32f40_41xxx.o(HEAP) refers (Special) to heapauxi.o(.text) for __use_two_region_memory
    startup_stm32f40_41xxx.o(RESET) refers (Special) to heapauxi.o(.text) for __use_two_region_memory
    startup_stm32f40_41xxx.o(RESET) refers to startup_stm32f40_41xxx.o(STACK) for __initial_sp
    startup_stm32f40_41xxx.o(RESET) refers to startup_stm32f40_41xxx.o(.text) for Reset_Handler
    startup_stm32f40_41xxx.o(RESET) refers to stm32f4xx_it.o(i.NMI_Handler) for NMI_Handler
    startup_stm32f40_41xxx.o(RESET) refers to stm32f4xx_it.o(i.HardFault_Handler) for HardFault_Handler
    startup_stm32f40_41xxx.o(RESET) refers to stm32f4xx_it.o(i.MemManage_Handler) for MemManage_Handler
    startup_stm32f40_41xxx.o(RESET) refers to stm32f4xx_it.o(i.BusFault_Handler) for BusFault_Handler
    startup_stm32f40_41xxx.o(RESET) refers to stm32f4xx_it.o(i.UsageFault_Handler) for UsageFault_Handler
    startup_stm32f40_41xxx.o(RESET) refers to port.o(.emb_text) for SVC_Handler
    startup_stm32f40_41xxx.o(RESET) refers to stm32f4xx_it.o(i.DebugMon_Handler) for DebugMon_Handler
    startup_stm32f40_41xxx.o(RESET) refers to delay.o(i.SysTick_Handler) for SysTick_Handler
    startup_stm32f40_41xxx.o(RESET) refers to bsp_air.o(i.TIM1_CC_IRQHandler) for TIM1_CC_IRQHandler
    startup_stm32f40_41xxx.o(RESET) refers to md_s_curve.o(i.TIM2_IRQHandler) for TIM2_IRQHandler
    startup_stm32f40_41xxx.o(RESET) refers to md_s_curve.o(i.TIM3_IRQHandler) for TIM3_IRQHandler
    startup_stm32f40_41xxx.o(RESET) refers to bsp_air.o(i.TIM4_IRQHandler) for TIM4_IRQHandler
    startup_stm32f40_41xxx.o(RESET) refers to usart.o(i.USART1_IRQHandler) for USART1_IRQHandler
    startup_stm32f40_41xxx.o(RESET) refers to md_s_curve.o(i.TIM5_IRQHandler) for TIM5_IRQHandler
    startup_stm32f40_41xxx.o(RESET) refers to usart.o(i.USART6_IRQHandler) for USART6_IRQHandler
    startup_stm32f40_41xxx.o(.text) refers (Special) to heapauxi.o(.text) for __use_two_region_memory
    startup_stm32f40_41xxx.o(.text) refers to system_stm32f4xx.o(i.SystemInit) for SystemInit
    startup_stm32f40_41xxx.o(.text) refers to __main.o(!!!main) for __main
    startup_stm32f40_41xxx.o(.text) refers to startup_stm32f40_41xxx.o(HEAP) for Heap_Mem
    startup_stm32f40_41xxx.o(.text) refers to startup_stm32f40_41xxx.o(STACK) for Stack_Mem
    delay.o(i.SysTick_Handler) refers to tasks.o(i.xTaskGetSchedulerState) for xTaskGetSchedulerState
    delay.o(i.SysTick_Handler) refers to port.o(i.xPortSysTickHandler) for xPortSysTickHandler
    delay.o(i.SysTick_Handler) refers to delay.o(.data) for .data
[...]
    __rt_lib_init_heap_1                     0x08000259   Thumb Code     0  libinit2.o(.ARM.Collect$$libinit$$0000000A)
    __rt_lib_init_lc_common                  0x08000259   Thumb Code     0  libinit2.o(.ARM.Collect$$libinit$$0000000F)
    __rt_lib_init_preinit_1                  0x08000259   Thumb Code     0  libinit2.o(.ARM.Collect$$libinit$$00000004)
    __rt_lib_init_rand_1                     0x08000259   Thumb Code     0  libinit2.o(.ARM.Collect$$libinit$$0000000E)
    __rt_lib_init_user_alloc_1               0x08000259   Thumb Code     0  libinit2.o(.ARM.Collect$$libinit$$0000000C)
    __rt_lib_init_lc_collate_1               0x0800025f   Thumb Code     0  libinit2.o(.ARM.Collect$$libinit$$00000011)
    __rt_lib_init_lc_ctype_1                 0x0800025f   Thumb Code     0  libinit2.o(.ARM.Collect$$libinit$$00000013)
    __rt_lib_init_lc_monetary_1              0x0800025f   Thumb Code     0  libinit2.o(.ARM.Collect$$libinit$$00000015)
    __rt_lib_init_lc_numeric_2               0x0800025f   Thumb Code     0  libinit2.o(.ARM.Collect$$libinit$$00000016)
    __rt_lib_init_alloca_1                   0x08000269   Thumb Code     0  libinit2.o(.ARM.Collect$$libinit$$0000002E)
    __rt_lib_init_argv_1                     0x08000269   Thumb Code     0  libinit2.o(.ARM.Collect$$libinit$$0000002C)
    __rt_lib_init_atexit_1                   0x08000269   Thumb Code     0  libinit2.o(.ARM.Collect$$libinit$$0000001B)
    __rt_lib_init_clock_1                    0x08000269   Thumb Code     0  libinit2.o(.ARM.Collect$$libinit$$00000021)
    __rt_lib_init_cpp_1                      0x08000269   Thumb Code     0  libinit2.o(.ARM.Collect$$libinit$$00000032)
    __rt_lib_init_exceptions_1               0x08000269   Thumb Code     0  libinit2.o(.ARM.Collect$$libinit$$00000030)
    __rt_lib_init_fp_trap_1                  0x08000269   Thumb Code     0  libinit2.o(.ARM.Collect$$libinit$$0000001F)
    __rt_lib_init_getenv_1                   0x08000269   Thumb Code     0  libinit2.o(.ARM.Collect$$libinit$$00000023)
    __rt_lib_init_lc_numeric_1               0x08000269   Thumb Code     0  libinit2.o(.ARM.Collect$$libinit$$00000017)
    __rt_lib_init_lc_time_1                  0x08000269   Thumb Code     0  libinit2.o(.ARM.Collect$$libinit$$00000019)
    __rt_lib_init_return                     0x08000269   Thumb Code     0  libinit2.o(.ARM.Collect$$libinit$$00000033)
    __rt_lib_init_signal_1                   0x08000269   Thumb Code     0  libinit2.o(.ARM.Collect$$libinit$$0000001D)
    __rt_lib_init_stdio_1                    0x08000269   Thumb Code     0  libinit2.o(.ARM.Collect$$libinit$$00000025)
    __rt_lib_shutdown                        0x0800026b   Thumb Code     0  libshutdown.o(.ARM.Collect$$libshutdown$$00000000)
    __rt_lib_shutdown_cpp_1                  0x0800026d   Thumb Code     0  libshutdown2.o(.ARM.Collect$$libshutdown$$00000004)
    __rt_lib_shutdown_fini_1                 0x0800026d   Thumb Code     0  libshutdown2.o(.ARM.Collect$$libshutdown$$00000002)
    __rt_lib_shutdown_fp_trap_1              0x0800026d   Thumb Code     0  libshutdown2.o(.ARM.Collect$$libshutdown$$00000009)
    __rt_lib_shutdown_heap_1                 0x0800026d   Thumb Code     0  libshutdown2.o(.ARM.Collect$$libshutdown$$00000011)
    __rt_lib_shutdown_return                 0x0800026d   Thumb Code     0  libshutdown2.o(.ARM.Collect$$libshutdown$$00000012)
    __rt_lib_shutdown_signal_1               0x0800026d   Thumb Code     0  libshutdown2.o(.ARM.Collect$$libshutdown$$0000000C)
    __rt_lib_shutdown_stdio_1                0x0800026d   Thumb Code     0  libshutdown2.o(.ARM.Collect$$libshutdown$$00000006)
    __rt_lib_shutdown_user_alloc_1           0x0800026d   Thumb Code     0  libshutdown2.o(.ARM.Collect$$libshutdown$$0000000E)
    __rt_entry                               0x0800026f   Thumb Code     0  __rtentry.o(.ARM.Collect$$rtentry$$00000000)
    __rt_entry_presh_1                       0x0800026f   Thumb Code     0  __rtentry2.o(.ARM.Collect$$rtentry$$00000002)
    __rt_entry_sh                            0x0800026f   Thumb Code     0  __rtentry4.o(.ARM.Collect$$rtentry$$00000004)
    __rt_entry_li                            0x08000275   Thumb Code     0  __rtentry2.o(.ARM.Collect$$rtentry$$0000000A)
    __rt_entry_postsh_1                      0x08000275   Thumb Code     0  __rtentry2.o(.ARM.Collect$$rtentry$$00000009)
    __rt_entry_main                          0x08000279   Thumb Code     0  __rtentry2.o(.ARM.Collect$$rtentry$$0000000D)
    __rt_entry_postli_1                      0x08000279   Thumb Code     0  __rtentry2.o(.ARM.Collect$$rtentry$$0000000C)
    __rt_exit                                0x08000281   Thumb Code     0  rtexit.o(.ARM.Collect$$rtexit$$00000000)
    __rt_exit_ls                             0x08000283   Thumb Code     0  rtexit2.o(.ARM.Collect$$rtexit$$00000003)
    __rt_exit_prels_1                        0x08000283   Thumb Code     0  rtexit2.o(.ARM.Collect$$rtexit$$00000002)
    __rt_exit_exit                           0x08000287   Thumb Code     0  rtexit2.o(.ARM.Collect$$rtexit$$00000004)
    SVC_Handler                              0x0800028d   Thumb Code    28  port.o(.emb_text)
    __asm___6_port_c_39a90d8d__prvStartFirstTask 0x080002ad   Thumb Code    28  port.o(.emb_text)
    __asm___6_port_c_39a90d8d__prvEnableVFP  0x080002cd   Thumb Code    16  port.o(.emb_text)
    PendSV_Handler                           0x080002e1   Thumb Code    88  port.o(.emb_text)
    vPortGetIPSR                             0x0800033d   Thumb Code     6  port.o(.emb_text)
    Reset_Handler                            0x08000345   Thumb Code     8  startup_stm32f40_41xxx.o(.text)
    ADC_IRQHandler                           0x0800035f   Thumb Code     0  startup_stm32f40_41xxx.o(.text)
    CAN1_RX0_IRQHandler                      0x0800035f   Thumb Code     0  startup_stm32f40_41xxx.o(.text)
    CAN1_RX1_IRQHandler                      0x0800035f   Thumb Code     0  startup_stm32f40_41xxx.o(.text)
    CAN1_SCE_IRQHandler                      0x0800035f   Thumb Code     0  startup_stm32f40_41xxx.o(.text)
    CAN1_TX_IRQHandler                       0x0800035f   Thumb Code     0  startup_stm32f40_41xxx.o(.text)
    CAN2_RX0_IRQHandler                      0x0800035f   Thumb Code     0  startup_stm32f40_41xxx.o(.text)
    CAN2_RX1_IRQHandler                      0x0800035f   Thumb Code     0  startup_stm32f40_41xxx.o(.text)
    CAN2_SCE_IRQHandler                      0x0800035f   Thumb Code     0  startup_stm32f40_41xxx.o(.text)
    CAN2_TX_IRQHandler                       0x0800035f   Thumb Code     0  startup_stm32f40_41xxx.o(.text)
    CRYP_IRQHandler                          0x0800035f   Thumb Code     0  startup_stm32f40_41xxx.o(.text)
    DCMI_IRQHandler                          0x0800035f   Thumb Code     0  startup_stm32f40_41xxx.o(.text)
    DMA1_Stream0_IRQHandler                  0x0800035f   Thumb Code     0  startup_stm32f40_41xxx.o(.text)
    DMA1_Stream1_IRQHandler                  0x0800035f   Thumb Code     0  startup_stm32f40_41xxx.o(.text)
    DMA1_Stream2_IRQHandler                  0x0800035f   Thumb Code     0  startup_stm32f40_41xxx.o(.text)
    DMA1_Stream3_IRQHandler                  0x0800035f   Thumb Code     0  startup_stm32f40_41xxx.o(.text)
    DMA1_Stream4_IRQHandler                  0x0800035f   Thumb Code     0  startup_stm32f40_41xxx.o(.text)
    DMA1_Stream5_IRQHandler                  0x0800035f   Thumb Code     0  startup_stm32f40_41xxx.o(.text)
    DMA1_Stream6_IRQHandler                  0x0800035f   Thumb Code     0  startup_stm32f40_41xxx.o(.text)
    DMA1_Stream7_IRQHandler                  0x0800035f   Thumb Code     0  startup_stm32f40_41xxx.o(.text)
    DMA2_Stream0_IRQHandler                  0x0800035f   Thumb Code     0  startup_stm32f40_41xxx.o(.text)
    DMA2_Stream1_IRQHandler                  0x0800035f   Thumb Code     0  startup_stm32f40_41xxx.o(.text)
    DMA2_Stream2_IRQHandler                  0x0800035f   Thumb Code     0  startup_stm32f40_41xxx.o(.text)
    DMA2_Stream3_IRQHandler                  0x0800035f   Thumb Code     0  startup_stm32f40_41xxx.o(.text)
    DMA2_Stream4_IRQHandler                  0x0800035f   Thumb Code     0  startup_stm32f40_41xxx.o(.text)
    DMA2_Stream5_IRQHandler                  0x0800035f   Thumb Code     0  startup_stm32f40_41xxx.o(.text)
    DMA2_Stream6_IRQHandler                  0x0800035f   Thumb Code     0  startup_stm32f40_41xxx.o(.text)
    DMA2_Stream7_IRQHandler                  0x0800035f   Thumb Code     0  startup_stm32f40_41xxx.o(.text)
    ETH_IRQHandler                           0x0800035f   Thumb Code     0  startup_stm32f40_41xxx.o(.text)
    ETH_WKUP_IRQHandler                      0x0800035f   Thumb Code     0  startup_stm32f40_41xxx.o(.text)
    EXTI0_IRQHandler                         0x0800035f   Thumb Code     0  startup_stm32f40_41xxx.o(.text)
    EXTI15_10_IRQHandler                     0x0800035f   Thumb Code     0  startup_stm32f40_41xxx.o(.text)
    EXTI1_IRQHandler                         0x0800035f   Thumb Code     0  startup_stm32f40_41xxx.o(.text)
    EXTI2_IRQHandler                         0x0800035f   Thumb Code     0  startup_stm32f40_41xxx.o(.text)
    EXTI3_IRQHandler                         0x0800035f   Thumb Code     0  startup_stm32f40_41xxx.o(.text)
    EXTI4_IRQHandler                         0x0800035f   Thumb Code     0  startup_stm32f40_41xxx.o(.text)
    EXTI9_5_IRQHandler                       0x0800035f   Thumb Code     0  startup_stm32f40_41xxx.o(.text)
    FLASH_IRQHandler                         0x0800035f   Thumb Code     0  startup_stm32f40_41xxx.o(.text)
    FPU_IRQHandler                           0x0800035f   Thumb Code     0  startup_stm32f40_41xxx.o(.text)
    FSMC_IRQHandler                          0x0800035f   Thumb Code     0  startup_stm32f40_41xxx.o(.text)
    HASH_RNG_IRQHandler                      0x0800035f   Thumb Code     0  startup_stm32f40_41xxx.o(.text)
    I2C1_ER_IRQHandler                       0x0800035f   Thumb Code     0  startup_stm32f40_41xxx.o(.text)
    I2C1_EV_IRQHandler                       0x0800035f   Thumb Code     0  startup_stm32f40_41xxx.o(.text)
    I2C2_ER_IRQHandler                       0x0800035f   Thumb Code     0  startup_stm32f40_41xxx.o(.text)
    I2C2_EV_IRQHandler                       0x0800035f   Thumb Code     0  startup_stm32f40_41xxx.o(.text)
    I2C3_ER_IRQHandler                       0x0800035f   Thumb Code     0  startup_stm32f40_41xxx.o(.text)
    I2C3_EV_IRQHandler                       0x0800035f   Thumb Code     0  startup_stm32f40_41xxx.o(.text)
    OTG_FS_IRQHandler                        0x0800035f   Thumb Code     0  startup_stm32f40_41xxx.o(.text)
    OTG_FS_WKUP_IRQHandler                   0x0800035f   Thumb Code     0  startup_stm32f40_41xxx.o(.text)
    OTG_HS_EP1_IN_IRQHandler                 0x0800035f   Thumb Code     0  startup_stm32f40_41xxx.o(.text)
    OTG_HS_EP1_OUT_IRQHandler                0x0800035f   Thumb Code     0  startup_stm32f40_41xxx.o(.text)
    OTG_HS_IRQHandler                        0x0800035f   Thumb Code     0  startup_stm32f40_41xxx.o(.text)
    OTG_HS_WKUP_IRQHandler                   0x0800035f   Thumb Code     0  startup_stm32f40_41xxx.o(.text)
    PVD_IRQHandler                           0x0800035f   Thumb Code     0  startup_stm32f40_41xxx.o(.text)
    RCC_IRQHandler                           0x0800035f   Thumb Code     0  startup_stm32f40_41xxx.o(.text)
    RTC_Alarm_IRQHandler                     0x0800035f   Thumb Code     0  startup_stm32f40_41xxx.o(.text)
    RTC_WKUP_IRQHandler                      0x0800035f   Thumb Code     0  startup_stm32f40_41xxx.o(.text)
    SDIO_IRQHandler                          0x0800035f   Thumb Code     0  startup_stm32f40_41xxx.o(.text)
    SPI1_IRQHandler                          0x0800035f   Thumb Code     0  startup_stm32f40_41xxx.o(.text)
    SPI2_IRQHandler                          0x0800035f   Thumb Code     0  startup_stm32f40_41xxx.o(.text)
    SPI3_IRQHandler                          0x0800035f   Thumb Code     0  startup_stm32f40_41xxx.o(.text)
    TAMP_STAMP_IRQHandler                    0x0800035f   Thumb Code     0  startup_stm32f40_41xxx.o(.text)
    TIM1_BRK_TIM9_IRQHandler                 0x0800035f   Thumb Code     0  startup_stm32f40_41xxx.o(.text)
    TIM1_TRG_COM_TIM11_IRQHandler            0x0800035f   Thumb Code     0  startup_stm32f40_41xxx.o(.text)
    TIM1_UP_TIM10_IRQHandler                 0x0800035f   Thumb Code     0  startup_stm32f40_41xxx.o(.text)
    TIM6_DAC_IRQHandler                      0x0800035f   Thumb Code     0  startup_stm32f40_41xxx.o(.text)
    TIM7_IRQHandler                          0x0800035f   Thumb Code     0  startup_stm32f40_41xxx.o(.text)
    TIM8_BRK_TIM12_IRQHandler                0x0800035f   Thumb Code     0  startup_stm32f40_41xxx.o(.text)
    TIM8_CC_IRQHandler                       0x0800035f   Thumb Code     0  startup_stm32f40_41xxx.o(.text)
    TIM8_TRG_COM_TIM14_IRQHandler            0x0800035f   Thumb Code     0  startup_stm32f40_41xxx.o(.text)
    TIM8_UP_TIM13_IRQHandler                 0x0800035f   Thumb Code     0  startup_stm32f40_41xxx.o(.text)
    UART4_IRQHandler                         0x0800035f   Thumb Code     0  startup_stm32f40_41xxx.o(.text)
    UART5_IRQHandler                         0x0800035f   Thumb Code     0  startup_stm32f40_41xxx.o(.text)
    USART2_IRQHandler                        0x0800035f   Thumb Code     0  startup_stm32f40_41xxx.o(.text)
    USART3_IRQHandler                        0x0800035f   Thumb Code     0  startup_stm32f40_41xxx.o(.text)
    WWDG_IRQHandler                          0x0800035f   Thumb Code     0  startup_stm32f40_41xxx.o(.text)
    __user_initial_stackheap                 0x08000361   Thumb Code     0  startup_stm32f40_41xxx.o(.text)
    __use_no_semihosting                     0x08000385   Thumb Code     2  use_no_semi_2.o(.text)
    __2printf                                0x08000389   Thumb Code    20  noretval__2printf.o(.text)
    __2sprintf                               0x080003a1   Thumb Code    34  noretval__2sprintf.o(.text)
    _printf_str                              0x080003c9   Thumb Code    82  _printf_str.o(.text)
    _printf_int_dec                          0x0800041d   Thumb Code   104  _printf_dec.o(.text)
    __printf                                 0x08000495   Thumb Code   352  __printf_ss_wp.o(.text)
    __aeabi_memcpy                           0x080005f5   Thumb Code     0  rt_memcpy_v6.o(.text)
    __rt_memcpy                              0x080005f5   Thumb Code   138  rt_memcpy_v6.o(.text)
    _memcpy_lastbytes                        0x0800065b   Thumb Code     0  rt_memcpy_v6.o(.text)
    __aeabi_memset                           0x0800067f   Thumb Code    16  aeabi_memset.o(.text)
    __aeabi_memclr4                          0x0800068f   Thumb Code     0  rt_memclr_w.o(.text)
    __aeabi_memclr8                          0x0800068f   Thumb Code     0  rt_memclr_w.o(.text)
    __rt_memclr_w                            0x0800068f   Thumb Code    78  rt_memclr_w.o(.text)
    _memset_w                                0x08000693   Thumb Code     0  rt_memclr_w.o(.text)
    __use_two_region_memory                  0x080006dd   Thumb Code     2  heapauxi.o(.text)
    __rt_heap_escrow$2region                 0x080006df   Thumb Code     2  heapauxi.o(.text)
    __rt_heap_expand$2region                 0x080006e1   Thumb Code     2  heapauxi.o(.text)
    __I$use$semihosting                      0x080006e3   Thumb Code     0  use_no_semi.o(.text)
    __use_no_semihosting_swi                 0x080006e3   Thumb Code     2  use_no_semi.o(.text)
    __read_errno                             0x080006e5   Thumb Code    10  _rserrno.o(.text)
    __set_errno                              0x080006ef   Thumb Code    12  _rserrno.o(.text)
    _printf_int_common                       0x080006fb   Thumb Code   178  _printf_intcommon.o(.text)
    __lib_sel_fp_printf                      0x080007ad   Thumb Code     2  _printf_fp_dec.o(.text)
    _printf_fp_dec_real                      0x0800095f   Thumb Code   620  _printf_fp_dec.o(.text)
    _printf_char_common                      0x08000bd7   Thumb Code    32  _printf_char_common.o(.text)
    _sputc                                   0x08000bfd   Thumb Code    10  _sputc.o(.text)
    _printf_cs_common                        0x08000c07   Thumb Code    20  _printf_char.o(.text)
    _printf_char                             0x08000c1b   Thumb Code    16  _printf_char.o(.text)
    _printf_string                           0x08000c2b   Thumb Code     8  _printf_char.o(.text)
    _printf_char_file                        0x08000c35   Thumb Code    32  _printf_char_file.o(.text)
    __aeabi_memcpy4                          0x08000c59   Thumb Code     0  rt_memcpy_w.o(.text)
    __aeabi_memcpy8                          0x08000c59   Thumb Code     0  rt_memcpy_w.o(.text)
    __rt_memcpy_w                            0x08000c59   Thumb Code   100  rt_memcpy_w.o(.text)
    _memcpy_lastbytes_aligned                0x08000ca1   Thumb Code     0  rt_memcpy_w.o(.text)
    __aeabi_memclr                           0x08000cbd   Thumb Code     0  rt_memclr.o(.text)
    __rt_memclr                              0x08000cbd   Thumb Code    68  rt_memclr.o(.text)
    _memset                                  0x08000cc1   Thumb Code     0  rt_memclr.o(.text)
    __rt_locale                              0x08000d01   Thumb Code     8  rt_locale_intlibspace.o(.text)
    __aeabi_errno_addr                       0x08000d09   Thumb Code     8  rt_errno_addr_intlibspace.o(.text)
    __errno$intlibspace                      0x08000d09   Thumb Code     0  rt_errno_addr_intlibspace.o(.text)
    __rt_errno_addr$intlibspace              0x08000d09   Thumb Code     0  rt_errno_addr_intlibspace.o(.text)
    _ll_udiv10                               0x08000d11   Thumb Code   138  lludiv10.o(.text)
    _printf_fp_infnan                        0x08000d9d   Thumb Code   112  _printf_fp_infnan.o(.text)
    _btod_etento                             0x08000e1d   Thumb Code   224  bigflt0.o(.text)
    ferror                                   0x08000f01   Thumb Code     8  ferror.o(.text)
    __user_libspace                          0x08000f09   Thumb Code     8  libspace.o(.text)
    __user_perproc_libspace                  0x08000f09   Thumb Code     0  libspace.o(.text)
    __user_perthread_libspace                0x08000f09   Thumb Code     0  libspace.o(.text)
    __user_setup_stackheap                   0x08000f11   Thumb Code    74  sys_stackheap_outer.o(.text)
    exit                                     0x08000f5b   Thumb Code    18  exit.o(.text)
    strcmp                                   0x08000f6d   Thumb Code   128  strcmpv7m.o(.text)
    _btod_d2e                                0x08000fed   Thumb Code    62  btod.o(CL$$btod_d2e)
    _d2e_denorm_low                          0x0800102b   Thumb Code    70  btod.o(CL$$btod_d2e_denorm_low)
    _d2e_norm_op1                            0x08001071   Thumb Code    96  btod.o(CL$$btod_d2e_norm_op1)
    __btod_div_common                        0x080010d1   Thumb Code   696  btod.o(CL$$btod_div_common)
    _e2e                                     0x08001409   Thumb Code   220  btod.o(CL$$btod_e2e)
    _btod_ediv                               0x080014e5   Thumb Code    42  btod.o(CL$$btod_ediv)
    _btod_emul                               0x0800150f   Thumb Code    42  btod.o(CL$$btod_emul)
    __btod_mult_common                       0x08001539   Thumb Code   580  btod.o(CL$$btod_mult_common)
    ADS1115Config_A                          0x0800177d   Thumb Code    62  bsp_ads1115.o(i.ADS1115Config_A)
    ADS1115Start_A                           0x080017c1   Thumb Code    48  bsp_ads1115.o(i.ADS1115Start_A)
    ADS1115Stop_A                            0x080017f5   Thumb Code    40  bsp_ads1115.o(i.ADS1115Stop_A)
    ADS1115WriteByte_A                       0x08001821   Thumb Code    88  bsp_ads1115.o(i.ADS1115WriteByte_A)
    ADS1115_ReadByte_A                       0x0800187d   Thumb Code   106  bsp_ads1115.o(i.ADS1115_ReadByte_A)
    BSP_INIT                                 0x080018f7   Thumb Code    64  main.o(i.BSP_INIT)
    Back_To_Start_Demo                       0x08001937   Thumb Code   108  tk_fsm.o(i.Back_To_Start_Demo)
    BusFault_Handler                         0x080019a3   Thumb Code     2  stm32f4xx_it.o(i.BusFault_Handler)
    Calculate_SpeedList                      0x080019a5   Thumb Code   214  md_s_curve.o(i.Calculate_SpeedList)
    DebugMon_Handler                         0x08001a95   Thumb Code     2  stm32f4xx_it.o(i.DebugMon_Handler)
    FSM                                      0x08001a99   Thumb Code   352  tk_fsm.o(i.FSM)
    GPIO_Init                                0x08001c0d   Thumb Code   124  stm32f4xx_gpio.o(i.GPIO_Init)
    GPIO_PinAFConfig                         0x08001c89   Thumb Code    32  stm32f4xx_gpio.o(i.GPIO_PinAFConfig)
    GPIO_ResetBits                           0x08001ca9   Thumb Code     4  stm32f4xx_gpio.o(i.GPIO_ResetBits)
    GPIO_SetBits                             0x08001cad   Thumb Code     4  stm32f4xx_gpio.o(i.GPIO_SetBits)
    HardFault_Handler                        0x08001cb1   Thumb Code     2  stm32f4xx_it.o(i.HardFault_Handler)
    Hight_Control                            0x08001cb5   Thumb Code   282  tk_fsm.o(i.Hight_Control)
    I2C_CheckEvent                           0x08001df1   Thumb Code    24  stm32f4xx_i2c.o(i.I2C_CheckEvent)
    I2C_Cmd                                  0x08001e09   Thumb Code    24  stm32f4xx_i2c.o(i.I2C_Cmd)
    I2C_DeInit                               0x08001e21   Thumb Code    88  stm32f4xx_i2c.o(i.I2C_DeInit)
    I2C_GenerateSTART                        0x08001e85   Thumb Code    24  stm32f4xx_i2c.o(i.I2C_GenerateSTART)
    I2C_GenerateSTOP                         0x08001e9d   Thumb Code    24  stm32f4xx_i2c.o(i.I2C_GenerateSTOP)
    I2C_GetFlagStatus                        0x08001eb5   Thumb Code    50  stm32f4xx_i2c.o(i.I2C_GetFlagStatus)
    I2C_Init                                 0x08001ee9   Thumb Code   178  stm32f4xx_i2c.o(i.I2C_Init)
    I2C_Send7bitAddress                      0x08001fa5   Thumb Code    18  stm32f4xx_i2c.o(i.I2C_Send7bitAddress)
    I2C_SendData                             0x08001fb7   Thumb Code     4  stm32f4xx_i2c.o(i.I2C_SendData)
    I2C_WriteByte                            0x08001fbd   Thumb Code   128  bsp_oled.o(i.I2C_WriteByte)
    Information                              0x08002049   Thumb Code   298  tk_information.o(i.Information)
    MemManage_Handler                        0x080021c5   Thumb Code     2  stm32f4xx_it.o(i.MemManage_Handler)
    NMI_Handler                              0x080021c7   Thumb Code     2  stm32f4xx_it.o(i.NMI_Handler)
    NVIC_Init                                0x080021c9   Thumb Code    98  misc.o(i.NVIC_Init)
    NVIC_PriorityGroupConfig                 0x08002231   Thumb Code    10  misc.o(i.NVIC_PriorityGroupConfig)
    OLED_Clear                               0x08002245   Thumb Code    52  bsp_oled.o(i.OLED_Clear)
    OLED_Send_Cmd                            0x08002279   Thumb Code     8  bsp_oled.o(i.OLED_Send_Cmd)
    OLED_Send_Data                           0x08002281   Thumb Code     8  bsp_oled.o(i.OLED_Send_Data)
    OLED_SetPos                              0x08002289   Thumb Code    38  bsp_oled.o(i.OLED_SetPos)
    OLED_ShowChar                            0x080022b1   Thumb Code   220  bsp_oled.o(i.OLED_ShowChar)
    OLED_ShowGB_Char                         0x080023a1   Thumb Code   212  bsp_oled.o(i.OLED_ShowGB_Char)
    OLED_ShowGB_String                       0x08002485   Thumb Code    46  bsp_oled.o(i.OLED_ShowGB_String)
    OLED_ShowString                          0x080024b3   Thumb Code    46  bsp_oled.o(i.OLED_ShowString)
    RCC_AHB1PeriphClockCmd                   0x080024e1   Thumb Code    22  stm32f4xx_rcc.o(i.RCC_AHB1PeriphClockCmd)
    RCC_APB1PeriphClockCmd                   0x080024fd   Thumb Code    22  stm32f4xx_rcc.o(i.RCC_APB1PeriphClockCmd)
    RCC_APB1PeriphResetCmd                   0x08002519   Thumb Code    22  stm32f4xx_rcc.o(i.RCC_APB1PeriphResetCmd)
    RCC_APB2PeriphClockCmd                   0x08002535   Thumb Code    22  stm32f4xx_rcc.o(i.RCC_APB2PeriphClockCmd)
    RCC_GetClocksFreq                        0x08002551   Thumb Code   148  stm32f4xx_rcc.o(i.RCC_GetClocksFreq)
    R_PWM_S_Output                           0x080025f1   Thumb Code    38  md_s_curve.o(i.R_PWM_S_Output)
    ReadAD_A                                 0x08002621   Thumb Code    64  bsp_ads1115.o(i.ReadAD_A)
    Record_Position                          0x08002665   Thumb Code   202  tk_fsm.o(i.Record_Position)
    RobotStateInit                           0x08002745   Thumb Code    14  tk_fsm.o(i.RobotStateInit)
    Send_Vel                                 0x08002759   Thumb Code   114  tk_fsm.o(i.Send_Vel)
    Show                                     0x08002885   Thumb Code   128  tk_show.o(i.Show)
    SysTick_CLKSourceConfig                  0x08002911   Thumb Code    28  misc.o(i.SysTick_CLKSourceConfig)
    SysTick_Handler                          0x0800292d   Thumb Code    28  delay.o(i.SysTick_Handler)
    SystemInit                               0x0800294d   Thumb Code    74  system_stm32f4xx.o(i.SystemInit)
    TIM1_CC_IRQHandler                       0x08002a75   Thumb Code   348  bsp_air.o(i.TIM1_CC_IRQHandler)
    TIM2_Config                              0x08002be1   Thumb Code    82  md_s_curve.o(i.TIM2_Config)
    TIM2_IRQHandler                          0x08002c35   Thumb Code    88  md_s_curve.o(i.TIM2_IRQHandler)
    TIM3_IRQHandler                          0x08002c95   Thumb Code   386  md_s_curve.o(i.TIM3_IRQHandler)
    TIM4_IRQHandler                          0x08002e25   Thumb Code   370  bsp_air.o(i.TIM4_IRQHandler)
    TIM5_IRQHandler                          0x08002fad   Thumb Code   116  md_s_curve.o(i.TIM5_IRQHandler)
    TIM_ARRPreloadConfig                     0x08003031   Thumb Code    24  stm32f4xx_tim.o(i.TIM_ARRPreloadConfig)
    TIM_ClearITPendingBit                    0x08003049   Thumb Code     6  stm32f4xx_tim.o(i.TIM_ClearITPendingBit)
    TIM_Cmd                                  0x0800304f   Thumb Code    24  stm32f4xx_tim.o(i.TIM_Cmd)
    TIM_GetCapture1                          0x08003067   Thumb Code     4  stm32f4xx_tim.o(i.TIM_GetCapture1)
    TIM_GetCapture2                          0x0800306b   Thumb Code     4  stm32f4xx_tim.o(i.TIM_GetCapture2)
    TIM_GetCapture3                          0x0800306f   Thumb Code     4  stm32f4xx_tim.o(i.TIM_GetCapture3)
    TIM_GetCapture4                          0x08003073   Thumb Code     4  stm32f4xx_tim.o(i.TIM_GetCapture4)
    TIM_GetITStatus                          0x08003077   Thumb Code    24  stm32f4xx_tim.o(i.TIM_GetITStatus)
    TIM_ICInit                               0x0800308f   Thumb Code    98  stm32f4xx_tim.o(i.TIM_ICInit)
    TIM_ITConfig                             0x080030f1   Thumb Code    20  stm32f4xx_tim.o(i.TIM_ITConfig)
    TIM_OC1Init                              0x08003105   Thumb Code    96  stm32f4xx_tim.o(i.TIM_OC1Init)
    TIM_OC1PreloadConfig                     0x0800316d   Thumb Code    12  stm32f4xx_tim.o(i.TIM_OC1PreloadConfig)
    TIM_OC2Init                              0x08003179   Thumb Code   128  stm32f4xx_tim.o(i.TIM_OC2Init)
    TIM_OC2PreloadConfig                     0x08003201   Thumb Code    20  stm32f4xx_tim.o(i.TIM_OC2PreloadConfig)
    TIM_SetCompare1                          0x08003215   Thumb Code     4  stm32f4xx_tim.o(i.TIM_SetCompare1)
    TIM_SetCompare2                          0x08003219   Thumb Code     4  stm32f4xx_tim.o(i.TIM_SetCompare2)
    TIM_SetIC1Prescaler                      0x0800321d   Thumb Code    16  stm32f4xx_tim.o(i.TIM_SetIC1Prescaler)
    TIM_SetIC2Prescaler                      0x0800322d   Thumb Code    24  stm32f4xx_tim.o(i.TIM_SetIC2Prescaler)
    TIM_SetIC3Prescaler                      0x08003245   Thumb Code    16  stm32f4xx_tim.o(i.TIM_SetIC3Prescaler)
    TIM_SetIC4Prescaler                      0x08003255   Thumb Code    24  stm32f4xx_tim.o(i.TIM_SetIC4Prescaler)
    TIM_TimeBaseInit                         0x0800326d   Thumb Code    96  stm32f4xx_tim.o(i.TIM_TimeBaseInit)
    USART1_IRQHandler                        0x080032e9   Thumb Code    44  usart.o(i.USART1_IRQHandler)
    USART6_IRQHandler                        0x0800331d   Thumb Code    30  usart.o(i.USART6_IRQHandler)
    USART_ClearITPendingBit                  0x08003345   Thumb Code    16  stm32f4xx_usart.o(i.USART_ClearITPendingBit)
    USART_Cmd                                0x08003355   Thumb Code    24  stm32f4xx_usart.o(i.USART_Cmd)
    USART_GetITStatus                        0x0800336d   Thumb Code    64  stm32f4xx_usart.o(i.USART_GetITStatus)
    USART_ITConfig                           0x080033ad   Thumb Code    54  stm32f4xx_usart.o(i.USART_ITConfig)
    USART_Init                               0x080033e5   Thumb Code   180  stm32f4xx_usart.o(i.USART_Init)
    USART_ReceiveData                        0x080034a1   Thumb Code     8  stm32f4xx_usart.o(i.USART_ReceiveData)
    UsageFault_Handler                       0x080034a9   Thumb Code     2  stm32f4xx_it.o(i.UsageFault_Handler)
    Velocity_Filter                          0x080034ad   Thumb Code    80  tk_fsm.o(i.Velocity_Filter)
    XY_Action                                0x08003501   Thumb Code   112  tk_fsm.o(i.XY_Action)
    X_PWM_S_Output                           0x08003575   Thumb Code   104  md_s_curve.o(i.X_PWM_S_Output)
    Y_PWM_S_Output                           0x080035ed   Thumb Code   104  md_s_curve.o(i.Y_PWM_S_Output)
    Z_Action                                 0x08003665   Thumb Code   232  tk_fsm.o(i.Z_Action)
    Z_PWM_S_Output                           0x08003759   Thumb Code    38  md_s_curve.o(i.Z_PWM_S_Output)
    Z_TIM5_Config                            0x08003789   Thumb Code    80  md_s_curve.o(i.Z_TIM5_Config)
    __ARM_fpclassify                         0x080037dd   Thumb Code    48  fpclassify.o(i.__ARM_fpclassify)
    __hardfp_exp                             0x08003811   Thumb Code   714  exp.o(i.__hardfp_exp)
    __kernel_poly                            0x08003b69   Thumb Code   248  poly.o(i.__kernel_poly)
    __mathlib_dbl_infnan                     0x08003c61   Thumb Code    20  dunder.o(i.__mathlib_dbl_infnan)
    __mathlib_dbl_overflow                   0x08003c79   Thumb Code    24  dunder.o(i.__mathlib_dbl_overflow)
    __mathlib_dbl_underflow                  0x08003c99   Thumb Code    24  dunder.o(i.__mathlib_dbl_underflow)
    _is_digit                                0x08003cb9   Thumb Code    14  __printf_wp.o(i._is_digit)
    _sys_exit                                0x08003cc7   Thumb Code     2  usart.o(i._sys_exit)
    bsp_ADS1115_Init                         0x08003cc9   Thumb Code    56  bsp_ads1115.o(i.bsp_ADS1115_Init)
    bsp_ALL_GPIO_Init                        0x08003d09   Thumb Code   268  md_s_curve.o(i.bsp_ALL_GPIO_Init)
    bsp_Air_Init                             0x08003e1d   Thumb Code   624  bsp_air.o(i.bsp_Air_Init)
    bsp_I2C_OLED_Init                        0x080040a1   Thumb Code   136  bsp_oled.o(i.bsp_I2C_OLED_Init)
    bsp_OLED_Init                            0x08004135   Thumb Code   192  bsp_oled.o(i.bsp_OLED_Init)
    bsp_XY_TIM3_Config                       0x080041f5   Thumb Code   122  md_s_curve.o(i.bsp_XY_TIM3_Config)
    delay_init                               0x0800427d   Thumb Code    48  delay.o(i.delay_init)
    delay_ms                                 0x080042b1   Thumb Code    52  delay.o(i.delay_ms)
    delay_nms                                0x080042e9   Thumb Code    26  bsp_ads1115.o(i.delay_nms)
    delay_us                                 0x08004305   Thumb Code    50  delay.o(i.delay_us)
    fputc                                    0x0800433d   Thumb Code    14  usart.o(i.fputc)
    getad                                    0x08004351   Thumb Code    20  bsp_ads1115.o(i.getad)
    lvbo                                     0x08004365   Thumb Code    60  bsp_ads1115.o(i.lvbo)
    main                                     0x080043a1   Thumb Code    36  main.o(i.main)
    pvPortMalloc                             0x08004d91   Thumb Code   206  heap_4.o(i.pvPortMalloc)
    pvTaskIncrementMutexHeldCount            0x08004ea5   Thumb Code    20  tasks.o(i.pvTaskIncrementMutexHeldCount)
    pxPortInitialiseStack                    0x08004ebd   Thumb Code    30  port.o(i.pxPortInitialiseStack)
    r_init                                   0x08004ee1   Thumb Code    18  md_s_curve.o(i.r_init)
    startTask                                0x08004ef9   Thumb Code    90  main.o(i.startTask)
    usart1_init                              0x08004f7d   Thumb Code   164  usart.o(i.usart1_init)
    uxListRemove                             0x08005029   Thumb Code    36  list.o(i.uxListRemove)
    vListInitialise                          0x0800504d   Thumb Code    22  list.o(i.vListInitialise)
    vListInitialiseItem                      0x08005063   Thumb Code     6  list.o(i.vListInitialiseItem)
    vListInsert                              0x08005069   Thumb Code    48  list.o(i.vListInsert)
    vListInsertEnd                           0x08005099   Thumb Code    24  list.o(i.vListInsertEnd)
    vPortEnterCritical                       0x080050b1   Thumb Code    50  port.o(i.vPortEnterCritical)
    vPortExitCritical                        0x08005131   Thumb Code    38  port.o(i.vPortExitCritical)
    vPortFree                                0x080051a1   Thumb Code    94  heap_4.o(i.vPortFree)
    vPortSetupTimerInterrupt                 0x08005245   Thumb Code    26  port.o(i.vPortSetupTimerInterrupt)
    vPortValidateInterruptPriority           0x08005265   Thumb Code    70  port.o(i.vPortValidateInterruptPriority)
    vQueueAddToRegistry                      0x080052f9   Thumb Code    32  queue.o(i.vQueueAddToRegistry)
    vQueueWaitForMessageRestricted           0x0800531d   Thumb Code    70  queue.o(i.vQueueWaitForMessageRestricted)
    vTaskDelay                               0x08005365   Thumb Code    66  tasks.o(i.vTaskDelay)
    vTaskDelete                              0x080053dd   Thumb Code   152  tasks.o(i.vTaskDelete)
    vTaskMissedYield                         0x080054b1   Thumb Code     8  tasks.o(i.vTaskMissedYield)
    vTaskPlaceOnEventList                    0x080054bd   Thumb Code    46  tasks.o(i.vTaskPlaceOnEventList)
    vTaskPlaceOnEventListRestricted          0x0800551d   Thumb Code    54  tasks.o(i.vTaskPlaceOnEventListRestricted)
    vTaskPriorityInherit                     0x08005585   Thumb Code   126  tasks.o(i.vTaskPriorityInherit)
    vTaskResume                              0x0800560d   Thumb Code   114  tasks.o(i.vTaskResume)
    vTaskSetTimeOutState                     0x080056b9   Thumb Code    32  tasks.o(i.vTaskSetTimeOutState)
    vTaskStartScheduler                      0x08005709   Thumb Code    96  tasks.o(i.vTaskStartScheduler)
    vTaskSuspend                             0x080057a5   Thumb Code   154  tasks.o(i.vTaskSuspend)
    vTaskSuspendAll                          0x0800587d   Thumb Code    10  tasks.o(i.vTaskSuspendAll)
    vTaskSwitchContext                       0x0800588d   Thumb Code    84  tasks.o(i.vTaskSwitchContext)
    xPortStartScheduler                      0x08005915   Thumb Code   192  port.o(i.xPortStartScheduler)
    xPortSysTickHandler                      0x08005a2d   Thumb Code    38  port.o(i.xPortSysTickHandler)
    xQueueGenericCreate                      0x08005a59   Thumb Code    64  queue.o(i.xQueueGenericCreate)
    xQueueGenericReceive                     0x08005ac5   Thumb Code   374  queue.o(i.xQueueGenericReceive)
    xQueueGenericReset                       0x08005c6d   Thumb Code   130  queue.o(i.xQueueGenericReset)
    xQueueGenericSend                        0x08005d21   Thumb Code   358  queue.o(i.xQueueGenericSend)
    xQueueGenericSendFromISR                 0x08005eb9   Thumb Code   200  queue.o(i.xQueueGenericSendFromISR)
    xTaskCheckForTimeOut                     0x08005fad   Thumb Code   104  tasks.o(i.xTaskCheckForTimeOut)
    xTaskCreate                              0x08006045   Thumb Code    96  tasks.o(i.xTaskCreate)
    xTaskGetSchedulerState                   0x080060a5   Thumb Code    24  tasks.o(i.xTaskGetSchedulerState)
    xTaskGetTickCount                        0x080060c1   Thumb Code     6  tasks.o(i.xTaskGetTickCount)
    xTaskIncrementTick                       0x080060cd   Thumb Code   192  tasks.o(i.xTaskIncrementTick)
    xTaskPriorityDisinherit                  0x080061c1   Thumb Code   136  tasks.o(i.xTaskPriorityDisinherit)
    xTaskRemoveFromEventList                 0x0800627d   Thumb Code   108  tasks.o(i.xTaskRemoveFromEventList)
    xTaskResumeAll                           0x08006321   Thumb Code   184  tasks.o(i.xTaskResumeAll)
    xTimerCreateTimerTask                    0x08006415   Thumb Code    58  timers.o(i.xTimerCreateTimerTask)
    xTimerGenericCommand                     0x0800648d   Thumb Code   112  timers.o(i.xTimerGenericCommand)
    z_init                                   0x0800652d   Thumb Code    18  md_s_curve.o(i.z_init)
    _get_lc_numeric                          0x08006545   Thumb Code    44  lc_numeric_c.o(locale$$code)
    __aeabi_d2f                              0x08006571   Thumb Code     0  d2f.o(x$fpl$d2f)
    _d2f                                     0x08006571   Thumb Code    98  d2f.o(x$fpl$d2f)
    __aeabi_dadd                             0x080065d5   Thumb Code     0  daddsub_clz.o(x$fpl$dadd)
    _dadd                                    0x080065d5   Thumb Code   332  daddsub_clz.o(x$fpl$dadd)
    __fpl_dcmp_Inf                           0x08006725   Thumb Code    24  dcmpi.o(x$fpl$dcmpinf)
    __aeabi_ddiv                             0x0800673d   Thumb Code     0  ddiv.o(x$fpl$ddiv)
    _ddiv                                    0x0800673d   Thumb Code   552  ddiv.o(x$fpl$ddiv)
    __aeabi_d2iz                             0x080069ed   Thumb Code     0  dfix.o(x$fpl$dfix)
    _dfix                                    0x080069ed   Thumb Code    94  dfix.o(x$fpl$dfix)
    __aeabi_i2d                              0x08006a4b   Thumb Code     0  dflt_clz.o(x$fpl$dflt)
    _dflt                                    0x08006a4b   Thumb Code    46  dflt_clz.o(x$fpl$dflt)
    __aeabi_ui2d                             0x08006a79   Thumb Code     0  dflt_clz.o(x$fpl$dfltu)
    _dfltu                                   0x08006a79   Thumb Code    38  dflt_clz.o(x$fpl$dfltu)
    __aeabi_cdcmple                          0x08006aa1   Thumb Code     0  dleqf.o(x$fpl$dleqf)
    _dcmple                                  0x08006aa1   Thumb Code   120  dleqf.o(x$fpl$dleqf)
    __fpl_dcmple_InfNaN                      0x08006b03   Thumb Code     0  dleqf.o(x$fpl$dleqf)
    __aeabi_dmul                             0x08006b19   Thumb Code     0  dmul.o(x$fpl$dmul)
    _dmul                                    0x08006b19   Thumb Code   332  dmul.o(x$fpl$dmul)
    __fpl_dnaninf                            0x08006c6d   Thumb Code   156  dnaninf.o(x$fpl$dnaninf)
    __fpl_dretinf                            0x08006d09   Thumb Code    12  dretinf.o(x$fpl$dretinf)
    __aeabi_cdrcmple                         0x08006d15   Thumb Code     0  drleqf.o(x$fpl$drleqf)
    _drcmple                                 0x08006d15   Thumb Code   108  drleqf.o(x$fpl$drleqf)
    __aeabi_drsub                            0x08006d81   Thumb Code     0  daddsub_clz.o(x$fpl$drsb)
    _drsb                                    0x08006d81   Thumb Code    22  daddsub_clz.o(x$fpl$drsb)
    __aeabi_dsub                             0x08006d99   Thumb Code     0  daddsub_clz.o(x$fpl$dsub)
    _dsub                                    0x08006d99   Thumb Code   464  daddsub_clz.o(x$fpl$dsub)
    __aeabi_f2d                              0x08006f6d   Thumb Code     0  f2d.o(x$fpl$f2d)
    _f2d                                     0x08006f6d   Thumb Code    86  f2d.o(x$fpl$f2d)
    __fpl_fnaninf                            0x08006fc3   Thumb Code   140  fnaninf.o(x$fpl$fnaninf)
    _fp_init                                 0x0800704f   Thumb Code    10  fpinit.o(x$fpl$fpinit)
    __fplib_config_fpu_vfp                   0x08007057   Thumb Code     0  fpinit.o(x$fpl$fpinit)
    __fplib_config_pureend_doubles           0x08007057   Thumb Code     0  fpinit.o(x$fpl$fpinit)
    __fpl_fretinf                            0x08007059   Thumb Code    10  fretinf.o(x$fpl$fretinf)
    _printf_fp_dec                           0x08007063   Thumb Code     4  printf1.o(x$fpl$printf1)
    GB_1616                                  0x08007066   Data        1330  bsp_oled.o(.constdata)
    __I$use$fp                               0x08007066   Number         0  usenofp.o(x$fpl$usenofp)
    GB_1212                                  0x08007598   Data        1026  bsp_oled.o(.constdata)
    ASCII_6_12                               0x0800799a   Data        1140  bsp_oled.o(.constdata)
    ASCII_8_16                               0x08007e0e   Data        1520  bsp_oled.o(.constdata)
    ASCII_12_24                              0x080083fe   Data        3420  bsp_oled.o(.constdata)
    Region$$Table$$Base                      0x0800924c   Number         0  anon$$obj.o(Region$$Table)
    Region$$Table$$Limit                     0x0800926c   Number         0  anon$$obj.o(Region$$Table)
    SystemCoreClock                          0x20000000   Data           4  system_stm32f4xx.o(.data)
    AHBPrescTable                            0x20000004   Data          16  system_stm32f4xx.o(.data)
    startTaskHandle                          0x20000014   Data           4  main.o(.data)
    Show_Handle                              0x20000018   Data           4  main.o(.data)
    Information_Handle                       0x2000001c   Data           4  main.o(.data)
    VFlag                                    0x20000028   Data           1  usart.o(.data)
    Readout                                  0x2000002a   Data           2  usart.o(.data)
    receiveBuff                              0x2000002c   Data           4  usart.o(.data)
    data                                     0x20000034   Data           4  usart.o(.data)
    __stdout                                 0x20000038   Data           4  usart.o(.data)
    pxCurrentTCB                             0x2000004c   Data           4  tasks.o(.data)
    X_TIM3_Motion_Status                     0x200000e0   Data           1  md_s_curve.o(.data)
    Pluse_High_z                             0x200000e2   Data           2  md_s_curve.o(.data)
    temp_z                                   0x200000e4   Data           2  md_s_curve.o(.data)
    Pluse_High_r                             0x200000e6   Data           2  md_s_curve.o(.data)
    temp_r                                   0x200000e8   Data           2  md_s_curve.o(.data)
    X_Toggle_Pulse                           0x200000ea   Data           2  md_s_curve.o(.data)
    X_Part_Count                             0x200000ec   Data           4  md_s_curve.o(.data)
    Y_Part_Count                             0x200000f0   Data           4  md_s_curve.o(.data)
    X_Total_Count                            0x200000f4   Data           4  md_s_curve.o(.data)
    Y_Total_Count                            0x200000f8   Data           4  md_s_curve.o(.data)
    X_TIM3_Step_Position                     0x200000fc   Data           4  md_s_curve.o(.data)
    z_count                                  0x20000100   Data           4  md_s_curve.o(.data)
    X_TIM3_CosTTNum                          0x20000104   Data           4  md_s_curve.o(.data)
    TimeCount_z                              0x20000108   Data           4  md_s_curve.o(.data)
    TimeCount_r                              0x2000010c   Data           4  md_s_curve.o(.data)
    pulse_rec_num                            0x20000114   Data           4  md_s_curve.o(.data)
    X_Fre_List                               0x20000118   Data           4  md_s_curve.o(.data)
    Record_time                              0x2000011c   Data           1  tk_fsm.o(.data)
    RECORD_PTR                               0x20000120   Data           4  tk_fsm.o(.data)
    Initial_Height                           0x20000124   Data           4  tk_fsm.o(.data)
    task                                     0x20000128   Data           4  tk_fsm.o(.data)
    total_time                               0x2000012c   Data           4  tk_fsm.o(.data)
    record_points                            0x20000130   Data         528  tk_fsm.o(.data)
    t1                                       0x20000340   Data           4  tk_information.o(.data)
    xQueueRegistry                           0x20000344   Data          64  queue.o(.bss)
    Device                                   0x20005690   Data          16  bsp_air.o(.bss)
    X_Speed                                  0x200056a0   Data          16  md_s_curve.o(.bss)
    RobotState                               0x200056b0   Data          16  tk_fsm.o(.bss)
    MotorState                               0x200056c0   Data          16  tk_fsm.o(.bss)
    __libspace_start                         0x200056d0   Data          96  libspace.o(.bss)
    __temporary_stack_top$libspace           0x20005730   Data           0  libspace.o(.bss)



==============================================================================

Memory Map of the image

  Image Entry point : 0x08000189

  Load Region LR_IROM1 (Base: 0x08000000, Size: 0x000095cc, Max: 0x00100000, ABSOLUTE, COMPRESSED[0x000092ec])

    Execution Region ER_IROM1 (Exec base: 0x08000000, Load base: 0x08000000, Size: 0x00009288, Max: 0x00100000, ABSOLUTE)

    Exec Addr    Load Addr    Size         Type   Attr      Idx    E Section Name        Object

    0x08000000   0x08000000   0x00000188   Data   RO          355    RESET               startup_stm32f40_41xxx.o
    0x08000188   0x08000188   0x00000008   Code   RO         5450  * !!!main             c_w.l(__main.o)
    0x08000190   0x08000190   0x00000034   Code   RO         5756    !!!scatter          c_w.l(__scatter.o)
    0x080001c4   0x080001c4   0x0000005a   Code   RO         5754    !!dczerorl2         c_w.l(__dczerorl2.o)
    0x0800021e   0x0800021e   0x00000002   PAD
    0x08000220   0x08000220   0x0000001c   Code   RO         5758    !!handler_zi        c_w.l(__scatter_zi.o)
    0x0800023c   0x0800023c   0x00000000   Code   RO         5437    .ARM.Collect$$_printf_percent$$00000000  c_w.l(_printf_percent.o)
    0x0800023c   0x0800023c   0x00000006   Code   RO         5436    .ARM.Collect$$_printf_percent$$00000003  c_w.l(_printf_f.o)
    0x08000242   0x08000242   0x00000006   Code   RO         5434    .ARM.Collect$$_printf_percent$$00000009  c_w.l(_printf_d.o)
    0x08000248   0x08000248   0x00000006   Code   RO         5433    .ARM.Collect$$_printf_percent$$00000014  c_w.l(_printf_s.o)
    0x0800024e   0x0800024e   0x00000004   Code   RO         5503    .ARM.Collect$$_printf_percent$$00000017  c_w.l(_printf_percent_end.o)
    0x08000252   0x08000252   0x00000002   Code   RO         5629    .ARM.Collect$$libinit$$00000000  c_w.l(libinit.o)
    0x08000254   0x08000254   0x00000004   Code   RO         5630    .ARM.Collect$$libinit$$00000001  c_w.l(libinit2.o)
    0x08000258   0x08000258   0x00000000   Code   RO         5633    .ARM.Collect$$libinit$$00000004  c_w.l(libinit2.o)
    0x08000258   0x08000258   0x00000000   Code   RO         5636    .ARM.Collect$$libinit$$0000000A  c_w.l(libinit2.o)
    0x08000258   0x08000258   0x00000000   Code   RO         5638    .ARM.Collect$$libinit$$0000000C  c_w.l(libinit2.o)
    0x08000258   0x08000258   0x00000000   Code   RO         5640    .ARM.Collect$$libinit$$0000000E  c_w.l(libinit2.o)
    0x08000258   0x08000258   0x00000006   Code   RO         5641    .ARM.Collect$$libinit$$0000000F  c_w.l(libinit2.o)
    0x0800025e   0x0800025e   0x00000000   Code   RO         5643    .ARM.Collect$$libinit$$00000011  c_w.l(libinit2.o)
    0x0800025e   0x0800025e   0x00000000   Code   RO         5645    .ARM.Collect$$libinit$$00000013  c_w.l(libinit2.o)
    0x0800025e   0x0800025e   0x00000000   Code   RO         5647    .ARM.Collect$$libinit$$00000015  c_w.l(libinit2.o)
    0x0800025e   0x0800025e   0x0000000a   Code   RO         5648    .ARM.Collect$$libinit$$00000016  c_w.l(libinit2.o)
    0x08000268   0x08000268   0x00000000   Code   RO         5649    .ARM.Collect$$libinit$$00000017  c_w.l(libinit2.o)
    0x08000268   0x08000268   0x00000000   Code   RO         5651    .ARM.Collect$$libinit$$00000019  c_w.l(libinit2.o)
    0x08000268   0x08000268   0x00000000   Code   RO         5653    .ARM.Collect$$libinit$$0000001B  c_w.l(libinit2.o)
    0x08000268   0x08000268   0x00000000   Code   RO         5655    .ARM.Collect$$libinit$$0000001D  c_w.l(libinit2.o)
    0x08000268   0x08000268   0x00000000   Code   RO         5657    .ARM.Collect$$libinit$$0000001F  c_w.l(libinit2.o)
    0x08000268   0x08000268   0x00000000   Code   RO         5659    .ARM.Collect$$libinit$$00000021  c_w.l(libinit2.o)
    0x08000268   0x08000268   0x00000000   Code   RO         5661    .ARM.Collect$$libinit$$00000023  c_w.l(libinit2.o)
    0x08000268   0x08000268   0x00000000   Code   RO         5663    .ARM.Collect$$libinit$$00000025  c_w.l(libinit2.o)
    0x08000268   0x08000268   0x00000000   Code   RO         5667    .ARM.Collect$$libinit$$0000002C  c_w.l(libinit2.o)
    0x08000268   0x08000268   0x00000000   Code   RO         5669    .ARM.Collect$$libinit$$0000002E  c_w.l(libinit2.o)
    0x08000268   0x08000268   0x00000000   Code   RO         5671    .ARM.Collect$$libinit$$00000030  c_w.l(libinit2.o)
    0x08000268   0x08000268   0x00000000   Code   RO         5673    .ARM.Collect$$libinit$$00000032  c_w.l(libinit2.o)
    0x08000268   0x08000268   0x00000002   Code   RO         5674    .ARM.Collect$$libinit$$00000033  c_w.l(libinit2.o)
    0x0800026a   0x0800026a   0x00000002   Code   RO         5702    .ARM.Collect$$libshutdown$$00000000  c_w.l(libshutdown.o)
    0x0800026c   0x0800026c   0x00000000   Code   RO         5711    .ARM.Collect$$libshutdown$$00000002  c_w.l(libshutdown2.o)
    0x0800026c   0x0800026c   0x00000000   Code   RO         5713    .ARM.Collect$$libshutdown$$00000004  c_w.l(libshutdown2.o)
    0x0800026c   0x0800026c   0x00000000   Code   RO         5715    .ARM.Collect$$libshutdown$$00000006  c_w.l(libshutdown2.o)
    0x0800026c   0x0800026c   0x00000000   Code   RO         5718    .ARM.Collect$$libshutdown$$00000009  c_w.l(libshutdown2.o)
    0x0800026c   0x0800026c   0x00000000   Code   RO         5721    .ARM.Collect$$libshutdown$$0000000C  c_w.l(libshutdown2.o)
    0x0800026c   0x0800026c   0x00000000   Code   RO         5723    .ARM.Collect$$libshutdown$$0000000E  c_w.l(libshutdown2.o)
    0x0800026c   0x0800026c   0x00000000   Code   RO         5726    .ARM.Collect$$libshutdown$$00000011  c_w.l(libshutdown2.o)
    0x0800026c   0x0800026c   0x00000002   Code   RO         5727    .ARM.Collect$$libshutdown$$00000012  c_w.l(libshutdown2.o)
    0x0800026e   0x0800026e   0x00000000   Code   RO         5488    .ARM.Collect$$rtentry$$00000000  c_w.l(__rtentry.o)
    0x0800026e   0x0800026e   0x00000000   Code   RO         5551    .ARM.Collect$$rtentry$$00000002  c_w.l(__rtentry2.o)
    0x0800026e   0x0800026e   0x00000006   Code   RO         5563    .ARM.Collect$$rtentry$$00000004  c_w.l(__rtentry4.o)
    0x08000274   0x08000274   0x00000000   Code   RO         5553    .ARM.Collect$$rtentry$$00000009  c_w.l(__rtentry2.o)
    0x08000274   0x08000274   0x00000004   Code   RO         5554    .ARM.Collect$$rtentry$$0000000A  c_w.l(__rtentry2.o)
    0x08000278   0x08000278   0x00000000   Code   RO         5556    .ARM.Collect$$rtentry$$0000000C  c_w.l(__rtentry2.o)
    0x08000278   0x08000278   0x00000008   Code   RO         5557    .ARM.Collect$$rtentry$$0000000D  c_w.l(__rtentry2.o)
    0x08000280   0x08000280   0x00000002   Code   RO         5675    .ARM.Collect$$rtexit$$00000000  c_w.l(rtexit.o)
    0x08000282   0x08000282   0x00000000   Code   RO         5682    .ARM.Collect$$rtexit$$00000002  c_w.l(rtexit2.o)
    0x08000282   0x08000282   0x00000004   Code   RO         5683    .ARM.Collect$$rtexit$$00000003  c_w.l(rtexit2.o)
    0x08000286   0x08000286   0x00000006   Code   RO         5684    .ARM.Collect$$rtexit$$00000004  c_w.l(rtexit2.o)
    0x0800028c   0x0800028c   0x000000b6   Code   RO         4657    .emb_text           port.o
    0x08000342   0x08000342   0x00000002   PAD
    0x08000344   0x08000344   0x00000040   Code   RO          356    .text               startup_stm32f40_41xxx.o
    0x08000384   0x08000384   0x00000002   Code   RO         5396    .text               c_w.l(use_no_semi_2.o)
    0x08000386   0x08000386   0x00000002   PAD
    0x08000388   0x08000388   0x00000018   Code   RO         5402    .text               c_w.l(noretval__2printf.o)
    0x080003a0   0x080003a0   0x00000028   Code   RO         5404    .text               c_w.l(noretval__2sprintf.o)
    0x080003c8   0x080003c8   0x00000052   Code   RO         5408    .text               c_w.l(_printf_str.o)
    0x0800041a   0x0800041a   0x00000002   PAD
    0x0800041c   0x0800041c   0x00000078   Code   RO         5410    .text               c_w.l(_printf_dec.o)
    0x08000494   0x08000494   0x00000160   Code   RO         5427    .text               c_w.l(__printf_ss_wp.o)
    0x080005f4   0x080005f4   0x0000008a   Code   RO         5442    .text               c_w.l(rt_memcpy_v6.o)
    0x0800067e   0x0800067e   0x00000010   Code   RO         5444    .text               c_w.l(aeabi_memset.o)
    0x0800068e   0x0800068e   0x0000004e   Code   RO         5446    .text               c_w.l(rt_memclr_w.o)
    0x080006dc   0x080006dc   0x00000006   Code   RO         5448    .text               c_w.l(heapauxi.o)
    0x080006e2   0x080006e2   0x00000002   Code   RO         5486    .text               c_w.l(use_no_semi.o)
    0x080006e4   0x080006e4   0x00000016   Code   RO         5489    .text               c_w.l(_rserrno.o)
    0x080006fa   0x080006fa   0x000000b2   Code   RO         5491    .text               c_w.l(_printf_intcommon.o)
    0x080007ac   0x080007ac   0x0000041e   Code   RO         5493    .text               c_w.l(_printf_fp_dec.o)
    0x08000bca   0x08000bca   0x00000002   PAD
    0x08000bcc   0x08000bcc   0x00000030   Code   RO         5495    .text               c_w.l(_printf_char_common.o)
    0x08000bfc   0x08000bfc   0x0000000a   Code   RO         5497    .text               c_w.l(_sputc.o)
    0x08000c06   0x08000c06   0x0000002c   Code   RO         5499    .text               c_w.l(_printf_char.o)
    0x08000c32   0x08000c32   0x00000002   PAD
    0x08000c34   0x08000c34   0x00000024   Code   RO         5501    .text               c_w.l(_printf_char_file.o)
    0x08000c58   0x08000c58   0x00000064   Code   RO         5504    .text               c_w.l(rt_memcpy_w.o)
    0x08000cbc   0x08000cbc   0x00000044   Code   RO         5506    .text               c_w.l(rt_memclr.o)
    0x08000d00   0x08000d00   0x00000008   Code   RO         5568    .text               c_w.l(rt_locale_intlibspace.o)
    0x08000d08   0x08000d08   0x00000008   Code   RO         5573    .text               c_w.l(rt_errno_addr_intlibspace.o)
    0x08000d10   0x08000d10   0x0000008a   Code   RO         5575    .text               c_w.l(lludiv10.o)
    0x08000d9a   0x08000d9a   0x00000002   PAD
    0x08000d9c   0x08000d9c   0x00000080   Code   RO         5577    .text               c_w.l(_printf_fp_infnan.o)
    0x08000e1c   0x08000e1c   0x000000e4   Code   RO         5581    .text               c_w.l(bigflt0.o)
    0x08000f00   0x08000f00   0x00000008   Code   RO         5606    .text               c_w.l(ferror.o)
    0x08000f08   0x08000f08   0x00000008   Code   RO         5615    .text               c_w.l(libspace.o)
    0x08000f10   0x08000f10   0x0000004a   Code   RO         5618    .text               c_w.l(sys_stackheap_outer.o)
    0x08000f5a   0x08000f5a   0x00000012   Code   RO         5620    .text               c_w.l(exit.o)
    0x08000f6c   0x08000f6c   0x00000080   Code   RO         5622    .text               c_w.l(strcmpv7m.o)
    0x08000fec   0x08000fec   0x0000003e   Code   RO         5584    CL$$btod_d2e        c_w.l(btod.o)
    0x0800102a   0x0800102a   0x00000046   Code   RO         5586    CL$$btod_d2e_denorm_low  c_w.l(btod.o)
    0x08001070   0x08001070   0x00000060   Code   RO         5585    CL$$btod_d2e_norm_op1  c_w.l(btod.o)
    0x080010d0   0x080010d0   0x00000338   Code   RO         5594    CL$$btod_div_common  c_w.l(btod.o)
    0x08001408   0x08001408   0x000000dc   Code   RO         5591    CL$$btod_e2e        c_w.l(btod.o)
    0x080014e4   0x080014e4   0x0000002a   Code   RO         5588    CL$$btod_ediv       c_w.l(btod.o)
    0x0800150e   0x0800150e   0x0000002a   Code   RO         5587    CL$$btod_emul       c_w.l(btod.o)
    0x08001538   0x08001538   0x00000244   Code   RO         5593    CL$$btod_mult_common  c_w.l(btod.o)
    0x0800177c   0x0800177c   0x00000044   Code   RO         4793    i.ADS1115Config_A   bsp_ads1115.o
    0x080017c0   0x080017c0   0x00000034   Code   RO         4794    i.ADS1115Start_A    bsp_ads1115.o
    0x080017f4   0x080017f4   0x0000002c   Code   RO         4795    i.ADS1115Stop_A     bsp_ads1115.o
    0x08001820   0x08001820   0x0000005c   Code   RO         4796    i.ADS1115WriteByte_A  bsp_ads1115.o
    0x0800187c   0x0800187c   0x00000070   Code   RO         4797    i.ADS1115_ReadByte_A  bsp_ads1115.o
    0x080018ec   0x080018ec   0x0000000a   Code   RO         4798    i.ADS1115_delay     bsp_ads1115.o
    0x080018f6   0x080018f6   0x00000040   Code   RO          143    i.BSP_INIT          main.o
    0x08001936   0x08001936   0x0000006c   Code   RO         5261    i.Back_To_Start_Demo  tk_fsm.o
    0x080019a2   0x080019a2   0x00000002   Code   RO          298    i.BusFault_Handler  stm32f4xx_it.o
    0x080019a4   0x080019a4   0x000000f0   Code   RO         5155    i.Calculate_SpeedList  md_s_curve.o
    0x08001a94   0x08001a94   0x00000002   Code   RO          299    i.DebugMon_Handler  stm32f4xx_it.o
    0x08001a96   0x08001a96   0x00000002   PAD
    0x08001a98   0x08001a98   0x00000174   Code   RO         5262    i.FSM               tk_fsm.o
    0x08001c0c   0x08001c0c   0x0000007c   Code   RO         2869    i.GPIO_Init         stm32f4xx_gpio.o
    0x08001c88   0x08001c88   0x00000020   Code   RO         2870    i.GPIO_PinAFConfig  stm32f4xx_gpio.o
    0x08001ca8   0x08001ca8   0x00000004   Code   RO         2876    i.GPIO_ResetBits    stm32f4xx_gpio.o
    0x08001cac   0x08001cac   0x00000004   Code   RO         2877    i.GPIO_SetBits      stm32f4xx_gpio.o
    0x08001cb0   0x08001cb0   0x00000002   Code   RO          300    i.HardFault_Handler  stm32f4xx_it.o
    0x08001cb2   0x08001cb2   0x00000002   PAD
    0x08001cb4   0x08001cb4   0x0000013c   Code   RO         5263    i.Hight_Control     tk_fsm.o
    0x08001df0   0x08001df0   0x00000018   Code   RO         2648    i.I2C_CheckEvent    stm32f4xx_i2c.o
    0x08001e08   0x08001e08   0x00000018   Code   RO         2651    i.I2C_Cmd           stm32f4xx_i2c.o
    0x08001e20   0x08001e20   0x00000064   Code   RO         2654    i.I2C_DeInit        stm32f4xx_i2c.o
    0x08001e84   0x08001e84   0x00000018   Code   RO         2659    i.I2C_GenerateSTART  stm32f4xx_i2c.o
    0x08001e9c   0x08001e9c   0x00000018   Code   RO         2660    i.I2C_GenerateSTOP  stm32f4xx_i2c.o
    0x08001eb4   0x08001eb4   0x00000032   Code   RO         2661    i.I2C_GetFlagStatus  stm32f4xx_i2c.o
    0x08001ee6   0x08001ee6   0x00000002   PAD
    0x08001ee8   0x08001ee8   0x000000bc   Code   RO         2666    i.I2C_Init          stm32f4xx_i2c.o
    0x08001fa4   0x08001fa4   0x00000012   Code   RO         2673    i.I2C_Send7bitAddress  stm32f4xx_i2c.o
    0x08001fb6   0x08001fb6   0x00000004   Code   RO         2674    i.I2C_SendData      stm32f4xx_i2c.o
    0x08001fba   0x08001fba   0x00000002   PAD
    0x08001fbc   0x08001fbc   0x0000008c   Code   RO         4911    i.I2C_WriteByte     bsp_oled.o
    0x08002048   0x08002048   0x0000017c   Code   RO         5351    i.Information       tk_information.o
    0x080021c4   0x080021c4   0x00000002   Code   RO          301    i.MemManage_Handler  stm32f4xx_it.o
    0x080021c6   0x080021c6   0x00000002   Code   RO          302    i.NMI_Handler       stm32f4xx_it.o
    0x080021c8   0x080021c8   0x00000068   Code   RO          522    i.NVIC_Init         misc.o
    0x08002230   0x08002230   0x00000014   Code   RO          523    i.NVIC_PriorityGroupConfig  misc.o
    0x08002244   0x08002244   0x00000034   Code   RO         4915    i.OLED_Clear        bsp_oled.o
    0x08002278   0x08002278   0x00000008   Code   RO         4925    i.OLED_Send_Cmd     bsp_oled.o
    0x08002280   0x08002280   0x00000008   Code   RO         4926    i.OLED_Send_Data    bsp_oled.o
    0x08002288   0x08002288   0x00000026   Code   RO         4927    i.OLED_SetPos       bsp_oled.o
    0x080022ae   0x080022ae   0x00000002   PAD
    0x080022b0   0x080022b0   0x000000f0   Code   RO         4930    i.OLED_ShowChar     bsp_oled.o
    0x080023a0   0x080023a0   0x000000e4   Code   RO         4931    i.OLED_ShowGB_Char  bsp_oled.o
    0x08002484   0x08002484   0x0000002e   Code   RO         4932    i.OLED_ShowGB_String  bsp_oled.o
    0x080024b2   0x080024b2   0x0000002e   Code   RO         4935    i.OLED_ShowString   bsp_oled.o
    0x080024e0   0x080024e0   0x0000001c   Code   RO         2138    i.RCC_AHB1PeriphClockCmd  stm32f4xx_rcc.o
    0x080024fc   0x080024fc   0x0000001c   Code   RO         2147    i.RCC_APB1PeriphClockCmd  stm32f4xx_rcc.o
    0x08002518   0x08002518   0x0000001c   Code   RO         2149    i.RCC_APB1PeriphResetCmd  stm32f4xx_rcc.o
    0x08002534   0x08002534   0x0000001c   Code   RO         2150    i.RCC_APB2PeriphClockCmd  stm32f4xx_rcc.o
    0x08002550   0x08002550   0x000000a0   Code   RO         2159    i.RCC_GetClocksFreq  stm32f4xx_rcc.o
    0x080025f0   0x080025f0   0x00000030   Code   RO         5156    i.R_PWM_S_Output    md_s_curve.o
    0x08002620   0x08002620   0x00000044   Code   RO         4799    i.ReadAD_A          bsp_ads1115.o
    0x08002664   0x08002664   0x000000e0   Code   RO         5265    i.Record_Position   tk_fsm.o
    0x08002744   0x08002744   0x00000014   Code   RO         5266    i.RobotStateInit    tk_fsm.o
    0x08002758   0x08002758   0x00000072   Code   RO         5267    i.Send_Vel          tk_fsm.o
    0x080027ca   0x080027ca   0x00000002   PAD
    0x080027cc   0x080027cc   0x000000b8   Code   RO            3    i.SetSysClock       system_stm32f4xx.o
    0x08002884   0x08002884   0x0000008c   Code   RO         5375    i.Show              tk_show.o
    0x08002910   0x08002910   0x0000001c   Code   RO          526    i.SysTick_CLKSourceConfig  misc.o
    0x0800292c   0x0800292c   0x00000020   Code   RO          362    i.SysTick_Handler   delay.o
    0x0800294c   0x0800294c   0x0000005c   Code   RO            5    i.SystemInit        system_stm32f4xx.o
    0x080029a8   0x080029a8   0x0000002e   Code   RO          972    i.TI1_Config        stm32f4xx_tim.o
    0x080029d6   0x080029d6   0x00000036   Code   RO          973    i.TI2_Config        stm32f4xx_tim.o
    0x08002a0c   0x08002a0c   0x00000032   Code   RO          974    i.TI3_Config        stm32f4xx_tim.o
    0x08002a3e   0x08002a3e   0x00000036   Code   RO          975    i.TI4_Config        stm32f4xx_tim.o
    0x08002a74   0x08002a74   0x0000016c   Code   RO         4872    i.TIM1_CC_IRQHandler  bsp_air.o
    0x08002be0   0x08002be0   0x00000052   Code   RO         5157    i.TIM2_Config       md_s_curve.o
    0x08002c32   0x08002c32   0x00000002   PAD
    0x08002c34   0x08002c34   0x00000060   Code   RO         5158    i.TIM2_IRQHandler   md_s_curve.o
    0x08002c94   0x08002c94   0x00000190   Code   RO         5159    i.TIM3_IRQHandler   md_s_curve.o
    0x08002e24   0x08002e24   0x00000188   Code   RO         4873    i.TIM4_IRQHandler   bsp_air.o
    0x08002fac   0x08002fac   0x00000084   Code   RO         5160    i.TIM5_IRQHandler   md_s_curve.o
    0x08003030   0x08003030   0x00000018   Code   RO          976    i.TIM_ARRPreloadConfig  stm32f4xx_tim.o
    0x08003048   0x08003048   0x00000006   Code   RO          983    i.TIM_ClearITPendingBit  stm32f4xx_tim.o
    0x0800304e   0x0800304e   0x00000018   Code   RO          988    i.TIM_Cmd           stm32f4xx_tim.o
    0x08003066   0x08003066   0x00000004   Code   RO         1003    i.TIM_GetCapture1   stm32f4xx_tim.o
    0x0800306a   0x0800306a   0x00000004   Code   RO         1004    i.TIM_GetCapture2   stm32f4xx_tim.o
    0x0800306e   0x0800306e   0x00000004   Code   RO         1005    i.TIM_GetCapture3   stm32f4xx_tim.o
    0x08003072   0x08003072   0x00000004   Code   RO         1006    i.TIM_GetCapture4   stm32f4xx_tim.o
    0x08003076   0x08003076   0x00000018   Code   RO         1009    i.TIM_GetITStatus   stm32f4xx_tim.o
    0x0800308e   0x0800308e   0x00000062   Code   RO         1011    i.TIM_ICInit        stm32f4xx_tim.o
    0x080030f0   0x080030f0   0x00000014   Code   RO         1013    i.TIM_ITConfig      stm32f4xx_tim.o
    0x08003104   0x08003104   0x00000068   Code   RO         1017    i.TIM_OC1Init       stm32f4xx_tim.o
    0x0800316c   0x0800316c   0x0000000c   Code   RO         1020    i.TIM_OC1PreloadConfig  stm32f4xx_tim.o
    0x08003178   0x08003178   0x00000088   Code   RO         1022    i.TIM_OC2Init       stm32f4xx_tim.o
    0x08003200   0x08003200   0x00000014   Code   RO         1025    i.TIM_OC2PreloadConfig  stm32f4xx_tim.o
    0x08003214   0x08003214   0x00000004   Code   RO         1050    i.TIM_SetCompare1   stm32f4xx_tim.o
    0x08003218   0x08003218   0x00000004   Code   RO         1051    i.TIM_SetCompare2   stm32f4xx_tim.o
    0x0800321c   0x0800321c   0x00000010   Code   RO         1055    i.TIM_SetIC1Prescaler  stm32f4xx_tim.o
    0x0800322c   0x0800322c   0x00000018   Code   RO         1056    i.TIM_SetIC2Prescaler  stm32f4xx_tim.o
    0x08003244   0x08003244   0x00000010   Code   RO         1057    i.TIM_SetIC3Prescaler  stm32f4xx_tim.o
    0x08003254   0x08003254   0x00000018   Code   RO         1058    i.TIM_SetIC4Prescaler  stm32f4xx_tim.o
    0x0800326c   0x0800326c   0x0000007c   Code   RO         1060    i.TIM_TimeBaseInit  stm32f4xx_tim.o
    0x080032e8   0x080032e8   0x00000034   Code   RO          449    i.USART1_IRQHandler  usart.o
    0x0800331c   0x0800331c   0x00000028   Code   RO          450    i.USART6_IRQHandler  usart.o
    0x08003344   0x08003344   0x00000010   Code   RO         1597    i.USART_ClearITPendingBit  stm32f4xx_usart.o
    0x08003354   0x08003354   0x00000018   Code   RO         1600    i.USART_Cmd         stm32f4xx_usart.o
    0x0800336c   0x0800336c   0x00000040   Code   RO         1604    i.USART_GetITStatus  stm32f4xx_usart.o
    0x080033ac   0x080033ac   0x00000036   Code   RO         1606    i.USART_ITConfig    stm32f4xx_usart.o
    0x080033e2   0x080033e2   0x00000002   PAD
    0x080033e4   0x080033e4   0x000000bc   Code   RO         1607    i.USART_Init        stm32f4xx_usart.o
    0x080034a0   0x080034a0   0x00000008   Code   RO         1614    i.USART_ReceiveData  stm32f4xx_usart.o
    0x080034a8   0x080034a8   0x00000002   Code   RO          303    i.UsageFault_Handler  stm32f4xx_it.o
    0x080034aa   0x080034aa   0x00000002   PAD
    0x080034ac   0x080034ac   0x00000054   Code   RO         5268    i.Velocity_Filter   tk_fsm.o
    0x08003500   0x08003500   0x00000074   Code   RO         5269    i.XY_Action         tk_fsm.o
    0x08003574   0x08003574   0x00000078   Code   RO         5161    i.X_PWM_S_Output    md_s_curve.o
    0x080035ec   0x080035ec   0x00000078   Code   RO         5162    i.Y_PWM_S_Output    md_s_curve.o
    0x08003664   0x08003664   0x000000f4   Code   RO         5270    i.Z_Action          tk_fsm.o
    0x08003758   0x08003758   0x00000030   Code   RO         5163    i.Z_PWM_S_Output    md_s_curve.o
    0x08003788   0x08003788   0x00000054   Code   RO         5164    i.Z_TIM5_Config     md_s_curve.o
    0x080037dc   0x080037dc   0x00000030   Code   RO         5545    i.__ARM_fpclassify  m_wm.l(fpclassify.o)
    0x0800380c   0x0800380c   0x00000004   PAD
    0x08003810   0x08003810   0x00000358   Code   RO         5472    i.__hardfp_exp      m_wm.l(exp.o)
    0x08003b68   0x08003b68   0x000000f8   Code   RO         5547    i.__kernel_poly     m_wm.l(poly.o)
    0x08003c60   0x08003c60   0x00000014   Code   RO         5532    i.__mathlib_dbl_infnan  m_wm.l(dunder.o)
    0x08003c74   0x08003c74   0x00000004   PAD
    0x08003c78   0x08003c78   0x00000020   Code   RO         5535    i.__mathlib_dbl_overflow  m_wm.l(dunder.o)
    0x08003c98   0x08003c98   0x00000020   Code   RO         5537    i.__mathlib_dbl_underflow  m_wm.l(dunder.o)
    0x08003cb8   0x08003cb8   0x0000000e   Code   RO         5422    i._is_digit         c_w.l(__printf_wp.o)
    0x08003cc6   0x08003cc6   0x00000002   Code   RO          451    i._sys_exit         usart.o
    0x08003cc8   0x08003cc8   0x00000040   Code   RO         4800    i.bsp_ADS1115_Init  bsp_ads1115.o
    0x08003d08   0x08003d08   0x00000114   Code   RO         5165    i.bsp_ALL_GPIO_Init  md_s_curve.o
    0x08003e1c   0x08003e1c   0x00000284   Code   RO         4874    i.bsp_Air_Init      bsp_air.o
    0x080040a0   0x080040a0   0x00000094   Code   RO         4941    i.bsp_I2C_OLED_Init  bsp_oled.o
    0x08004134   0x08004134   0x000000c0   Code   RO         4942    i.bsp_OLED_Init     bsp_oled.o
    0x080041f4   0x080041f4   0x00000088   Code   RO         5166    i.bsp_XY_TIM3_Config  md_s_curve.o
    0x0800427c   0x0800427c   0x00000034   Code   RO          363    i.delay_init        delay.o
    0x080042b0   0x080042b0   0x00000038   Code   RO          364    i.delay_ms          delay.o
    0x080042e8   0x080042e8   0x0000001a   Code   RO         4801    i.delay_nms         bsp_ads1115.o
    0x08004302   0x08004302   0x00000002   PAD
    0x08004304   0x08004304   0x00000038   Code   RO          365    i.delay_us          delay.o
    0x0800433c   0x0800433c   0x00000014   Code   RO          452    i.fputc             usart.o
    0x08004350   0x08004350   0x00000014   Code   RO         4802    i.getad             bsp_ads1115.o
    0x08004364   0x08004364   0x0000003c   Code   RO         4803    i.lvbo              bsp_ads1115.o
    0x080043a0   0x080043a0   0x00000038   Code   RO          144    i.main              main.o
    0x080043d8   0x080043d8   0x00000070   Code   RO         4094    i.prvAddCurrentTaskToDelayedList  tasks.o
    0x08004448   0x08004448   0x0000008c   Code   RO         4095    i.prvAddNewTaskToReadyList  tasks.o
    0x080044d4   0x080044d4   0x00000050   Code   RO         4462    i.prvCheckForValidListAndQueue  timers.o
    0x08004524   0x08004524   0x00000054   Code   RO         4096    i.prvCheckTasksWaitingTermination  tasks.o
    0x08004578   0x08004578   0x00000028   Code   RO         3850    i.prvCopyDataFromQueue  queue.o
    0x080045a0   0x080045a0   0x0000006e   Code   RO         3851    i.prvCopyDataToQueue  queue.o
    0x0800460e   0x0800460e   0x00000014   Code   RO         4097    i.prvDeleteTCB      tasks.o
    0x08004622   0x08004622   0x00000002   PAD
    0x08004624   0x08004624   0x00000024   Code   RO         4463    i.prvGetNextExpireTime  timers.o
    0x08004648   0x08004648   0x0000004c   Code   RO         4600    i.prvHeapInit       heap_4.o
    0x08004694   0x08004694   0x00000028   Code   RO         4098    i.prvIdleTask       tasks.o
    0x080046bc   0x080046bc   0x00000026   Code   RO         3853    i.prvInitialiseNewQueue  queue.o
    0x080046e2   0x080046e2   0x00000002   PAD
    0x080046e4   0x080046e4   0x000000c4   Code   RO         4099    i.prvInitialiseNewTask  tasks.o
    0x080047a8   0x080047a8   0x00000058   Code   RO         4100    i.prvInitialiseTaskLists  tasks.o
    0x08004800   0x08004800   0x00000054   Code   RO         4601    i.prvInsertBlockIntoFreeList  heap_4.o
    0x08004854   0x08004854   0x00000040   Code   RO         4465    i.prvInsertTimerInActiveList  timers.o
    0x08004894   0x08004894   0x0000001a   Code   RO         3854    i.prvIsQueueEmpty   queue.o
    0x080048ae   0x080048ae   0x0000001e   Code   RO         3855    i.prvIsQueueFull    queue.o
    0x080048cc   0x080048cc   0x0000009c   Code   RO         3856    i.prvNotifyQueueSetContainer  queue.o
    0x08004968   0x08004968   0x00000084   Code   RO         4466    i.prvProcessExpiredTimer  timers.o
    0x080049ec   0x080049ec   0x000000f4   Code   RO         4467    i.prvProcessReceivedCommands  timers.o
    0x08004ae0   0x08004ae0   0x0000006c   Code   RO         4468    i.prvProcessTimerOrBlockTask  timers.o
    0x08004b4c   0x08004b4c   0x00000024   Code   RO         4102    i.prvResetNextTaskUnblockTime  tasks.o
    0x08004b70   0x08004b70   0x0000002c   Code   RO         4469    i.prvSampleTimeNow  timers.o
    0x08004b9c   0x08004b9c   0x00000094   Code   RO         4470    i.prvSwitchTimerLists  timers.o
    0x08004c30   0x08004c30   0x0000006c   Code   RO         4658    i.prvTaskExitError  port.o
    0x08004c9c   0x08004c9c   0x00000060   Code   RO         4104    i.prvTaskIsTaskSuspended  tasks.o
    0x08004cfc   0x08004cfc   0x00000014   Code   RO         4471    i.prvTimerTask      timers.o
    0x08004d10   0x08004d10   0x0000007e   Code   RO         3857    i.prvUnlockQueue    queue.o
    0x08004d8e   0x08004d8e   0x00000002   PAD
    0x08004d90   0x08004d90   0x00000114   Code   RO         4602    i.pvPortMalloc      heap_4.o
    0x08004ea4   0x08004ea4   0x00000018   Code   RO         4106    i.pvTaskIncrementMutexHeldCount  tasks.o
    0x08004ebc   0x08004ebc   0x00000024   Code   RO         4659    i.pxPortInitialiseStack  port.o
    0x08004ee0   0x08004ee0   0x00000018   Code   RO         5167    i.r_init            md_s_curve.o
    0x08004ef8   0x08004ef8   0x00000084   Code   RO          145    i.startTask         main.o
    0x08004f7c   0x08004f7c   0x000000ac   Code   RO          453    i.usart1_init       usart.o
    0x08005028   0x08005028   0x00000024   Code   RO         3805    i.uxListRemove      list.o
    0x0800504c   0x0800504c   0x00000016   Code   RO         3806    i.vListInitialise   list.o
    0x08005062   0x08005062   0x00000006   Code   RO         3807    i.vListInitialiseItem  list.o
    0x08005068   0x08005068   0x00000030   Code   RO         3808    i.vListInsert       list.o
    0x08005098   0x08005098   0x00000018   Code   RO         3809    i.vListInsertEnd    list.o
    0x080050b0   0x080050b0   0x00000080   Code   RO         4661    i.vPortEnterCritical  port.o
    0x08005130   0x08005130   0x00000070   Code   RO         4662    i.vPortExitCritical  port.o
    0x080051a0   0x080051a0   0x000000a4   Code   RO         4603    i.vPortFree         heap_4.o
    0x08005244   0x08005244   0x00000020   Code   RO         4663    i.vPortSetupTimerInterrupt  port.o
    0x08005264   0x08005264   0x00000094   Code   RO         4664    i.vPortValidateInterruptPriority  port.o
    0x080052f8   0x080052f8   0x00000024   Code   RO         3863    i.vQueueAddToRegistry  queue.o
    0x0800531c   0x0800531c   0x00000046   Code   RO         3867    i.vQueueWaitForMessageRestricted  queue.o
    0x08005362   0x08005362   0x00000002   PAD
    0x08005364   0x08005364   0x00000078   Code   RO         4114    i.vTaskDelay        tasks.o
    0x080053dc   0x080053dc   0x000000d4   Code   RO         4116    i.vTaskDelete       tasks.o
    0x080054b0   0x080054b0   0x0000000c   Code   RO         4120    i.vTaskMissedYield  tasks.o
    0x080054bc   0x080054bc   0x00000060   Code   RO         4122    i.vTaskPlaceOnEventList  tasks.o
    0x0800551c   0x0800551c   0x00000068   Code   RO         4123    i.vTaskPlaceOnEventListRestricted  tasks.o
    0x08005584   0x08005584   0x00000088   Code   RO         4125    i.vTaskPriorityInherit  tasks.o
    0x0800560c   0x0800560c   0x000000ac   Code   RO         4127    i.vTaskResume       tasks.o
    0x080056b8   0x080056b8   0x00000050   Code   RO         4129    i.vTaskSetTimeOutState  tasks.o
    0x08005708   0x08005708   0x0000009c   Code   RO         4130    i.vTaskStartScheduler  tasks.o
    0x080057a4   0x080057a4   0x000000d8   Code   RO         4131    i.vTaskSuspend      tasks.o
    0x0800587c   0x0800587c   0x00000010   Code   RO         4132    i.vTaskSuspendAll   tasks.o
    0x0800588c   0x0800588c   0x00000088   Code   RO         4133    i.vTaskSwitchContext  tasks.o
    0x08005914   0x08005914   0x00000118   Code   RO         4665    i.xPortStartScheduler  port.o
    0x08005a2c   0x08005a2c   0x0000002c   Code   RO         4666    i.xPortSysTickHandler  port.o
    0x08005a58   0x08005a58   0x0000006c   Code   RO         3872    i.xQueueGenericCreate  queue.o
    0x08005ac4   0x08005ac4   0x000001a8   Code   RO         3873    i.xQueueGenericReceive  queue.o
    0x08005c6c   0x08005c6c   0x000000b4   Code   RO         3874    i.xQueueGenericReset  queue.o
    0x08005d20   0x08005d20   0x00000198   Code   RO         3875    i.xQueueGenericSend  queue.o
    0x08005eb8   0x08005eb8   0x000000f4   Code   RO         3876    i.xQueueGenericSendFromISR  queue.o
    0x08005fac   0x08005fac   0x00000098   Code   RO         4134    i.xTaskCheckForTimeOut  tasks.o
    0x08006044   0x08006044   0x00000060   Code   RO         4135    i.xTaskCreate       tasks.o
    0x080060a4   0x080060a4   0x0000001c   Code   RO         4139    i.xTaskGetSchedulerState  tasks.o
    0x080060c0   0x080060c0   0x0000000c   Code   RO         4140    i.xTaskGetTickCount  tasks.o
    0x080060cc   0x080060cc   0x000000f4   Code   RO         4142    i.xTaskIncrementTick  tasks.o
    0x080061c0   0x080061c0   0x000000bc   Code   RO         4145    i.xTaskPriorityDisinherit  tasks.o
    0x0800627c   0x0800627c   0x000000a4   Code   RO         4146    i.xTaskRemoveFromEventList  tasks.o
    0x08006320   0x08006320   0x000000f4   Code   RO         4148    i.xTaskResumeAll    tasks.o
    0x08006414   0x08006414   0x00000078   Code   RO         4475    i.xTimerCreateTimerTask  timers.o
    0x0800648c   0x0800648c   0x000000a0   Code   RO         4476    i.xTimerGenericCommand  timers.o
    0x0800652c   0x0800652c   0x00000018   Code   RO         5168    i.z_init            md_s_curve.o
    0x08006544   0x08006544   0x0000002c   Code   RO         5611    locale$$code        c_w.l(lc_numeric_c.o)
    0x08006570   0x08006570   0x00000062   Code   RO         5452    x$fpl$d2f           fz_wm.l(d2f.o)
    0x080065d2   0x080065d2   0x00000002   PAD
    0x080065d4   0x080065d4   0x00000150   Code   RO         5508    x$fpl$dadd          fz_wm.l(daddsub_clz.o)
    0x08006724   0x08006724   0x00000018   Code   RO         5514    x$fpl$dcmpinf       fz_wm.l(dcmpi.o)
    0x0800673c   0x0800673c   0x000002b0   Code   RO         5455    x$fpl$ddiv          fz_wm.l(ddiv.o)
    0x080069ec   0x080069ec   0x0000005e   Code   RO         5516    x$fpl$dfix          fz_wm.l(dfix.o)
    0x08006a4a   0x08006a4a   0x0000002e   Code   RO         5459    x$fpl$dflt          fz_wm.l(dflt_clz.o)
    0x08006a78   0x08006a78   0x00000026   Code   RO         5458    x$fpl$dfltu         fz_wm.l(dflt_clz.o)
    0x08006a9e   0x08006a9e   0x00000002   PAD
    0x08006aa0   0x08006aa0   0x00000078   Code   RO         5464    x$fpl$dleqf         fz_wm.l(dleqf.o)
    0x08006b18   0x08006b18   0x00000154   Code   RO         5466    x$fpl$dmul          fz_wm.l(dmul.o)
    0x08006c6c   0x08006c6c   0x0000009c   Code   RO         5520    x$fpl$dnaninf       fz_wm.l(dnaninf.o)
    0x08006d08   0x08006d08   0x0000000c   Code   RO         5522    x$fpl$dretinf       fz_wm.l(dretinf.o)
    0x08006d14   0x08006d14   0x0000006c   Code   RO         5524    x$fpl$drleqf        fz_wm.l(drleqf.o)
    0x08006d80   0x08006d80   0x00000016   Code   RO         5509    x$fpl$drsb          fz_wm.l(daddsub_clz.o)
    0x08006d96   0x08006d96   0x00000002   PAD
    0x08006d98   0x08006d98   0x000001d4   Code   RO         5510    x$fpl$dsub          fz_wm.l(daddsub_clz.o)
    0x08006f6c   0x08006f6c   0x00000056   Code   RO         5468    x$fpl$f2d           fz_wm.l(f2d.o)
    0x08006fc2   0x08006fc2   0x0000008c   Code   RO         5526    x$fpl$fnaninf       fz_wm.l(fnaninf.o)
    0x0800704e   0x0800704e   0x0000000a   Code   RO         5679    x$fpl$fpinit        fz_wm.l(fpinit.o)
    0x08007058   0x08007058   0x0000000a   Code   RO         5528    x$fpl$fretinf       fz_wm.l(fretinf.o)
    0x08007062   0x08007062   0x00000004   Code   RO         5470    x$fpl$printf1       fz_wm.l(printf1.o)
    0x08007066   0x08007066   0x00000000   Code   RO         5530    x$fpl$usenofp       fz_wm.l(usenofp.o)
    0x08007066   0x08007066   0x000020f4   Data   RO         4944    .constdata          bsp_oled.o
    0x0800915a   0x0800915a   0x00000006   PAD
    0x08009160   0x08009160   0x00000058   Data   RO         5475    .constdata          m_wm.l(exp.o)
    0x080091b8   0x080091b8   0x00000094   Data   RO         5582    .constdata          c_w.l(bigflt0.o)
    0x0800924c   0x0800924c   0x00000020   Data   RO         5752    Region$$Table       anon$$obj.o
    0x0800926c   0x0800926c   0x0000001c   Data   RO         5610    locale$$data        c_w.l(lc_numeric_c.o)


    Execution Region RW_IRAM1 (Exec base: 0x20000000, Load base: 0x08009288, Size: 0x00005d30, Max: 0x00020000, ABSOLUTE, COMPRESSED[0x00000064])

    Exec Addr    Load Addr    Size         Type   Attr      Idx    E Section Name        Object

    0x20000000   COMPRESSED   0x00000014   Data   RW            6    .data               system_stm32f4xx.o
    0x20000014   COMPRESSED   0x0000000c   Data   RW          146    .data               main.o
    0x20000020   COMPRESSED   0x00000008   Data   RW          369    .data               delay.o
    0x20000028   COMPRESSED   0x00000010   Data   RW          457    .data               usart.o
    0x20000038   COMPRESSED   0x00000004   Data   RW          459    .data               usart.o
    0x2000003c   COMPRESSED   0x00000010   Data   RW         2191    .data               stm32f4xx_rcc.o
    0x2000004c   COMPRESSED   0x0000003c   Data   RW         4151    .data               tasks.o
    0x20000088   COMPRESSED   0x00000014   Data   RW         4484    .data               timers.o
    0x2000009c   COMPRESSED   0x00000018   Data   RW         4608    .data               heap_4.o
    0x200000b4   COMPRESSED   0x0000000c   Data   RW         4667    .data               port.o
    0x200000c0   COMPRESSED   0x00000020   Data   RW         4876    .data               bsp_air.o
    0x200000e0   COMPRESSED   0x0000003c   Data   RW         5170    .data               md_s_curve.o
    0x2000011c   COMPRESSED   0x00000014   Data   RW         5274    .data               tk_fsm.o
    0x20000130   COMPRESSED   0x00000210   Data   RW         5277    .data               tk_fsm.o
    0x20000340   COMPRESSED   0x00000004   Data   RW         5352    .data               tk_information.o
    0x20000344        -       0x00000040   Zero   RW         3887    .bss                queue.o
    0x20000384        -       0x000002e4   Zero   RW         4150    .bss                tasks.o
    0x20000668        -       0x00000028   Zero   RW         4483    .bss                timers.o
    0x20000690        -       0x00005000   Zero   RW         4607    .bss                heap_4.o
    0x20005690        -       0x00000010   Zero   RW         4875    .bss                bsp_air.o
    0x200056a0        -       0x00000010   Zero   RW         5169    .bss                md_s_curve.o
    0x200056b0        -       0x00000020   Zero   RW         5271    .bss                tk_fsm.o
    0x200056d0        -       0x00000060   Zero   RW         5616    .bss                c_w.l(libspace.o)
    0x20005730        -       0x00000200   Zero   RW          354    HEAP                startup_stm32f40_41xxx.o
    0x20005930        -       0x00000400   Zero   RW          353    STACK               startup_stm32f40_41xxx.o


==============================================================================

Image component sizes


      Code (inc. data)   RO Data    RW Data    ZI Data      Debug   Object Name

       616         36          0          0          0       6470   bsp_ads1115.o
      1400         58          0         32         16       3807   bsp_air.o
      1146         60       8436          0          0       8784   bsp_oled.o
       196         18          0          8          0       2541   delay.o
         0          0          0          0          0      11780   event_groups.o
       600        154          0         24      20480       4151   heap_4.o
       136          0          0          0          0       3230   list.o
       252         62          0         12          0     242097   main.o
      1830        154          0         60         16      11360   md_s_curve.o
       152         16          0          0          0       2149   misc.o
      1070        424          0         12          0      10853   port.o
      1996        288          0          0         64      16617   queue.o
        64         26        392          0       1536        840   startup_stm32f40_41xxx.o
       164          0          0          0          0       2879   stm32f4xx_gpio.o
       456         22          0          0          0       6523   stm32f4xx_i2c.o
        12          0          0          0          0       2617   stm32f4xx_it.o
       272         36          0         16          0       5428   stm32f4xx_rcc.o
       900         44          0          0          0      16904   stm32f4xx_tim.o
       354          8          0          0          0       5220   stm32f4xx_usart.o
       276         34          0         20          0      62137   system_stm32f4xx.o
      3420        954          0         60        740      32252   tasks.o
      1156        306          0         20         40       9103   timers.o
      1598        108          0        548         32       8816   tk_fsm.o
       380         82          0          4          0       1045   tk_information.o
       140         12          0          0          0        587   tk_show.o
       286         32          0         20          0       6155   usart.o

    ----------------------------------------------------------------------
     18902       2934       8866        836      22924     484345   Object Totals
         0          0         32          0          0          0   (incl. Generated)
        30          0          6          0          0          0   (incl. Padding)

    ----------------------------------------------------------------------

      Code (inc. data)   RO Data    RW Data    ZI Data      Debug   Library Member Name

        90          0          0          0          0          0   __dczerorl2.o
         8          0          0          0          0         68   __main.o
       352          0          0          0          0         88   __printf_ss_wp.o
        14          0          0          0          0         68   __printf_wp.o
         0          0          0          0          0          0   __rtentry.o
        12          0          0          0          0          0   __rtentry2.o
         6          0          0          0          0          0   __rtentry4.o
        52          8          0          0          0          0   __scatter.o
        28          0          0          0          0          0   __scatter_zi.o
        44          0          0          0          0        108   _printf_char.o
        48          6          0          0          0         96   _printf_char_common.o
        36          4          0          0          0         80   _printf_char_file.o
         6          0          0          0          0          0   _printf_d.o
       120         16          0          0          0         92   _printf_dec.o
         6          0          0          0          0          0   _printf_f.o
      1054          0          0          0          0        216   _printf_fp_dec.o
       128         16          0          0          0         84   _printf_fp_infnan.o
       178          0          0          0          0         88   _printf_intcommon.o
         0          0          0          0          0          0   _printf_percent.o
         4          0          0          0          0          0   _printf_percent_end.o
         6          0          0          0          0          0   _printf_s.o
        82          0          0          0          0         80   _printf_str.o
        22          0          0          0          0        100   _rserrno.o
        10          0          0          0          0         68   _sputc.o
        16          0          0          0          0         68   aeabi_memset.o
       228          4        148          0          0         96   bigflt0.o
      1936        128          0          0          0        672   btod.o
        18          0          0          0          0         80   exit.o
         8          0          0          0          0         68   ferror.o
         6          0          0          0          0        152   heapauxi.o
        44         10         28          0          0         76   lc_numeric_c.o
         2          0          0          0          0          0   libinit.o
        22          0          0          0          0          0   libinit2.o
         2          0          0          0          0          0   libshutdown.o
         2          0          0          0          0          0   libshutdown2.o
         8          4          0          0         96         68   libspace.o
       138          0          0          0          0         80   lludiv10.o
        24          4          0          0          0         84   noretval__2printf.o
        40          6          0          0          0         84   noretval__2sprintf.o
         8          4          0          0          0         68   rt_errno_addr_intlibspace.o
         8          4          0          0          0         68   rt_locale_intlibspace.o
        68          0          0          0          0         68   rt_memclr.o
        78          0          0          0          0         80   rt_memclr_w.o
       138          0          0          0          0         68   rt_memcpy_v6.o
       100          0          0          0          0         80   rt_memcpy_w.o
         2          0          0          0          0          0   rtexit.o
        10          0          0          0          0          0   rtexit2.o
       128          0          0          0          0         68   strcmpv7m.o
        74          0          0          0          0         80   sys_stackheap_outer.o
         2          0          0          0          0         68   use_no_semi.o
         2          0          0          0          0         68   use_no_semi_2.o
        98          4          0          0          0        140   d2f.o
       826         16          0          0          0        492   daddsub_clz.o
        24          0          0          0          0        116   dcmpi.o
       688        140          0          0          0        256   ddiv.o
        94          4          0          0          0        140   dfix.o
        84          0          0          0          0        232   dflt_clz.o
       120          4          0          0          0        140   dleqf.o
       340         12          0          0          0        152   dmul.o
       156          4          0          0          0        140   dnaninf.o
        12          0          0          0          0        116   dretinf.o
       108          0          0          0          0        128   drleqf.o
        86          4          0          0          0        132   f2d.o
       140          4          0          0          0        132   fnaninf.o
        10          0          0          0          0        116   fpinit.o
        10          0          0          0          0        116   fretinf.o
         4          0          0          0          0        116   printf1.o
         0          0          0          0          0          0   usenofp.o
        84         16          0          0          0        372   dunder.o
       856        142         88          0          0        288   exp.o
        48          0          0          0          0        124   fpclassify.o
       248          0          0          0          0        152   poly.o

    ----------------------------------------------------------------------
      9480        564        264          0         96       7080   Library Totals
        26          0          0          0          0          0   (incl. Padding)

    ----------------------------------------------------------------------

      Code (inc. data)   RO Data    RW Data    ZI Data      Debug   Library Name

      5418        214        176          0         96       3480   c_w.l
      2800        192          0          0          0       2664   fz_wm.l
      1236        158         88          0          0        936   m_wm.l

    ----------------------------------------------------------------------
      9480        564        264          0         96       7080   Library Totals

    ----------------------------------------------------------------------

==============================================================================


      Code (inc. data)   RO Data    RW Data    ZI Data      Debug   

     28382       3498       9130        836      23020     468149   Grand Totals
     28382       3498       9130        100      23020     468149   ELF Image Totals (compressed)
     28382       3498       9130        100          0          0   ROM Totals

==============================================================================

    Total RO  Size (Code + RO Data)                37512 (  36.63kB)
    Total RW  Size (RW Data + ZI Data)             23856 (  23.30kB)
    Total ROM Size (Code + RO Data + RW Data)      37612 (  36.73kB)

==============================================================================

